*** Using Compiler 'V5.06 update 7 (build 960)', folder: 'C:\Keil_v5\ARM\ARMCC\Bin'
Build target 'ender3 v2'
Note: source file '../Banux/02_system_components/event/component_manifest.c' - object file renamed from 'ender3 v2\event_component_manifest.o' to 'ender3 v2\event_component_manifest.o'.Note: source file '../Banux/03_application_components/firmware_upgrade/component_manifest.c' - object file renamed from 'ender3 v2\upgrade_component_manifest.o' to 'ender3 v2\upgrade_component_manifest.o'.compiling gcode.c...
linking...
Program Size: Code=81640 RO-data=14000 RW-data=1204 ZI-data=57548  
FromELF: creating hex file...
After Build - User command #1: fromelf --bin -o "ender3 v2\ender3 v2.bin" "ender3 v2\ender3 v2.axf
After Build - User command #2: keil-build-viewer.exe

=================================================== keil-build-viewer v1.6 ==================================================

[ender3 v2.uvprojx]  [ender3 v2]  [STM32F103RE]  [LTO disable]

------------------------------------------------------------------------------------------------------------------------------------
                                   FILE(s)                                   |         RAM (byte)       |       FLASH (byte)       |
------------------------------------------------------------------------------------------------------------------------------------
../Core/Src/app_bl.c():                                                      |        2152              |        2239              |
../Banux/00_core/Banux.c():                                                  |          16              |         316              |
../Banux/00_core/banux_component.c():                                        |         129              |         485              |
../Banux/00_core/banux_debug.c():                                            |           4              |          64              |
../Banux/02_system_components/file_io/banux_io.c():                          |           0              |         458              |
../Banux/00_core/banux_scheduler.c():                                        |           0              |          14              |
../Banux/02_system_components/event/bg_event.c():                            |         387              |        2231              |
../Banux/02_system_components/command_line/bg_shell.c():                     |        3020              |        4414              |
../Banux/02_system_components/command_line/bg_shell_commands.c():            |        2636              |        9068              |
../Banux/02_system_components/fatfs/target/bsp_driver_sd.c():                |         512              |         410              |
../Banux/02_system_components/fatfs/src/option/ccsbcs.c():                   |           0              |        1308              |
../Banux/02_system_components/command_parser/command_parser.c():             |        1352              |        2013              |
../Banux/02_system_components/fatfs/src/diskio.c():                          |           0              |         160              |
../Banux/01_driver/driver_init.c():                                          |           0              |         473              |
../Banux/02_system_components/driver_framework/core/drv_device.c():          |         104              |        1911              |
../Banux/01_driver/eeprom/drv_eeprom.c():                                    |          60              |        1953              |
../Banux/02_system_components/driver_framework/core/drv_fs.c():              |          44              |         520              |
../Banux/01_driver/hc245/drv_hc245.c():                                      |          68              |        1996              |
../Banux/02_system_components/driver_framework/drv_init.c():                 |           0              |         304              |
../Banux/01_driver/sd/drv_sdio.c():                                          |         616              |        1591              |
../Banux/01_driver/stepper/drv_stepper.c():                                  |         512              |        4845              |
../Banux/01_driver/timer/drv_timer1ms.c():                                   |          56              |         262              |
../Banux/01_driver/uart/drv_uart.c():                                        |         144              |         509              |
../Banux/02_system_components/event/component_manifest.c():                  |           0              |          78              |
../Banux/02_system_components/fatfs/app/fatfs.c():                           |        1130              |         145              |
../Banux/02_system_components/fatfs/src/ff.c():                              |         166              |        8628              |
../Banux/02_system_components/fatfs/src/ff_gen_drv.c():                      |          16              |          70              |
../Banux/01_driver/sd/fs_sd.c():                                             |        1820              |        3242              |
../Banux/03_application_components/gcode/gcode.c():                          |          60              |        6273              |
../Core/Src/gpio.c():                                                        |           0              |         128              |
../Banux/01_driver/internal_flash/internal_flash_diskio.c():                 |        2049              |         873              |
../Banux/02_system_components/internal_flash_fs/internal_flash_fs.c():       |           0              |         350              |
../Core/Src/main.c():                                                        |           0              |         430              |
../Banux/03_application_components/motion_control/motion_control.c():        |           0              |        2778              |
../Banux/02_system_components/fatfs/src/drivers/sd_diskio.c():               |         524              |         792              |
../Core/Src/sdio.c():                                                        |         132              |         192              |
../Banux/02_system_components/command_line/shell_io_uart.c():                |           0              |         242              |
startup_stm32f103xe.s():                                                     |        8704              |         368              |
../Drivers/STM32F1xx_HAL_Driver/Src/stm32f1xx_hal.c():                       |          12              |         176              |
../Drivers/STM32F1xx_HAL_Driver/Src/stm32f1xx_hal_cortex.c():                |           0              |         232              |
../Drivers/STM32F1xx_HAL_Driver/Src/stm32f1xx_hal_dma.c():                   |           0              |        1236              |
../Drivers/STM32F1xx_HAL_Driver/Src/stm32f1xx_hal_flash.c():                 |          32              |         392              |
../Drivers/STM32F1xx_HAL_Driver/Src/stm32f1xx_hal_flash_ex.c():              |           0              |         240              |
../Drivers/STM32F1xx_HAL_Driver/Src/stm32f1xx_hal_gpio.c():                  |           0              |         524              |
../Core/Src/stm32f1xx_hal_msp.c():                                           |           0              |          60              |
../Drivers/STM32F1xx_HAL_Driver/Src/stm32f1xx_hal_rcc.c():                   |           0              |        1258              |
../Drivers/STM32F1xx_HAL_Driver/Src/stm32f1xx_hal_sd.c():                    |           0              |        2148              |
../Drivers/STM32F1xx_HAL_Driver/Src/stm32f1xx_hal_uart.c():                  |           0              |        1908              |
../Core/Src/stm32f1xx_it.c():                                                |           0              |          68              |
../Drivers/STM32F1xx_HAL_Driver/Src/stm32f1xx_ll_sdmmc.c():                  |           0              |        1570              |
../Banux/02_system_components/fatfs/src/option/syscall.c():                  |           0              |           0              |
../Core/Src/system_stm32f1xx.c():                                            |           4              |          30              |
../Banux/03_application_components/firmware_upgrade/component_manifest.c():  |           0              |          80              |
../Core/Src/usart.c():                                                       |        9508              |         964              |
../Banux/02_system_components/driver_framework/vfs/vfs.c():                  |       22668              |        1988              |
../Banux/03_application_components/wireless_control/wireless_control.c():    |           0              |        4436              |
------------------------------------------------------------------------------------------------------------------------------------
LR_IROM1
        RAM 1             [0x20000000 | 0x00010000 (65536)]
                RW_IRAM1  [0x20000000]|¡ö¡õ¡õ¡õ¡õ¡õ¡õ¡õ¡õ¡õ¡õ¡õ¡õ¡õ¡õ¡õ¡õ¡õ¡õ¡õ¡õ¡õ¡õ¡õ¡õ¡õ¡õ¡õ¡õ¡õ¡õ¡õ¡õ¡õ¡õ¡õ¡õ¡õ¡õ¡õ¡õ¡õ¡õ¡õ______| (  57.3 KB /  64.0 KB )  89.6%  

        FLASH 1           [0x08008000 | 0x00070000 (458752)]
                ER_IROM1  [0x08008000]|¡ö¡ö¡ö¡ö¡ö¡ö¡ö¡ö¡ö¡ö________________________________________| (  93.3 KB / 448.0 KB )  20.8%  

Maximum Stack Usage =       1440 bytes + Unknown(Functions without stacksize, Cycles, Untraceable Function Pointers)

=============================================================================================================================

"ender3 v2\ender3 v2.axf" - 0 Error(s), 0 Warning(s).
Build Time Elapsed:  00:00:02
