Component: ARM Compiler 5.06 update 7 (build 960) Tool: armlink [4d3601]

==============================================================================

Section Cross References

    startup_stm32f103xe.o(STACK) refers (Special) to heapauxi.o(.text) for __use_two_region_memory
    startup_stm32f103xe.o(HEAP) refers (Special) to heapauxi.o(.text) for __use_two_region_memory
    startup_stm32f103xe.o(RESET) refers (Special) to heapauxi.o(.text) for __use_two_region_memory
    startup_stm32f103xe.o(RESET) refers to startup_stm32f103xe.o(STACK) for __initial_sp
    startup_stm32f103xe.o(RESET) refers to startup_stm32f103xe.o(.text) for Reset_Handler
    startup_stm32f103xe.o(RESET) refers to stm32f1xx_it.o(i.NMI_Handler) for NMI_Handler
    startup_stm32f103xe.o(RESET) refers to stm32f1xx_it.o(i.HardFault_Handler) for HardFault_Handler
    startup_stm32f103xe.o(RESET) refers to stm32f1xx_it.o(i.MemManage_Handler) for MemManage_Handler
    startup_stm32f103xe.o(RESET) refers to stm32f1xx_it.o(i.BusFault_Handler) for BusFault_Handler
    startup_stm32f103xe.o(RESET) refers to stm32f1xx_it.o(i.UsageFault_Handler) for UsageFault_Handler
    startup_stm32f103xe.o(RESET) refers to stm32f1xx_it.o(i.SVC_Handler) for SVC_Handler
    startup_stm32f103xe.o(RESET) refers to stm32f1xx_it.o(i.DebugMon_Handler) for DebugMon_Handler
    startup_stm32f103xe.o(RESET) refers to stm32f1xx_it.o(i.PendSV_Handler) for PendSV_Handler
    startup_stm32f103xe.o(RESET) refers to stm32f1xx_it.o(i.SysTick_Handler) for SysTick_Handler
    startup_stm32f103xe.o(RESET) refers to stm32f1xx_it.o(i.DMA1_Channel3_IRQHandler) for DMA1_Channel3_IRQHandler
    startup_stm32f103xe.o(RESET) refers to stm32f1xx_it.o(i.DMA1_Channel5_IRQHandler) for DMA1_Channel5_IRQHandler
    startup_stm32f103xe.o(RESET) refers to stm32f1xx_it.o(i.USART1_IRQHandler) for USART1_IRQHandler
    startup_stm32f103xe.o(RESET) refers to stm32f1xx_it.o(i.USART3_IRQHandler) for USART3_IRQHandler
    startup_stm32f103xe.o(.text) refers (Special) to heapauxi.o(.text) for __use_two_region_memory
    startup_stm32f103xe.o(.text) refers to system_stm32f1xx.o(i.SystemInit) for SystemInit
    startup_stm32f103xe.o(.text) refers to __main.o(!!!main) for __main
    startup_stm32f103xe.o(.text) refers to startup_stm32f103xe.o(HEAP) for Heap_Mem
    startup_stm32f103xe.o(.text) refers to startup_stm32f103xe.o(STACK) for Stack_Mem
    main.o(i.SystemClock_Config) refers to rt_memclr_w.o(.text) for __aeabi_memclr4
    main.o(i.SystemClock_Config) refers to stm32f1xx_hal_rcc.o(i.HAL_RCC_OscConfig) for HAL_RCC_OscConfig
    main.o(i.SystemClock_Config) refers to stm32f1xx_hal_rcc.o(i.HAL_RCC_ClockConfig) for HAL_RCC_ClockConfig
    main.o(i.main) refers to stm32f1xx_hal.o(i.HAL_Init) for HAL_Init
    main.o(i.main) refers to main.o(i.SystemClock_Config) for SystemClock_Config
    main.o(i.main) refers to gpio.o(i.MX_GPIO_Init) for MX_GPIO_Init
    main.o(i.main) refers to sdio.o(i.MX_SDIO_SD_Init) for MX_SDIO_SD_Init
    main.o(i.main) refers to usart.o(i.MX_USART3_Init) for MX_USART3_Init
    main.o(i.main) refers to usart.o(i.MX_USART1_Init) for MX_USART1_Init
    main.o(i.main) refers to app_bl.o(i.app_log) for app_log
    main.o(i.main) refers to stm32f1xx_hal_rcc.o(i.HAL_RCC_GetSysClockFreq) for HAL_RCC_GetSysClockFreq
    main.o(i.main) refers to app_bl.o(i.app_log_u32) for app_log_u32
    main.o(i.main) refers to rt_memcpy_w.o(.text) for __aeabi_memcpy4
    main.o(i.main) refers to shell_io_uart.o(i.ShellIO_UartAll_Get) for ShellIO_UartAll_Get
    main.o(i.main) refers to banux.o(i.Banux_Init) for Banux_Init
    main.o(i.main) refers to banux.o(i.Banux_Process) for Banux_Process
    main.o(i.main) refers to main.o(.conststring) for .conststring
    main.o(i.main) refers to main.o(.constdata) for .constdata
    main.o(.constdata) refers to app_bl.o(i.app_log) for app_log
    main.o(.constdata) refers to fatfs.o(i.MX_FATFS_Init) for MX_FATFS_Init
    main.o(.constdata) refers to driver_init.o(i.BanuxDriver_RegisterAll) for BanuxDriver_RegisterAll
    main.o(.constdata) refers to app_bl.o(i.app_bl_init) for app_bl_init
    main.o(.constdata) refers to app_bl.o(i.app_bl_poll) for app_bl_poll
    gpio.o(i.MX_GPIO_Init) refers to stm32f1xx_hal_gpio.o(i.HAL_GPIO_WritePin) for HAL_GPIO_WritePin
    gpio.o(i.MX_GPIO_Init) refers to stm32f1xx_hal_gpio.o(i.HAL_GPIO_Init) for HAL_GPIO_Init
    sdio.o(i.HAL_SD_MspDeInit) refers to stm32f1xx_hal_gpio.o(i.HAL_GPIO_DeInit) for HAL_GPIO_DeInit
    sdio.o(i.HAL_SD_MspInit) refers to stm32f1xx_hal_gpio.o(i.HAL_GPIO_Init) for HAL_GPIO_Init
    sdio.o(i.MX_SDIO_SD_Init) refers to sdio.o(.bss) for .bss
    usart.o(i.HAL_UART_ErrorCallback) refers to usart.o(i.uart_drv_of) for uart_drv_of
    usart.o(i.HAL_UART_ErrorCallback) refers to usart.o(i.uart_hdma_of) for uart_hdma_of
    usart.o(i.HAL_UART_ErrorCallback) refers to stm32f1xx_hal_uart.o(i.HAL_UART_Receive_DMA) for HAL_UART_Receive_DMA
[...]
    0x08008e0c   0x08008e0c   0x00000008   Code   RO         5816    .text               c_w.l(rt_errno_addr_intlibspace.o)
    0x08008e14   0x08008e14   0x00000024   Code   RO         5818    .text               c_w.l(_printf_truncate.o)
    0x08008e38   0x08008e38   0x000000b2   Code   RO         5820    .text               c_w.l(_printf_intcommon.o)
    0x08008eea   0x08008eea   0x00000028   Code   RO         5822    .text               c_w.l(_printf_charcount.o)
    0x08008f12   0x08008f12   0x00000002   PAD
    0x08008f14   0x08008f14   0x00000030   Code   RO         5824    .text               c_w.l(_printf_char_common.o)
    0x08008f44   0x08008f44   0x0000000a   Code   RO         5826    .text               c_w.l(_sputc.o)
    0x08008f4e   0x08008f4e   0x00000010   Code   RO         5828    .text               c_w.l(_snputc.o)
    0x08008f5e   0x08008f5e   0x0000002c   Code   RO         5830    .text               c_w.l(_printf_char.o)
    0x08008f8a   0x08008f8a   0x00000002   PAD
    0x08008f8c   0x08008f8c   0x000000bc   Code   RO         5832    .text               c_w.l(_printf_wctomb.o)
    0x08009048   0x08009048   0x0000007c   Code   RO         5835    .text               c_w.l(_printf_longlong_dec.o)
    0x080090c4   0x080090c4   0x00000070   Code   RO         5841    .text               c_w.l(_printf_oct_int_ll.o)
    0x08009134   0x08009134   0x00000094   Code   RO         5861    .text               c_w.l(_printf_hex_int_ll_ptr.o)
    0x080091c8   0x080091c8   0x0000001c   Code   RO         5884    .text               c_w.l(_chval.o)
    0x080091e4   0x080091e4   0x0000002c   Code   RO         5886    .text               c_w.l(scanf_char.o)
    0x08009210   0x08009210   0x00000040   Code   RO         5888    .text               c_w.l(_sgetc.o)
    0x08009250   0x08009250   0x0000009e   Code   RO         5890    .text               c_w.l(_strtoul.o)
    0x080092ee   0x080092ee   0x00000070   Code   RO         5892    .text               c_w.l(strtol.o)
    0x0800935e   0x0800935e   0x0000007a   Code   RO         5897    .text               c_w.l(rt_memmove_w.o)
    0x080093d8   0x080093d8   0x00000008   Code   RO         5907    .text               c_w.l(libspace.o)
    0x080093e0   0x080093e0   0x0000008a   Code   RO         5927    .text               c_w.l(lludiv10.o)
    0x0800946a   0x0800946a   0x00000012   Code   RO         5929    .text               c_w.l(isspace.o)
    0x0800947c   0x0800947c   0x0000041e   Code   RO         5931    .text               c_w.l(_printf_fp_dec.o)
    0x0800989a   0x0800989a   0x00000002   PAD
    0x0800989c   0x0800989c   0x000002fc   Code   RO         5933    .text               c_w.l(_printf_fp_hex.o)
    0x08009b98   0x08009b98   0x0000002c   Code   RO         5938    .text               c_w.l(_printf_wchar.o)
    0x08009bc4   0x08009bc4   0x00000374   Code   RO         5940    .text               c_w.l(_scanf.o)
    0x08009f38   0x08009f38   0x00000040   Code   RO         5942    .text               c_w.l(_wcrtomb.o)
    0x08009f78   0x08009f78   0x0000004a   Code   RO         5989    .text               c_w.l(sys_stackheap_outer.o)
    0x08009fc2   0x08009fc2   0x00000002   PAD
    0x08009fc4   0x08009fc4   0x00000080   Code   RO         5991    .text               c_w.l(_printf_fp_infnan.o)
    0x0800a044   0x0800a044   0x000000e4   Code   RO         5993    .text               c_w.l(bigflt0.o)
    0x0800a128   0x0800a128   0x00000012   Code   RO         6021    .text               c_w.l(exit.o)
    0x0800a13a   0x0800a13a   0x00000002   PAD
    0x0800a13c   0x0800a13c   0x0000000c   Code   RO         6056    .text               c_w.l(sys_exit.o)
    0x0800a148   0x0800a148   0x00000002   Code   RO         6077    .text               c_w.l(use_no_semi.o)
    0x0800a14a   0x0800a14a   0x00000000   Code   RO         6079    .text               c_w.l(indicate_semi.o)
    0x0800a14a   0x0800a14a   0x0000003e   Code   RO         5996    CL$$btod_d2e        c_w.l(btod.o)
    0x0800a188   0x0800a188   0x00000046   Code   RO         5998    CL$$btod_d2e_denorm_low  c_w.l(btod.o)
    0x0800a1ce   0x0800a1ce   0x00000060   Code   RO         5997    CL$$btod_d2e_norm_op1  c_w.l(btod.o)
    0x0800a22e   0x0800a22e   0x00000338   Code   RO         6006    CL$$btod_div_common  c_w.l(btod.o)
    0x0800a566   0x0800a566   0x000000dc   Code   RO         6003    CL$$btod_e2e        c_w.l(btod.o)
    0x0800a642   0x0800a642   0x0000002a   Code   RO         6000    CL$$btod_ediv       c_w.l(btod.o)
    0x0800a66c   0x0800a66c   0x0000002a   Code   RO         5999    CL$$btod_emul       c_w.l(btod.o)
    0x0800a696   0x0800a696   0x00000244   Code   RO         6005    CL$$btod_mult_common  c_w.l(btod.o)
    0x0800a8da   0x0800a8da   0x00000002   PAD
    0x0800a8dc   0x0800a8dc   0x00000048   Code   RO          925    i.AllocNode         vfs.o
    0x0800a924   0x0800a924   0x00000034   Code   RO         2583    i.BG_Event_GetSubscriberCount  bg_event.o
    0x0800a958   0x0800a958   0x00000058   Code   RO         2584    i.BG_Event_GetSubscription  bg_event.o
    0x0800a9b0   0x0800a9b0   0x000006b0   Code   RO         2585    i.BG_Event_GetTopicName  bg_event.o
    0x0800b060   0x0800b060   0x00000038   Code   RO         2586    i.BG_Event_Init     bg_event.o
    0x0800b098   0x0800b098   0x00000074   Code   RO         2587    i.BG_Event_Publish  bg_event.o
    0x0800b10c   0x0800b10c   0x00000098   Code   RO         2589    i.BG_Event_SubscribeNamed  bg_event.o
    0x0800b1a4   0x0800b1a4   0x0000000c   Code   RO         3036    i.BSP_SD_GetCardInfo  bsp_driver_sd.o
    0x0800b1b0   0x0800b1b0   0x00000018   Code   RO         3037    i.BSP_SD_GetCardState  bsp_driver_sd.o
    0x0800b1c8   0x0800b1c8   0x00000024   Code   RO         3039    i.BSP_SD_Init       bsp_driver_sd.o
    0x0800b1ec   0x0800b1ec   0x0000000e   Code   RO         3040    i.BSP_SD_IsDetected  bsp_driver_sd.o
    0x0800b1fa   0x0800b1fa   0x00000002   PAD
    0x0800b1fc   0x0800b1fc   0x0000001c   Code   RO         3041    i.BSP_SD_ReadBlocks  bsp_driver_sd.o
    0x0800b218   0x0800b218   0x00000084   Code   RO         3044    i.BSP_SD_VerifySingleBlock  bsp_driver_sd.o
    0x0800b29c   0x0800b29c   0x00000080   Code   RO         3045    i.BSP_SD_WriteBlocks  bsp_driver_sd.o
    0x0800b31c   0x0800b31c   0x0000001c   Code   RO          749    i.BanuxComponent_Get  banux_component.o
    0x0800b338   0x0800b338   0x0000000c   Code   RO          750    i.BanuxComponent_GetCount  banux_component.o
    0x0800b344   0x0800b344   0x00000044   Code   RO          751    i.BanuxComponent_Init  banux_component.o
    0x0800b388   0x0800b388   0x00000034   Code   RO          752    i.BanuxComponent_ProcessAll  banux_component.o
    0x0800b3bc   0x0800b3bc   0x0000005c   Code   RO          753    i.BanuxComponent_SetState  banux_component.o
    0x0800b418   0x0800b418   0x00000060   Code   RO          754    i.BanuxComponent_StartType  banux_component.o
    0x0800b478   0x0800b478   0x00000054   Code   RO          755    i.BanuxComponent_StateName  banux_component.o
    0x0800b4cc   0x0800b4cc   0x00000030   Code   RO          820    i.BanuxDebug_Printf  banux_debug.o
    0x0800b4fc   0x0800b4fc   0x0000000c   Code   RO          821    i.BanuxDebug_SetWriter  banux_debug.o
    0x0800b508   0x0800b508   0x00000148   Code   RO         2798    i.BanuxDriver_RegisterAll  driver_init.o
    0x0800b650   0x0800b650   0x00000020   Code   RO          850    i.BanuxIo_Init      banux_io.o
    0x0800b670   0x0800b670   0x0000000e   Code   RO          805    i.BanuxScheduler_Process  banux_scheduler.o
    0x0800b67e   0x0800b67e   0x00000002   PAD
    0x0800b680   0x0800b680   0x00000108   Code   RO          641    i.Banux_Init        banux.o
    0x0800b788   0x0800b788   0x00000024   Code   RO          642    i.Banux_Process     banux.o
    0x0800b7ac   0x0800b7ac   0x00000090   Code   RO          926    i.BuildPath         vfs.o
    0x0800b83c   0x0800b83c   0x00000002   Code   RO          520    i.BusFault_Handler  stm32f1xx_it.o
    0x0800b83e   0x0800b83e   0x00000002   PAD
    0x0800b840   0x0800b840   0x00000034   Code   RO         2650    i.CommandParser_Delay  command_parser.o
    0x0800b874   0x0800b874   0x0000003c   Code   RO         2651    i.CommandParser_Init  command_parser.o
    0x0800b8b0   0x0800b8b0   0x00000010   Code   RO         2652    i.CommandParser_IsRunning  command_parser.o
    0x0800b8c0   0x0800b8c0   0x000001b0   Code   RO         2653    i.CommandParser_Process  command_parser.o
    0x0800ba70   0x0800ba70   0x00000018   Code   RO         2654    i.CommandParser_RegisterCommands  command_parser.o
    0x0800ba88   0x0800ba88   0x00000180   Code   RO         2655    i.CommandParser_Start  command_parser.o
    0x0800bc08   0x0800bc08   0x0000021c   Code   RO         1189    i.CreateDeviceParams  drv_device.o
    0x0800be24   0x0800be24   0x0000000c   Code   RO          521    i.DMA1_Channel3_IRQHandler  stm32f1xx_it.o
    0x0800be30   0x0800be30   0x0000000c   Code   RO          522    i.DMA1_Channel5_IRQHandler  stm32f1xx_it.o
    0x0800be3c   0x0800be3c   0x0000002a   Code   RO         3627    i.DMA_SetConfig     stm32f1xx_hal_dma.o
    0x0800be66   0x0800be66   0x00000002   Code   RO          523    i.DebugMon_Handler  stm32f1xx_it.o
    0x0800be68   0x0800be68   0x0000003a   Code   RO         1192    i.DrvDevice_GetBusDir  drv_device.o
    0x0800bea2   0x0800bea2   0x00000002   PAD
    0x0800bea4   0x0800bea4   0x00000014   Code   RO         1195    i.DrvDevice_GetList  drv_device.o
    0x0800beb8   0x0800beb8   0x00000034   Code   RO         1196    i.DrvDevice_Init    drv_device.o
    0x0800beec   0x0800beec   0x0000047c   Code   RO         1198    i.DrvDevice_Register  drv_device.o
    0x0800c368   0x0800c368   0x00000034   Code   RO         2205    i.DrvEeprom_Erase   drv_eeprom.o
    0x0800c39c   0x0800c39c   0x000000ac   Code   RO         2206    i.DrvEeprom_Read    drv_eeprom.o
    0x0800c448   0x0800c448   0x0000000c   Code   RO         2207    i.DrvEeprom_Register  drv_eeprom.o
    0x0800c454   0x0800c454   0x000000be   Code   RO         2208    i.DrvEeprom_Write   drv_eeprom.o
    0x0800c512   0x0800c512   0x00000002   PAD
    0x0800c514   0x0800c514   0x000000d0   Code   RO         1089    i.DrvFramework_Init  drv_init.o
    0x0800c5e4   0x0800c5e4   0x0000000c   Code   RO         1110    i.DrvFs_GetDriverDir  drv_fs.o
    0x0800c5f0   0x0800c5f0   0x00000014   Code   RO         1111    i.DrvFs_GetGpioDir  drv_fs.o
    0x0800c604   0x0800c604   0x00000010   Code   RO         1112    i.DrvFs_GetI2cDir   drv_fs.o
    0x0800c614   0x0800c614   0x00000010   Code   RO         1113    i.DrvFs_GetI2sDir   drv_fs.o
    0x0800c624   0x0800c624   0x00000014   Code   RO         1114    i.DrvFs_GetPowerDir  drv_fs.o
    0x0800c638   0x0800c638   0x00000014   Code   RO         1115    i.DrvFs_GetSdioDir  drv_fs.o
    0x0800c64c   0x0800c64c   0x00000010   Code   RO         1116    i.DrvFs_GetSpiDir   drv_fs.o
    0x0800c65c   0x0800c65c   0x00000014   Code   RO         1117    i.DrvFs_GetTimerDir  drv_fs.o
    0x0800c670   0x0800c670   0x00000014   Code   RO         1118    i.DrvFs_GetUartDir  drv_fs.o
    0x0800c684   0x0800c684   0x00000010   Code   RO         1119    i.DrvFs_GetUsbDir   drv_fs.o
    0x0800c694   0x0800c694   0x0000010c   Code   RO         1120    i.DrvFs_Init        drv_fs.o
    0x0800c7a0   0x0800c7a0   0x00000014   Code   RO         1827    i.DrvSdio_IsMounted  drv_sdio.o
    0x0800c7b4   0x0800c7b4   0x00000024   Code   RO         1828    i.DrvSdio_Register  drv_sdio.o
    0x0800c7d8   0x0800c7d8   0x00000030   Code   RO         2371    i.DrvStepper_EnableAll  drv_stepper.o
    0x0800c808   0x0800c808   0x0000003c   Code   RO         2372    i.DrvStepper_GetLimit  drv_stepper.o
    0x0800c844   0x0800c844   0x000000b8   Code   RO         2374    i.DrvStepper_Register  drv_stepper.o
    0x0800c8fc   0x0800c8fc   0x00000044   Code   RO         2375    i.DrvStepper_SetDirection  drv_stepper.o
    0x0800c940   0x0800c940   0x00000030   Code   RO         2376    i.DrvStepper_SetPosition  drv_stepper.o
    0x0800c970   0x0800c970   0x000000a4   Code   RO         2377    i.DrvStepper_Step   drv_stepper.o
    0x0800ca14   0x0800ca14   0x00000010   Code   RO         2750    i.DrvTimer1ms_Expired  drv_timer1ms.o
    0x0800ca24   0x0800ca24   0x00000004   Code   RO         2751    i.DrvTimer1ms_Now   drv_timer1ms.o
    0x0800ca28   0x0800ca28   0x0000000c   Code   RO         2752    i.DrvTimer1ms_Register  drv_timer1ms.o
    0x0800ca34   0x0800ca34   0x00000054   Code   RO         2151    i.DrvUart_Register  drv_uart.o
    0x0800ca88   0x0800ca88   0x00000020   Code   RO         1121    i.EnsureSubDir      drv_fs.o
    0x0800caa8   0x0800caa8   0x00000004   Code   RO           13    i.Error_Handler     main.o
    0x0800caac   0x0800caac   0x00000006   Code   RO         5543    i.FATFS_LinkDriver  ff_gen_drv.o
    0x0800cab2   0x0800cab2   0x00000002   PAD
    0x0800cab4   0x0800cab4   0x00000040   Code   RO         5544    i.FATFS_LinkDriverEx  ff_gen_drv.o
    0x0800caf4   0x0800caf4   0x00000024   Code   RO         4067    i.FLASH_MassErase   stm32f1xx_hal_flash_ex.o
    0x0800cb18   0x0800cb18   0x00000024   Code   RO         4072    i.FLASH_PageErase   stm32f1xx_hal_flash_ex.o
    0x0800cb3c   0x0800cb3c   0x0000001c   Code   RO         3964    i.FLASH_Program_HalfWord  stm32f1xx_hal_flash.o
    0x0800cb58   0x0800cb58   0x0000005c   Code   RO         3965    i.FLASH_SetErrorCode  stm32f1xx_hal_flash.o
    0x0800cbb4   0x0800cbb4   0x00000054   Code   RO         3966    i.FLASH_WaitForLastOperation  stm32f1xx_hal_flash.o
    0x0800cc08   0x0800cc08   0x000000b0   Code   RO         2010    i.FatFsVfs_Mount    fs_sd.o
    0x0800ccb8   0x0800ccb8   0x00000038   Code   RO          927    i.FindChildByName   vfs.o
    0x0800ccf0   0x0800ccf0   0x000000e0   Code   RO         2839    i.Gcode_ExecuteFile  gcode.o
    0x0800cdd0   0x0800cdd0   0x0000005e   Code   RO         2840    i.Gcode_ExecuteLine  gcode.o
    0x0800ce2e   0x0800ce2e   0x00000002   PAD
    0x0800ce30   0x0800ce30   0x00000014   Code   RO         2841    i.Gcode_GetState    gcode.o
    0x0800ce44   0x0800ce44   0x00000068   Code   RO         2842    i.Gcode_Init        gcode.o
    0x0800ceac   0x0800ceac   0x00000046   Code   RO         3628    i.HAL_DMA_Abort     stm32f1xx_hal_dma.o
    0x0800cef2   0x0800cef2   0x00000002   PAD
    0x0800cef4   0x0800cef4   0x00000130   Code   RO         3629    i.HAL_DMA_Abort_IT  stm32f1xx_hal_dma.o
    0x0800d024   0x0800d024   0x00000248   Code   RO         3633    i.HAL_DMA_IRQHandler  stm32f1xx_hal_dma.o
    0x0800d26c   0x0800d26c   0x0000007c   Code   RO         3634    i.HAL_DMA_Init      stm32f1xx_hal_dma.o
    0x0800d2e8   0x0800d2e8   0x00000070   Code   RO         3638    i.HAL_DMA_Start_IT  stm32f1xx_hal_dma.o
    0x0800d358   0x0800d358   0x00000024   Code   RO         3254    i.HAL_Delay         stm32f1xx_hal.o
    0x0800d37c   0x0800d37c   0x000000a8   Code   RO         4073    i.HAL_FLASHEx_Erase  stm32f1xx_hal_flash_ex.o
    0x0800d424   0x0800d424   0x00000014   Code   RO         3970    i.HAL_FLASH_Lock    stm32f1xx_hal_flash.o
    0x0800d438   0x0800d438   0x00000080   Code   RO         3975    i.HAL_FLASH_Program  stm32f1xx_hal_flash.o
    0x0800d4b8   0x0800d4b8   0x00000028   Code   RO         3977    i.HAL_FLASH_Unlock  stm32f1xx_hal_flash.o
    0x0800d4e0   0x0800d4e0   0x000001f8   Code   RO         3564    i.HAL_GPIO_Init     stm32f1xx_hal_gpio.o
    0x0800d6d8   0x0800d6d8   0x0000000a   Code   RO         3566    i.HAL_GPIO_ReadPin  stm32f1xx_hal_gpio.o
    0x0800d6e2   0x0800d6e2   0x0000000a   Code   RO         3568    i.HAL_GPIO_WritePin  stm32f1xx_hal_gpio.o
    0x0800d6ec   0x0800d6ec   0x0000000c   Code   RO         3258    i.HAL_GetTick       stm32f1xx_hal.o
    0x0800d6f8   0x0800d6f8   0x00000010   Code   RO         3264    i.HAL_IncTick       stm32f1xx_hal.o
    0x0800d708   0x0800d708   0x00000024   Code   RO         3265    i.HAL_Init          stm32f1xx_hal.o
    0x0800d72c   0x0800d72c   0x00000040   Code   RO         3266    i.HAL_InitTick      stm32f1xx_hal.o
    0x0800d76c   0x0800d76c   0x0000003c   Code   RO          620    i.HAL_MspInit       stm32f1xx_hal_msp.o
    0x0800d7a8   0x0800d7a8   0x00000022   Code   RO         3723    i.HAL_NVIC_DisableIRQ  stm32f1xx_hal_cortex.o
    0x0800d7ca   0x0800d7ca   0x0000001a   Code   RO         3724    i.HAL_NVIC_EnableIRQ  stm32f1xx_hal_cortex.o
    0x0800d7e4   0x0800d7e4   0x00000040   Code   RO         3730    i.HAL_NVIC_SetPriority  stm32f1xx_hal_cortex.o
    0x0800d824   0x0800d824   0x00000024   Code   RO         3731    i.HAL_NVIC_SetPriorityGrouping  stm32f1xx_hal_cortex.o
    0x0800d848   0x0800d848   0x0000012c   Code   RO         3422    i.HAL_RCC_ClockConfig  stm32f1xx_hal_rcc.o
    0x0800d974   0x0800d974   0x00000020   Code   RO         3429    i.HAL_RCC_GetPCLK1Freq  stm32f1xx_hal_rcc.o
    0x0800d994   0x0800d994   0x00000020   Code   RO         3430    i.HAL_RCC_GetPCLK2Freq  stm32f1xx_hal_rcc.o
    0x0800d9b4   0x0800d9b4   0x0000004c   Code   RO         3431    i.HAL_RCC_GetSysClockFreq  stm32f1xx_hal_rcc.o
    0x0800da00   0x0800da00   0x00000320   Code   RO         3434    i.HAL_RCC_OscConfig  stm32f1xx_hal_rcc.o
    0x0800dd20   0x0800dd20   0x00000078   Code   RO         4510    i.HAL_SD_Abort      stm32f1xx_hal_sd.o
    0x0800dd98   0x0800dd98   0x00000198   Code   RO         4518    i.HAL_SD_GetCardCSD  stm32f1xx_hal_sd.o
    0x0800df30   0x0800df30   0x00000024   Code   RO         4519    i.HAL_SD_GetCardInfo  stm32f1xx_hal_sd.o
    0x0800df54   0x0800df54   0x0000002c   Code   RO         4520    i.HAL_SD_GetCardState  stm32f1xx_hal_sd.o
    0x0800df80   0x0800df80   0x00000036   Code   RO         4525    i.HAL_SD_Init       stm32f1xx_hal_sd.o
    0x0800dfb6   0x0800dfb6   0x00000002   PAD
    0x0800dfb8   0x0800dfb8   0x00000078   Code   RO         4526    i.HAL_SD_InitCard   stm32f1xx_hal_sd.o
    0x0800e030   0x0800e030   0x0000009c   Code   RO          239    i.HAL_SD_MspInit    sdio.o
    0x0800e0cc   0x0800e0cc   0x000001f0   Code   RO         4529    i.HAL_SD_ReadBlocks  stm32f1xx_hal_sd.o
    0x0800e2bc   0x0800e2bc   0x000001c4   Code   RO         4534    i.HAL_SD_WriteBlocks  stm32f1xx_hal_sd.o
    0x0800e480   0x0800e480   0x00000028   Code   RO         3735    i.HAL_SYSTICK_Config  stm32f1xx_hal_cortex.o
    0x0800e4a8   0x0800e4a8   0x00000002   Code   RO         4765    i.HAL_UARTEx_RxEventCallback  stm32f1xx_hal_uart.o
    0x0800e4aa   0x0800e4aa   0x00000046   Code   RO          280    i.HAL_UART_ErrorCallback  usart.o
    0x0800e4f0   0x0800e4f0   0x0000026c   Code   RO         4782    i.HAL_UART_IRQHandler  stm32f1xx_hal_uart.o
    0x0800e75c   0x0800e75c   0x00000064   Code   RO         4783    i.HAL_UART_Init     stm32f1xx_hal_uart.o
    0x0800e7c0   0x0800e7c0   0x00000188   Code   RO          282    i.HAL_UART_MspInit  usart.o
    0x0800e948   0x0800e948   0x0000001c   Code   RO         4787    i.HAL_UART_Receive_DMA  stm32f1xx_hal_uart.o
    0x0800e964   0x0800e964   0x00000020   Code   RO          283    i.HAL_UART_RxCpltCallback  usart.o
    0x0800e984   0x0800e984   0x00000020   Code   RO          284    i.HAL_UART_RxHalfCpltCallback  usart.o
    0x0800e9a4   0x0800e9a4   0x000000a0   Code   RO         4791    i.HAL_UART_Transmit  stm32f1xx_hal_uart.o
    0x0800ea44   0x0800ea44   0x00000002   Code   RO         4794    i.HAL_UART_TxCpltCallback  stm32f1xx_hal_uart.o
    0x0800ea46   0x0800ea46   0x00000002   Code   RO          524    i.HardFault_Handler  stm32f1xx_it.o
    0x0800ea48   0x0800ea48   0x00000050   Code   RO          928    i.InitNode          vfs.o
    0x0800ea98   0x0800ea98   0x00000110   Code   RO         2814    i.InternalFlashFs_Init  internal_flash_fs.o
    0x0800eba8   0x0800eba8   0x00000044   Code   RO         3170    i.MX_FATFS_Init     fatfs.o
    0x0800ebec   0x0800ebec   0x00000080   Code   RO          214    i.MX_GPIO_Init      gpio.o
    0x0800ec6c   0x0800ec6c   0x00000024   Code   RO          240    i.MX_SDIO_SD_Init   sdio.o
    0x0800ec90   0x0800ec90   0x0000003c   Code   RO          285    i.MX_USART1_Init    usart.o
    0x0800eccc   0x0800eccc   0x0000003c   Code   RO          286    i.MX_USART3_Init    usart.o
    0x0800ed08   0x0800ed08   0x00000002   Code   RO          525    i.MemManage_Handler  stm32f1xx_it.o
    0x0800ed0a   0x0800ed0a   0x00000002   Code   RO          526    i.NMI_Handler       stm32f1xx_it.o
    0x0800ed0c   0x0800ed0c   0x00000014   Code   RO         1267    i.Opt_Clear         bg_shell.o
    0x0800ed20   0x0800ed20   0x0000004c   Code   RO         1268    i.Opt_HelpAll       bg_shell.o
    0x0800ed6c   0x0800ed6c   0x00000084   Code   RO         1269    i.Opt_HelpMod       bg_shell.o
    0x0800edf0   0x0800edf0   0x00000098   Code   RO         1270    i.Opt_History       bg_shell.o
    0x0800ee88   0x0800ee88   0x00000028   Code   RO         1271    i.Opt_IO            bg_shell.o
    0x0800eeb0   0x0800eeb0   0x00000078   Code   RO         1272    i.Opt_List          bg_shell.o
    0x0800ef28   0x0800ef28   0x00000060   Code   RO         1273    i.Opt_Version       bg_shell.o
    0x0800ef88   0x0800ef88   0x00000088   Code   RO          929    i.ParsePath         vfs.o
    0x0800f010   0x0800f010   0x00000002   Code   RO          527    i.PendSV_Handler    stm32f1xx_it.o
    0x0800f012   0x0800f012   0x00000024   Code   RO         4224    i.SDIO_ConfigData   stm32f1xx_ll_sdmmc.o
    0x0800f036   0x0800f036   0x00000008   Code   RO         4228    i.SDIO_GetPowerState  stm32f1xx_ll_sdmmc.o
    0x0800f03e   0x0800f03e   0x00000006   Code   RO         4229    i.SDIO_GetResponse  stm32f1xx_ll_sdmmc.o
    0x0800f044   0x0800f044   0x00000024   Code   RO         4230    i.SDIO_Init         stm32f1xx_ll_sdmmc.o
    0x0800f068   0x0800f068   0x00000008   Code   RO         4232    i.SDIO_PowerState_ON  stm32f1xx_ll_sdmmc.o
    0x0800f070   0x0800f070   0x00000006   Code   RO         4233    i.SDIO_ReadFIFO     stm32f1xx_ll_sdmmc.o
    0x0800f076   0x0800f076   0x00000020   Code   RO         4234    i.SDIO_SendCommand  stm32f1xx_ll_sdmmc.o
    0x0800f096   0x0800f096   0x0000000a   Code   RO         4236    i.SDIO_WriteFIFO    stm32f1xx_ll_sdmmc.o
    0x0800f0a0   0x0800f0a0   0x00000032   Code   RO         4237    i.SDMMC_CmdAppCommand  stm32f1xx_ll_sdmmc.o
    0x0800f0d2   0x0800f0d2   0x00000002   PAD
    0x0800f0d4   0x0800f0d4   0x00000034   Code   RO         4238    i.SDMMC_CmdAppOperCommand  stm32f1xx_ll_sdmmc.o
    0x0800f108   0x0800f108   0x00000032   Code   RO         4239    i.SDMMC_CmdBlockLength  stm32f1xx_ll_sdmmc.o
    0x0800f13a   0x0800f13a   0x00000002   PAD
    0x0800f13c   0x0800f13c   0x00000050   Code   RO         4244    i.SDMMC_CmdGoIdleState  stm32f1xx_ll_sdmmc.o
    0x0800f18c   0x0800f18c   0x00000030   Code   RO         4246    i.SDMMC_CmdOperCond  stm32f1xx_ll_sdmmc.o
    0x0800f1bc   0x0800f1bc   0x00000032   Code   RO         4247    i.SDMMC_CmdReadMultiBlock  stm32f1xx_ll_sdmmc.o
    0x0800f1ee   0x0800f1ee   0x00000032   Code   RO         4248    i.SDMMC_CmdReadSingleBlock  stm32f1xx_ll_sdmmc.o
    0x0800f220   0x0800f220   0x00000032   Code   RO         4251    i.SDMMC_CmdSelDesel  stm32f1xx_ll_sdmmc.o
    0x0800f252   0x0800f252   0x0000002c   Code   RO         4252    i.SDMMC_CmdSendCID  stm32f1xx_ll_sdmmc.o
    0x0800f27e   0x0800f27e   0x0000002c   Code   RO         4253    i.SDMMC_CmdSendCSD  stm32f1xx_ll_sdmmc.o
    0x0800f2aa   0x0800f2aa   0x00000032   Code   RO         4256    i.SDMMC_CmdSendStatus  stm32f1xx_ll_sdmmc.o
    0x0800f2dc   0x0800f2dc   0x00000030   Code   RO         4257    i.SDMMC_CmdSetRelAdd  stm32f1xx_ll_sdmmc.o
    0x0800f30c   0x0800f30c   0x00000034   Code   RO         4260    i.SDMMC_CmdStopTransfer  stm32f1xx_ll_sdmmc.o
    0x0800f340   0x0800f340   0x00000032   Code   RO         4262    i.SDMMC_CmdWriteMultiBlock  stm32f1xx_ll_sdmmc.o
    0x0800f372   0x0800f372   0x00000032   Code   RO         4263    i.SDMMC_CmdWriteSingleBlock  stm32f1xx_ll_sdmmc.o
    0x0800f3a4   0x0800f3a4   0x00000120   Code   RO         4264    i.SDMMC_GetCmdResp1  stm32f1xx_ll_sdmmc.o
    0x0800f4c4   0x0800f4c4   0x00000050   Code   RO         4265    i.SDMMC_GetCmdResp2  stm32f1xx_ll_sdmmc.o
    0x0800f514   0x0800f514   0x00000044   Code   RO         4266    i.SDMMC_GetCmdResp3  stm32f1xx_ll_sdmmc.o
    0x0800f558   0x0800f558   0x00000088   Code   RO         4267    i.SDMMC_GetCmdResp6  stm32f1xx_ll_sdmmc.o
    0x0800f5e0   0x0800f5e0   0x00000058   Code   RO         4268    i.SDMMC_GetCmdResp7  stm32f1xx_ll_sdmmc.o
    0x0800f638   0x0800f638   0x000000ee   Code   RO         4543    i.SD_InitCard       stm32f1xx_hal_sd.o
    0x0800f726   0x0800f726   0x00000002   PAD
    0x0800f728   0x0800f728   0x000000b4   Code   RO         4544    i.SD_PowerON        stm32f1xx_hal_sd.o
    0x0800f7dc   0x0800f7dc   0x00000028   Code   RO         5652    i.SD_WaitCardReady  sd_diskio.o
    0x0800f804   0x0800f804   0x00000020   Code   RO         5653    i.SD_initialize     sd_diskio.o
    0x0800f824   0x0800f824   0x00000054   Code   RO         5654    i.SD_ioctl          sd_diskio.o
    0x0800f878   0x0800f878   0x000000a0   Code   RO         5655    i.SD_read           sd_diskio.o
    0x0800f918   0x0800f918   0x00000020   Code   RO         5656    i.SD_status         sd_diskio.o
    0x0800f938   0x0800f938   0x00000070   Code   RO         5657    i.SD_write          sd_diskio.o
    0x0800f9a8   0x0800f9a8   0x00000002   Code   RO          528    i.SVC_Handler       stm32f1xx_it.o
    0x0800f9aa   0x0800f9aa   0x00000002   PAD
    0x0800f9ac   0x0800f9ac   0x0000013c   Code   RO         2012    i.SdFs_ErrorText    fs_sd.o
    0x0800fae8   0x0800fae8   0x00000084   Code   RO         2013    i.SdFs_Mkdir        fs_sd.o
    0x0800fb6c   0x0800fb6c   0x00000054   Code   RO         2014    i.SdFs_Mount        fs_sd.o
    0x0800fbc0   0x0800fbc0   0x00000050   Code   RO         2015    i.SdFs_RecvBegin    fs_sd.o
    0x0800fc10   0x0800fc10   0x00000030   Code   RO         2016    i.SdFs_RecvEnd      fs_sd.o
    0x0800fc40   0x0800fc40   0x000000e8   Code   RO         2017    i.SdFs_RecvWrite    fs_sd.o
    0x0800fd28   0x0800fd28   0x00000094   Code   RO         2018    i.SdFs_Remove       fs_sd.o
    0x0800fdbc   0x0800fdbc   0x000000e0   Code   RO         2019    i.SdFs_Touch        fs_sd.o
    0x0800fe9c   0x0800fe9c   0x0000010c   Code   RO         2021    i.SdFs_WriteFile    fs_sd.o
    0x0800ffa8   0x0800ffa8   0x00000008   Code   RO         1736    i.ShellIO_UartAll_Get  shell_io_uart.o
    0x0800ffb0   0x0800ffb0   0x00000018   Code   RO         1274    i.Shell_BeginInputMode  bg_shell.o
    0x0800ffc8   0x0800ffc8   0x00000028   Code   RO         1275    i.Shell_EndInputMode  bg_shell.o
    0x0800fff0   0x0800fff0   0x00000228   Code   RO         1276    i.Shell_ExecuteLine  bg_shell.o
    0x08010218   0x08010218   0x0000001c   Code   RO         1277    i.Shell_GetIOName   bg_shell.o
    0x08010234   0x08010234   0x00000070   Code   RO         1278    i.Shell_HistoryAdd  bg_shell.o
    0x080102a4   0x080102a4   0x000000b8   Code   RO         1279    i.Shell_HistoryRecall  bg_shell.o
    0x0801035c   0x0801035c   0x00000054   Code   RO         1280    i.Shell_Init        bg_shell.o
    0x080103b0   0x080103b0   0x00000040   Code   RO         1284    i.Shell_ParseArgs   bg_shell.o
    0x080103f0   0x080103f0   0x00000004   Code   RO         1285    i.Shell_Print       bg_shell.o
    0x080103f4   0x080103f4   0x00000024   Code   RO         1286    i.Shell_Printf      bg_shell.o
    0x08010418   0x08010418   0x0000007c   Code   RO         1287    i.Shell_Process     bg_shell.o
    0x08010494   0x08010494   0x00000168   Code   RO         1288    i.Shell_ProcessCandidates  bg_shell.o
    0x080105fc   0x080105fc   0x000000f8   Code   RO         1289    i.Shell_ProcessChar  bg_shell.o
    0x080106f4   0x080106f4   0x00000090   Code   RO         1472    i.Shell_RegisterAllModules  bg_shell_commands.o
    0x08010784   0x08010784   0x0000004c   Code   RO         1291    i.Shell_RegisterModule  bg_shell.o
    0x080107d0   0x080107d0   0x00000030   Code   RO         1292    i.Shell_SendRaw     bg_shell.o
    0x08010800   0x08010800   0x00000020   Code   RO         1293    i.Shell_SetIO       bg_shell.o
    0x08010820   0x08010820   0x0000008c   Code   RO         1294    i.Shell_ShowModuleHelp  bg_shell.o
    0x080108ac   0x080108ac   0x0000000c   Code   RO         1295    i.Shell_ShowPrompt  bg_shell.o
    0x080108b8   0x080108b8   0x000001c4   Code   RO         1296    i.Shell_TabComplete  bg_shell.o
    0x08010a7c   0x08010a7c   0x00000180   Code   RO         1297    i.Shell_TabCompleteVfs  bg_shell.o
    0x08010bfc   0x08010bfc   0x00000060   Code   RO         1298    i.Shell_Welcome     bg_shell.o
    0x08010c5c   0x08010c5c   0x00000020   Code   RO         1299    i.Shell_WriteRaw    bg_shell.o
    0x08010c7c   0x08010c7c   0x00000004   Code   RO          529    i.SysTick_Handler   stm32f1xx_it.o
    0x08010c80   0x08010c80   0x0000005e   Code   RO           14    i.SystemClock_Config  main.o
    0x08010cde   0x08010cde   0x00000002   Code   RO         5117    i.SystemInit        system_stm32f1xx.o
    0x08010ce0   0x08010ce0   0x00000010   Code   RO         4796    i.UART_DMAAbortOnError  stm32f1xx_hal_uart.o
    0x08010cf0   0x08010cf0   0x0000004a   Code   RO         4797    i.UART_DMAError     stm32f1xx_hal_uart.o
    0x08010d3a   0x08010d3a   0x00000086   Code   RO         4798    i.UART_DMAReceiveCplt  stm32f1xx_hal_uart.o
    0x08010dc0   0x08010dc0   0x0000001e   Code   RO         4800    i.UART_DMARxHalfCplt  stm32f1xx_hal_uart.o
    0x08010dde   0x08010dde   0x0000004e   Code   RO         4806    i.UART_EndRxTransfer  stm32f1xx_hal_uart.o
    0x08010e2c   0x08010e2c   0x0000001c   Code   RO         4807    i.UART_EndTxTransfer  stm32f1xx_hal_uart.o
    0x08010e48   0x08010e48   0x000000c2   Code   RO         4808    i.UART_Receive_IT   stm32f1xx_hal_uart.o
    0x08010f0a   0x08010f0a   0x00000002   PAD
    0x08010f0c   0x08010f0c   0x000000b8   Code   RO         4809    i.UART_SetConfig    stm32f1xx_hal_uart.o
    0x08010fc4   0x08010fc4   0x00000090   Code   RO         4810    i.UART_Start_Receive_DMA  stm32f1xx_hal_uart.o
    0x08011054   0x08011054   0x00000072   Code   RO         4812    i.UART_WaitOnFlagUntilTimeout  stm32f1xx_hal_uart.o
    0x080110c6   0x080110c6   0x00000002   PAD
    0x080110c8   0x080110c8   0x0000000c   Code   RO          530    i.USART1_IRQHandler  stm32f1xx_it.o
    0x080110d4   0x080110d4   0x0000000c   Code   RO          531    i.USART3_IRQHandler  stm32f1xx_it.o
    0x080110e0   0x080110e0   0x00000002   Code   RO          532    i.UsageFault_Handler  stm32f1xx_it.o
    0x080110e2   0x080110e2   0x00000002   PAD
    0x080110e4   0x080110e4   0x000000b0   Code   RO          930    i.Vfs_Cd            vfs.o
    0x08011194   0x08011194   0x0000001a   Code   RO          931    i.Vfs_ClearChildren  vfs.o
    0x080111ae   0x080111ae   0x00000060   Code   RO          932    i.Vfs_CreateDevice  vfs.o
    0x0801120e   0x0801120e   0x0000005a   Code   RO          933    i.Vfs_CreateDir     vfs.o
    0x08011268   0x08011268   0x00000070   Code   RO          934    i.Vfs_CreateFile    vfs.o
    0x080112d8   0x080112d8   0x00000048   Code   RO          935    i.Vfs_CreateNode    vfs.o
    0x08011320   0x08011320   0x0000007c   Code   RO          936    i.Vfs_CreateParam   vfs.o
    0x0801139c   0x0801139c   0x0000009c   Code   RO          937    i.Vfs_FindNode      vfs.o
    0x08011438   0x08011438   0x0000000c   Code   RO          938    i.Vfs_GetCwd        vfs.o
    0x08011444   0x08011444   0x00000028   Code   RO          939    i.Vfs_GetCwdPath    vfs.o
    0x0801146c   0x0801146c   0x0000000c   Code   RO          940    i.Vfs_GetRoot       vfs.o
    0x08011478   0x08011478   0x00000064   Code   RO          942    i.Vfs_Init          vfs.o
    0x080114dc   0x080114dc   0x00000048   Code   RO          945    i.Vfs_ReadFile      vfs.o
    0x08011524   0x08011524   0x00000038   Code   RO          946    i.Vfs_ReadParam     vfs.o
    0x0801155c   0x0801155c   0x00000036   Code   RO          947    i.Vfs_RefreshDir    vfs.o
    0x08011592   0x08011592   0x00000002   PAD
    0x08011594   0x08011594   0x000000c0   Code   RO          948    i.Vfs_RemoveNode    vfs.o
    0x08011654   0x08011654   0x0000002e   Code   RO          950    i.Vfs_WriteParam    vfs.o
    0x08011682   0x08011682   0x00000002   PAD
    0x08011684   0x08011684   0x00000018   Code   RO         2947    i.WirelessControl_Init  wireless_control.o
    0x0801169c   0x0801169c   0x00000028   Code   RO         6040    i.__ARM_fpclassify  m_ws.l(fpclassify.o)
    0x080116c4   0x080116c4   0x00000024   Code   RO         3051    i.__NVIC_GetEnableIRQ  bsp_driver_sd.o
    0x080116e8   0x080116e8   0x00000020   Code   RO         3737    i.__NVIC_SetPriority  stm32f1xx_hal_cortex.o
    0x08011708   0x08011708   0x00000024   Code   RO          385    i.__NVIC_SystemReset  app_bl.o
    0x0801172c   0x0801172c   0x0000000e   Code   RO         5749    i._is_digit         c_w.l(__printf_wp.o)
    0x0801173a   0x0801173a   0x00000002   PAD
    0x0801173c   0x0801173c   0x000000b8   Code   RO          386    i.app_bl_enter_boot  app_bl.o
    0x080117f4   0x080117f4   0x00000018   Code   RO          387    i.app_bl_init       app_bl.o
    0x0801180c   0x0801180c   0x00000090   Code   RO          388    i.app_bl_poll       app_bl.o
    0x0801189c   0x0801189c   0x00000010   Code   RO          389    i.app_bl_shell1_available  app_bl.o
    0x080118ac   0x080118ac   0x00000034   Code   RO          390    i.app_bl_shell1_pop  app_bl.o
    0x080118e0   0x080118e0   0x00000010   Code   RO          391    i.app_bl_shell3_available  app_bl.o
    0x080118f0   0x080118f0   0x00000034   Code   RO          392    i.app_bl_shell3_pop  app_bl.o
    0x08011924   0x08011924   0x00000030   Code   RO          393    i.app_log           app_bl.o
    0x08011954   0x08011954   0x00000070   Code   RO          394    i.app_log_u32       app_bl.o
    0x080119c4   0x080119c4   0x00000154   Code   RO         1473    i.banux_info        bg_shell_commands.o
    0x08011b18   0x08011b18   0x00000016   Code   RO          852    i.banux_io_device   banux_io.o
    0x08011b2e   0x08011b2e   0x0000000e   Code   RO          853    i.banux_io_find     banux_io.o
    0x08011b3c   0x08011b3c   0x00000034   Code   RO          854    i.banux_ioctl       banux_io.o
    0x08011b70   0x08011b70   0x00000068   Code   RO         1474    i.banux_print_component_type  bg_shell_commands.o
    0x08011bd8   0x08011bd8   0x00000006   Code   RO          856    i.banux_read        banux_io.o
    0x08011bde   0x08011bde   0x00000072   Code   RO          857    i.banux_read_at     banux_io.o
    0x08011c50   0x08011c50   0x0000008a   Code   RO          858    i.banux_write       banux_io.o
    0x08011cda   0x08011cda   0x00000002   PAD
    0x08011cdc   0x08011cdc   0x00000028   Code   RO         1475    i.boot_enter        bg_shell_commands.o
    0x08011d04   0x08011d04   0x000000b0   Code   RO         2023    i.build_fatfs_path  fs_sd.o
    0x08011db4   0x08011db4   0x0000005c   Code   RO          395    i.cfg_load          app_bl.o
    0x08011e10   0x08011e10   0x000000d4   Code   RO          396    i.cfg_set_enter_boot  app_bl.o
    0x08011ee4   0x08011ee4   0x00000024   Code   RO          397    i.cfg_valid         app_bl.o
    0x08011f08   0x08011f08   0x00000078   Code   RO         5209    i.check_fs          ff.o
    0x08011f80   0x08011f80   0x00000010   Code   RO         5210    i.chk_chr           ff.o
    0x08011f90   0x08011f90   0x0000006c   Code   RO         5211    i.chk_lock          ff.o
    0x08011ffc   0x08011ffc   0x00000024   Code   RO         5212    i.clear_lock        ff.o
    0x08012020   0x08012020   0x0000002a   Code   RO         5213    i.clmt_clust        ff.o
    0x0801204a   0x0801204a   0x0000001e   Code   RO         5214    i.clust2sect        ff.o
    0x08012068   0x08012068   0x000001b0   Code   RO         1476    i.cmd_cat           bg_shell_commands.o
    0x08012218   0x08012218   0x00000060   Code   RO         1477    i.cmd_cd            bg_shell_commands.o
    0x08012278   0x08012278   0x000000c4   Code   RO         2656    i.cmd_delay         command_parser.o
    0x0801233c   0x0801233c   0x00000170   Code   RO         1478    i.cmd_drivers       bg_shell_commands.o
    0x080124ac   0x080124ac   0x000001e0   Code   RO         1479    i.cmd_echo          bg_shell_commands.o
    0x0801268c   0x0801268c   0x000001c4   Code   RO         1480    i.cmd_ls            bg_shell_commands.o
    0x08012850   0x08012850   0x00000084   Code   RO         1481    i.cmd_mkdir         bg_shell_commands.o
    0x080128d4   0x080128d4   0x00000058   Code   RO         1482    i.cmd_pwd           bg_shell_commands.o
    0x0801292c   0x0801292c   0x00000128   Code   RO         1483    i.cmd_recv          bg_shell_commands.o
    0x08012a54   0x08012a54   0x00000050   Code   RO         1484    i.cmd_recv_block    bg_shell_commands.o
    0x08012aa4   0x08012aa4   0x00000034   Code   RO         1485    i.cmd_recv_clear    bg_shell_commands.o
    0x08012ad8   0x08012ad8   0x0000001c   Code   RO         1486    i.cmd_recv_end      bg_shell_commands.o
    0x08012af4   0x08012af4   0x00000074   Code   RO         1487    i.cmd_rm            bg_shell_commands.o
    0x08012b68   0x08012b68   0x00000038   Code   RO         2657    i.cmd_run           command_parser.o
    0x08012ba0   0x08012ba0   0x00000078   Code   RO         1488    i.cmd_touch         bg_shell_commands.o
    0x08012c18   0x08012c18   0x00000044   Code   RO         1489    i.cmd_tree          bg_shell_commands.o
    0x08012c5c   0x08012c5c   0x000001a8   Code   RO         1490    i.cmd_vim           bg_shell_commands.o
    0x08012e04   0x08012e04   0x0000003c   Code   RO         2948    i.cmd_wifi_clear    wireless_control.o
    0x08012e40   0x08012e40   0x00000038   Code   RO         2949    i.cmd_wifi_config   wireless_control.o
    0x08012e78   0x08012e78   0x00000010   Code   RO         2950    i.cmd_wifi_help     wireless_control.o
    0x08012e88   0x08012e88   0x00000070   Code   RO         2951    i.cmd_wifi_info     wireless_control.o
    0x08012ef8   0x08012ef8   0x00000098   Code   RO         2952    i.cmd_wifi_name     wireless_control.o
    0x08012f90   0x08012f90   0x000000c4   Code   RO         2953    i.cmd_wifi_ota      wireless_control.o
    0x08013054   0x08013054   0x00000124   Code   RO         2954    i.cmd_wifi_provision  wireless_control.o
    0x08013178   0x08013178   0x00000054   Code   RO         2955    i.cmd_wifi_restart  wireless_control.o
    0x080131cc   0x080131cc   0x00000104   Code   RO         2956    i.cmd_wifi_set      wireless_control.o
    0x080132d0   0x080132d0   0x000000d0   Code   RO         2957    i.cmd_wifi_topic    wireless_control.o
    0x080133a0   0x080133a0   0x0000003a   Code   RO          398    i.crc16_ccitt       app_bl.o
    0x080133da   0x080133da   0x000000b0   Code   RO         5215    i.create_chain      ff.o
    0x0801348a   0x0801348a   0x00000002   PAD
    0x0801348c   0x0801348c   0x00000204   Code   RO         5216    i.create_name       ff.o
    0x08013690   0x08013690   0x0000003c   Code   RO         5217    i.dec_lock          ff.o
    0x080136cc   0x080136cc   0x00000144   Code   RO         5218    i.dir_find          ff.o
    0x08013810   0x08013810   0x0000011e   Code   RO         5219    i.dir_next          ff.o
    0x0801392e   0x0801392e   0x00000002   PAD
    0x08013930   0x08013930   0x00000108   Code   RO         5220    i.dir_read          ff.o
    0x08013a38   0x08013a38   0x000001d0   Code   RO         5221    i.dir_register      ff.o
    0x08013c08   0x08013c08   0x00000072   Code   RO         5222    i.dir_remove        ff.o
    0x08013c7a   0x08013c7a   0x00000098   Code   RO         5223    i.dir_sdi           ff.o
    0x08013d12   0x08013d12   0x00000002   PAD
    0x08013d14   0x08013d14   0x00000034   Code   RO         5154    i.disk_initialize   diskio.o
    0x08013d48   0x08013d48   0x0000001c   Code   RO         5155    i.disk_ioctl        diskio.o
    0x08013d64   0x08013d64   0x0000001c   Code   RO         5156    i.disk_read         diskio.o
    0x08013d80   0x08013d80   0x00000018   Code   RO         5157    i.disk_status       diskio.o
    0x08013d98   0x08013d98   0x0000001c   Code   RO         5158    i.disk_write        diskio.o
    0x08013db4   0x08013db4   0x00000028   Code   RO         2843    i.div_round64       gcode.o
    0x08013ddc   0x08013ddc   0x00000080   Code   RO         1491    i.editor_delete_line  bg_shell_commands.o
    0x08013e5c   0x08013e5c   0x00000024   Code   RO         1492    i.editor_exit       bg_shell_commands.o
    0x08013e80   0x08013e80   0x000000cc   Code   RO         1493    i.editor_input      bg_shell_commands.o
    0x08013f4c   0x08013f4c   0x000000cc   Code   RO         1494    i.editor_print      bg_shell_commands.o
    0x08014018   0x08014018   0x00000214   Code   RO         1495    i.editor_process_line  bg_shell_commands.o
    0x0801422c   0x0801422c   0x0000002c   Code   RO         1496    i.editor_prompt     bg_shell_commands.o
    0x08014258   0x08014258   0x00000064   Code   RO         1497    i.editor_save       bg_shell_commands.o
    0x080142bc   0x080142bc   0x0000009c   Code   RO         2209    i.eeprom_bus_init   drv_eeprom.o
    0x08014358   0x08014358   0x00000028   Code   RO         2210    i.eeprom_delay_us   drv_eeprom.o
    0x08014380   0x08014380   0x000000a8   Code   RO         2211    i.eeprom_drv_init   drv_eeprom.o
    0x08014428   0x08014428   0x00000014   Code   RO         2212    i.eeprom_drv_read   drv_eeprom.o
    0x0801443c   0x0801443c   0x00000014   Code   RO         2213    i.eeprom_drv_write  drv_eeprom.o
    0x08014450   0x08014450   0x00000064   Code   RO         2214    i.eeprom_i2c_read_byte  drv_eeprom.o
    0x080144b4   0x080144b4   0x0000002a   Code   RO         2215    i.eeprom_i2c_start  drv_eeprom.o
    0x080144de   0x080144de   0x0000002a   Code   RO         2216    i.eeprom_i2c_stop   drv_eeprom.o
    0x08014508   0x08014508   0x00000062   Code   RO         2217    i.eeprom_i2c_write_byte  drv_eeprom.o
    0x0801456a   0x0801456a   0x0000001a   Code   RO         2218    i.eeprom_probe      drv_eeprom.o
    0x08014584   0x08014584   0x00000018   Code   RO         2219    i.eeprom_scl        drv_eeprom.o
    0x0801459c   0x0801459c   0x00000018   Code   RO         2220    i.eeprom_sda        drv_eeprom.o
    0x080145b4   0x080145b4   0x00000018   Code   RO         2221    i.eeprom_sda_read   drv_eeprom.o
    0x080145cc   0x080145cc   0x000000f0   Code   RO         1498    i.event_tree        bg_shell_commands.o
    0x080146bc   0x080146bc   0x00000094   Code   RO         2658    i.execute_line      command_parser.o
    0x08014750   0x08014750   0x00000120   Code   RO         2844    i.execute_move      gcode.o
    0x08014870   0x08014870   0x000000fc   Code   RO         2845    i.execute_parsed    gcode.o
    0x0801496c   0x0801496c   0x0000002a   Code   RO         5225    i.f_close           ff.o
    0x08014996   0x08014996   0x00000024   Code   RO         5226    i.f_closedir        ff.o
    0x080149ba   0x080149ba   0x000000d4   Code   RO         5227    i.f_getfree         ff.o
    0x08014a8e   0x08014a8e   0x00000002   PAD
    0x08014a90   0x08014a90   0x00000284   Code   RO         5229    i.f_lseek           ff.o
    0x08014d14   0x08014d14   0x0000016c   Code   RO         5230    i.f_mkdir           ff.o
    0x08014e80   0x08014e80   0x0000005c   Code   RO         5232    i.f_mount           ff.o
    0x08014edc   0x08014edc   0x000001b0   Code   RO         5233    i.f_open            ff.o
    0x0801508c   0x0801508c   0x000000a0   Code   RO         5234    i.f_opendir         ff.o
    0x0801512c   0x0801512c   0x0000018c   Code   RO         5238    i.f_read            ff.o
    0x080152b8   0x080152b8   0x0000005c   Code   RO         5239    i.f_readdir         ff.o
    0x08015314   0x08015314   0x000000b8   Code   RO         5242    i.f_sync            ff.o
    0x080153cc   0x080153cc   0x000000b4   Code   RO         5244    i.f_unlink          ff.o
    0x08015480   0x08015480   0x000001d6   Code   RO         5246    i.f_write           ff.o
    0x08015656   0x08015656   0x00000002   PAD
    0x08015658   0x08015658   0x000000ac   Code   RO          399    i.feed_byte         app_bl.o
    0x08015704   0x08015704   0x00000094   Code   RO          400    i.feed_text         app_bl.o
    0x08015798   0x08015798   0x00000038   Code   RO         5620    i.ff_convert        ccsbcs.o
    0x080157d0   0x080157d0   0x00000024   Code   RO         5621    i.ff_wtoupper       ccsbcs.o
    0x080157f4   0x080157f4   0x00000030   Code   RO         2024    i.find_volume       fs_sd.o
    0x08015824   0x08015824   0x000002d0   Code   RO         5247    i.find_volume       ff.o
    0x08015af4   0x08015af4   0x00000024   Code   RO          401    i.flash_erase_page  app_bl.o
    0x08015b18   0x08015b18   0x00000014   Code   RO         1941    i.flash_initialize  internal_flash_diskio.o
    0x08015b2c   0x08015b2c   0x00000038   Code   RO         1942    i.flash_ioctl       internal_flash_diskio.o
    0x08015b64   0x08015b64   0x0000002c   Code   RO         1943    i.flash_read        internal_flash_diskio.o
    0x08015b90   0x08015b90   0x0000000c   Code   RO         1944    i.flash_status      internal_flash_diskio.o
    0x08015b9c   0x08015b9c   0x00000084   Code   RO         1945    i.flash_write       internal_flash_diskio.o
    0x08015c20   0x08015c20   0x00000072   Code   RO         5248    i.follow_path       ff.o
    0x08015c92   0x08015c92   0x00000002   PAD
    0x08015c94   0x08015c94   0x000001d0   Code   RO         1946    i.format_if_needed  internal_flash_diskio.o
    0x08015e64   0x08015e64   0x00000060   Code   RO         1499    i.fs_report_error   bg_shell_commands.o
    0x08015ec4   0x08015ec4   0x00000078   Code   RO         2025    i.fs_report_write_fail  fs_sd.o
    0x08015f3c   0x08015f3c   0x00000080   Code   RO         5249    i.gen_numname       ff.o
    0x08015fbc   0x08015fbc   0x0000000c   Code   RO         2222    i.get_address       drv_eeprom.o
    0x08015fc8   0x08015fc8   0x0000000c   Code   RO         1829    i.get_backend       drv_sdio.o
    0x08015fd4   0x08015fd4   0x0000000c   Code   RO         2152    i.get_baud          drv_uart.o
    0x08015fe0   0x08015fe0   0x0000000c   Code   RO         1830    i.get_block         drv_sdio.o
    0x08015fec   0x08015fec   0x00000024   Code   RO         1831    i.get_detected      drv_sdio.o
    0x08016010   0x08016010   0x0000000c   Code   RO         2223    i.get_detected      drv_eeprom.o
    0x0801601c   0x0801601c   0x0000000c   Code   RO         2378    i.get_dir_pin       drv_stepper.o
    0x08016028   0x08016028   0x00000010   Code   RO         2379    i.get_direction     drv_stepper.o
    0x08016038   0x08016038   0x0000000c   Code   RO         2380    i.get_en_pin        drv_stepper.o
    0x08016044   0x08016044   0x00000014   Code   RO         2381    i.get_enable        drv_stepper.o
    0x08016058   0x08016058   0x0000000c   Code   RO         2224    i.get_erase         drv_eeprom.o
    0x08016064   0x08016064   0x000000cc   Code   RO         5250    i.get_fat           ff.o
    0x08016130   0x08016130   0x00000004   Code   RO         3171    i.get_fattime       fatfs.o
    0x08016134   0x08016134   0x000000ce   Code   RO         5251    i.get_fileinfo      ff.o
    0x08016202   0x08016202   0x00000002   PAD
    0x08016204   0x08016204   0x00000010   Code   RO         1832    i.get_free_kb       drv_sdio.o
    0x08016214   0x08016214   0x00000010   Code   RO         1833    i.get_free_mb       drv_sdio.o
    0x08016224   0x08016224   0x0000003c   Code   RO         5252    i.get_ldnumber      ff.o
    0x08016260   0x08016260   0x00000028   Code   RO         2382    i.get_limit         drv_stepper.o
    0x08016288   0x08016288   0x00000014   Code   RO         2383    i.get_limit_active  drv_stepper.o
    0x0801629c   0x0801629c   0x00000014   Code   RO         2384    i.get_limit_pin     drv_stepper.o
    0x080162b0   0x080162b0   0x00000034   Code   RO         2385    i.get_limit_raw     drv_stepper.o
    0x080162e4   0x080162e4   0x00000018   Code   RO         1834    i.get_mount         drv_sdio.o
    0x080162fc   0x080162fc   0x0000000c   Code   RO         2225    i.get_page_size     drv_eeprom.o
    0x08016308   0x08016308   0x0000000c   Code   RO         2386    i.get_position      drv_stepper.o
    0x08016314   0x08016314   0x0000000c   Code   RO         2387    i.get_pulse_us      drv_stepper.o
    0x08016320   0x08016320   0x00000020   Code   RO         2153    i.get_rx_avail      drv_uart.o
    0x08016340   0x08016340   0x00000010   Code   RO         2226    i.get_size          drv_eeprom.o
    0x08016350   0x08016350   0x00000010   Code   RO         1835    i.get_size_kb       drv_sdio.o
    0x08016360   0x08016360   0x00000010   Code   RO         1836    i.get_size_mb       drv_sdio.o
    0x08016370   0x08016370   0x0000000c   Code   RO         2388    i.get_step_pin      drv_stepper.o
    0x0801637c   0x0801637c   0x0000000c   Code   RO         2389    i.get_steps         drv_stepper.o
    0x08016388   0x08016388   0x00000048   Code   RO         1837    i.get_type          drv_sdio.o
    0x080163d0   0x080163d0   0x00000014   Code   RO         2227    i.get_type          drv_eeprom.o
    0x080163e4   0x080163e4   0x00000030   Code   RO         2228    i.get_value         drv_eeprom.o
    0x08016414   0x08016414   0x00000124   Code   RO          402    i.handle_enter_boot  app_bl.o
    0x08016538   0x08016538   0x000000e0   Code   RO          403    i.handle_text_boot  app_bl.o
    0x08016618   0x08016618   0x000000a0   Code   RO         5253    i.inc_lock          ff.o
    0x080166b8   0x080166b8   0x00000020   Code   RO          404    i.is_word_char      app_bl.o
    0x080166d8   0x080166d8   0x00000014   Code   RO         5254    i.ld_clust          ff.o
    0x080166ec   0x080166ec   0x000000ec   Code   RO           15    i.main              main.o
    0x080167d8   0x080167d8   0x00000012   Code   RO         5255    i.mem_cpy           ff.o
    0x080167ea   0x080167ea   0x0000000e   Code   RO         5256    i.mem_set           ff.o
    0x080167f8   0x080167f8   0x00000036   Code   RO         5257    i.move_window       ff.o
    0x0801682e   0x0801682e   0x00000002   PAD
    0x08016830   0x08016830   0x00000034   Code   RO         2846    i.on_gcode_stop     gcode.o
    0x08016864   0x08016864   0x000000b4   Code   RO         2847    i.parse_fixed       gcode.o
    0x08016918   0x08016918   0x0000011e   Code   RO         2848    i.parse_line        gcode.o
    0x08016a36   0x08016a36   0x00000002   PAD
    0x08016a38   0x08016a38   0x00000014   Code   RO         2659    i.parser_abort      command_parser.o
    0x08016a4c   0x08016a4c   0x00000014   Code   RO         2026    i.path_name         fs_sd.o
    0x08016a60   0x08016a60   0x000000f4   Code   RO         2849    i.print_state       gcode.o
    0x08016b54   0x08016b54   0x000000dc   Code   RO         1500    i.print_vfs_tree    bg_shell_commands.o
    0x08016c30   0x08016c30   0x00000072   Code   RO         1947    i.program_page      internal_flash_diskio.o
    0x08016ca2   0x08016ca2   0x000000f6   Code   RO         5258    i.put_fat           ff.o
    0x08016d98   0x08016d98   0x0000000a   Code   RO         1948    i.put_word          internal_flash_diskio.o
    0x08016da2   0x08016da2   0x000000f4   Code   RO         1501    i.recv_b64_decode   bg_shell_commands.o
    0x08016e96   0x08016e96   0x00000002   PAD
    0x08016e98   0x08016e98   0x00000060   Code   RO         1502    i.recv_clear_path   bg_shell_commands.o
    0x08016ef8   0x08016ef8   0x00000098   Code   RO         2027    i.recv_session_open  fs_sd.o
    0x08016f90   0x08016f90   0x00000130   Code   RO         1503    i.recv_write_block  bg_shell_commands.o
    0x080170c0   0x080170c0   0x00000058   Code   RO         2850    i.refresh_position  gcode.o
    0x08017118   0x08017118   0x0000006e   Code   RO         5260    i.remove_chain      ff.o
    0x08017186   0x08017186   0x00000002   PAD
    0x08017188   0x08017188   0x00000134   Code   RO         2028    i.resolve_file_path  fs_sd.o
    0x080172bc   0x080172bc   0x0000006c   Code   RO         2660    i.script_read_byte  command_parser.o
    0x08017328   0x08017328   0x00000188   Code   RO         2029    i.sd_dir_load       fs_sd.o
    0x080174b0   0x080174b0   0x0000009c   Code   RO         2030    i.sd_file_read      fs_sd.o
    0x0801754c   0x0801754c   0x00000068   Code   RO         5658    i.sd_report_write_error  sd_diskio.o
    0x080175b4   0x080175b4   0x00000228   Code   RO         1838    i.sdio_drv_init     drv_sdio.o
    0x080177dc   0x080177dc   0x00000044   Code   RO         1839    i.sdio_drv_read     drv_sdio.o
    0x08017820   0x08017820   0x00000050   Code   RO         1840    i.sdio_drv_write    drv_sdio.o
    0x08017870   0x08017870   0x0000002c   Code   RO         2229    i.set_address       drv_eeprom.o
    0x0801789c   0x0801789c   0x00000024   Code   RO         1841    i.set_block         drv_sdio.o
    0x080178c0   0x080178c0   0x00000040   Code   RO         2390    i.set_direction     drv_stepper.o
    0x08017900   0x08017900   0x0000003c   Code   RO         2391    i.set_enable        drv_stepper.o
    0x0801793c   0x0801793c   0x00000020   Code   RO         2230    i.set_erase         drv_eeprom.o
    0x0801795c   0x0801795c   0x00000028   Code   RO         2392    i.set_position      drv_stepper.o
    0x08017984   0x08017984   0x00000034   Code   RO         2393    i.set_pulse_us      drv_stepper.o
    0x080179b8   0x080179b8   0x0000005c   Code   RO         2394    i.set_steps         drv_stepper.o
    0x08017a14   0x08017a14   0x0000003c   Code   RO         2231    i.set_value         drv_eeprom.o
    0x08017a50   0x08017a50   0x00000038   Code   RO         2851    i.shell_gcode_file  gcode.o
    0x08017a88   0x08017a88   0x000000c8   Code   RO         2852    i.shell_gcode_line  gcode.o
    0x08017b50   0x08017b50   0x0000000a   Code   RO         2853    i.shell_gcode_status  gcode.o
    0x08017b5a   0x08017b5a   0x00000010   Code   RO         5261    i.st_clust          ff.o
    0x08017b6a   0x08017b6a   0x00000002   PAD
    0x08017b6c   0x08017b6c   0x00000028   Code   RO         2395    i.stepper_delay_us  drv_stepper.o
    0x08017b94   0x08017b94   0x0000006c   Code   RO         2396    i.stepper_drv_init  drv_stepper.o
    0x08017c00   0x08017c00   0x0000004a   Code   RO         2397    i.stepper_drv_ioctl  drv_stepper.o
    0x08017c4a   0x08017c4a   0x00000002   PAD
    0x08017c4c   0x08017c4c   0x00000054   Code   RO         2398    i.stepper_drv_read  drv_stepper.o
    0x08017ca0   0x08017ca0   0x00000058   Code   RO         2399    i.stepper_drv_write  drv_stepper.o
    0x08017cf8   0x08017cf8   0x0000010c   Code   RO         2400    i.stepper_gpio_init  drv_stepper.o
    0x08017e04   0x08017e04   0x0000000a   Code   RO         2401    i.stepper_group_init  drv_stepper.o
    0x08017e0e   0x08017e0e   0x00000028   Code   RO         2402    i.stepper_group_ioctl  drv_stepper.o
    0x08017e36   0x08017e36   0x00000026   Code   RO         2403    i.stepper_group_write  drv_stepper.o
    0x08017e5c   0x08017e5c   0x0000016c   Code   RO         2404    i.stepper_move_group  drv_stepper.o
    0x08017fc8   0x08017fc8   0x0000001a   Code   RO         5262    i.sum_sfn           ff.o
    0x08017fe2   0x08017fe2   0x000000b6   Code   RO         5263    i.sync_fs           ff.o
    0x08018098   0x08018098   0x00000060   Code   RO         5264    i.sync_window       ff.o
    0x080180f8   0x080180f8   0x000000f8   Code   RO         1504    i.sys_info          bg_shell_commands.o
    0x080181f0   0x080181f0   0x00000070   Code   RO         1505    i.sys_mem           bg_shell_commands.o
    0x08018260   0x08018260   0x00000040   Code   RO         1506    i.sys_reboot        bg_shell_commands.o
    0x080182a0   0x080182a0   0x00000030   Code   RO         1507    i.sys_version       bg_shell_commands.o
    0x080182d0   0x080182d0   0x00000020   Code   RO         2753    i.timer_get_now     drv_timer1ms.o
    0x080182f0   0x080182f0   0x0000001a   Code   RO         2754    i.timer_read        drv_timer1ms.o
    0x0801830a   0x0801830a   0x00000004   Code   RO         1738    i.uart1_available   shell_io_uart.o
    0x0801830e   0x0801830e   0x00000004   Code   RO         1739    i.uart1_recv        shell_io_uart.o
    0x08018312   0x08018312   0x00000002   PAD
    0x08018314   0x08018314   0x00000018   Code   RO         1740    i.uart1_send        shell_io_uart.o
    0x0801832c   0x0801832c   0x00000004   Code   RO         1741    i.uart3_available   shell_io_uart.o
    0x08018330   0x08018330   0x00000004   Code   RO         1742    i.uart3_recv        shell_io_uart.o
    0x08018334   0x08018334   0x00000018   Code   RO         1743    i.uart3_send        shell_io_uart.o
    0x0801834c   0x0801834c   0x00000012   Code   RO         1744    i.uart_all_available  shell_io_uart.o
    0x0801835e   0x0801835e   0x00000022   Code   RO         1745    i.uart_all_recv     shell_io_uart.o
    0x08018380   0x08018380   0x0000002c   Code   RO         1746    i.uart_all_send     shell_io_uart.o
    0x080183ac   0x080183ac   0x00000028   Code   RO          287    i.uart_drv_of       usart.o
    0x080183d4   0x080183d4   0x00000012   Code   RO         2154    i.uart_drv_read     drv_uart.o
    0x080183e6   0x080183e6   0x00000018   Code   RO         2155    i.uart_drv_write    drv_uart.o
    0x080183fe   0x080183fe   0x00000002   PAD
    0x08018400   0x08018400   0x00000024   Code   RO          288    i.uart_hdma_of      usart.o
    0x08018424   0x08018424   0x00000056   Code   RO          290    i.uart_rb_drain     usart.o
    0x0801847a   0x0801847a   0x00000042   Code   RO          291    i.uart_rb_pop       usart.o
    0x080184bc   0x080184bc   0x00000048   Code   RO          292    i.uart_rx_start     usart.o
    0x08018504   0x08018504   0x00000012   Code   RO          293    i.uart_tx           usart.o
    0x08018516   0x08018516   0x0000008e   Code   RO         2661    i.utf8_feed         command_parser.o
    0x080185a4   0x080185a4   0x0000002c   Code   RO         5265    i.validate          ff.o
    0x080185d0   0x080185d0   0x0000005a   Code   RO         2854    i.verify_checksum   gcode.o
    0x0801862a   0x0801862a   0x00000002   PAD
    0x0801862c   0x0801862c   0x00000048   Code   RO         2958    i.wifi_send_line    wireless_control.o
    0x08018674   0x08018674   0x0000002c   Code   RO         2959    i.wifi_send_simple  wireless_control.o
    0x080186a0   0x080186a0   0x0000002c   Code   RO         5895    locale$$code        c_w.l(lc_ctype_c.o)
    0x080186cc   0x080186cc   0x0000002c   Code   RO         6019    locale$$code        c_w.l(lc_numeric_c.o)
    0x080186f8   0x080186f8   0x00000004   Code   RO         5899    x$fpl$printf1       fz_ws.l(printf1.o)
    0x080186fc   0x080186fc   0x00000004   Code   RO         5901    x$fpl$printf2       fz_ws.l(printf2.o)
    0x08018700   0x08018700   0x00000000   Code   RO         6039    x$fpl$usenofp       fz_ws.l(usenofp.o)
    0x08018700   0x08018700   0x00000018   Data   RO           16    .constdata          main.o
    0x08018718   0x08018718   0x00000015   Data   RO          406    .constdata          app_bl.o
    0x0801872d   0x0801872d   0x00000003   PAD
    0x08018730   0x08018730   0x0000002c   Data   RO          757    .constdata          banux_component.o
    0x0801875c   0x0801875c   0x00000018   Data   RO          859    .constdata          banux_io.o
    0x08018774   0x08018774   0x00000018   Data   RO          952    .constdata          vfs.o
    0x0801878c   0x0801878c   0x00000018   Data   RO         1090    .constdata          drv_init.o
    0x080187a4   0x080187a4   0x00000018   Data   RO         1301    .constdata          bg_shell.o
    0x080187bc   0x080187bc   0x000000a0   Data   RO         1302    .constdata          bg_shell.o
    0x0801885c   0x0801885c   0x00000014   Data   RO         1303    .constdata          bg_shell.o
    0x08018870   0x08018870   0x00000078   Data   RO         1509    .constdata          bg_shell_commands.o
    0x080188e8   0x080188e8   0x00000140   Data   RO         1510    .constdata          bg_shell_commands.o
    0x08018a28   0x08018a28   0x00000028   Data   RO         1511    .constdata          bg_shell_commands.o
    0x08018a50   0x08018a50   0x00000028   Data   RO         1512    .constdata          bg_shell_commands.o
    0x08018a78   0x08018a78   0x00000028   Data   RO         1513    .constdata          bg_shell_commands.o
    0x08018aa0   0x08018aa0   0x00000028   Data   RO         1514    .constdata          bg_shell_commands.o
    0x08018ac8   0x08018ac8   0x00000028   Data   RO         1515    .constdata          bg_shell_commands.o
    0x08018af0   0x08018af0   0x00000028   Data   RO         1516    .constdata          bg_shell_commands.o
    0x08018b18   0x08018b18   0x00000028   Data   RO         1517    .constdata          bg_shell_commands.o
    0x08018b40   0x08018b40   0x00000028   Data   RO         1518    .constdata          bg_shell_commands.o
    0x08018b68   0x08018b68   0x00000028   Data   RO         1519    .constdata          bg_shell_commands.o
    0x08018b90   0x08018b90   0x00000028   Data   RO         1520    .constdata          bg_shell_commands.o
    0x08018bb8   0x08018bb8   0x00000064   Data   RO         1521    .constdata          bg_shell_commands.o
    0x08018c1c   0x08018c1c   0x00000028   Data   RO         1522    .constdata          bg_shell_commands.o
    0x08018c44   0x08018c44   0x00000028   Data   RO         1523    .constdata          bg_shell_commands.o
    0x08018c6c   0x08018c6c   0x00000028   Data   RO         1524    .constdata          bg_shell_commands.o
    0x08018c94   0x08018c94   0x00000028   Data   RO         1525    .constdata          bg_shell_commands.o
    0x08018cbc   0x08018cbc   0x00000030   Data   RO         1747    .constdata          shell_io_uart.o
    0x08018cec   0x08018cec   0x000000c8   Data   RO         1843    .constdata          drv_sdio.o
    0x08018db4   0x08018db4   0x00000014   Data   RO         1950    .constdata          internal_flash_diskio.o
    0x08018dc8   0x08018dc8   0x00000019   Data   RO         2032    .constdata          fs_sd.o
    0x08018de1   0x08018de1   0x00000003   PAD
    0x08018de4   0x08018de4   0x0000003c   Data   RO         2156    .constdata          drv_uart.o
    0x08018e20   0x08018e20   0x000000a0   Data   RO         2232    .constdata          drv_eeprom.o
    0x08018ec0   0x08018ec0   0x000000b4   Data   RO         2405    .constdata          drv_stepper.o
    0x08018f74   0x08018f74   0x00000104   Data   RO         2406    .constdata          drv_stepper.o
    0x08019078   0x08019078   0x00000018   Data   RO         2573    .constdata          event_component_manifest.o
    0x08019090   0x08019090   0x00000018   Data   RO         2640    .constdata          upgrade_component_manifest.o
    0x080190a8   0x080190a8   0x00000018   Data   RO         2663    .constdata          command_parser.o
    0x080190c0   0x080190c0   0x00000028   Data   RO         2664    .constdata          command_parser.o
    0x080190e8   0x080190e8   0x00000028   Data   RO         2665    .constdata          command_parser.o
    0x08019110   0x08019110   0x00000028   Data   RO         2666    .constdata          command_parser.o
    0x08019138   0x08019138   0x00000028   Data   RO         2755    .constdata          drv_timer1ms.o
    0x08019160   0x08019160   0x00000018   Data   RO         2815    .constdata          internal_flash_fs.o
    0x08019178   0x08019178   0x00000034   Data   RO         2856    .constdata          gcode.o
    0x080191ac   0x080191ac   0x00000050   Data   RO         2857    .constdata          gcode.o
    0x080191fc   0x080191fc   0x00000018   Data   RO         2858    .constdata          gcode.o
    0x08019214   0x08019214   0x000000dc   Data   RO         2960    .constdata          wireless_control.o
    0x080192f0   0x080192f0   0x00000014   Data   RO         2961    .constdata          wireless_control.o
    0x08019304   0x08019304   0x00000018   Data   RO         2962    .constdata          wireless_control.o
    0x0801931c   0x0801931c   0x00000018   Data   RO         3175    .constdata          fatfs.o
    0x08019334   0x08019334   0x00000012   Data   RO         3435    .constdata          stm32f1xx_hal_rcc.o
    0x08019346   0x08019346   0x00000010   Data   RO         5118    .constdata          system_stm32f1xx.o
    0x08019356   0x08019356   0x00000008   Data   RO         5119    .constdata          system_stm32f1xx.o
    0x0801935e   0x0801935e   0x000000ba   Data   RO         5267    .constdata          ff.o
    0x08019418   0x08019418   0x000004c0   Data   RO         5622    .constdata          ccsbcs.o
    0x080198d8   0x080198d8   0x00000014   Data   RO         5660    .constdata          sd_diskio.o
    0x080198ec   0x080198ec   0x00000011   Data   RO         5757    .constdata          c_w.l(__printf_flags_ss_wp.o)
    0x080198fd   0x080198fd   0x00000003   PAD
    0x08019900   0x08019900   0x00000008   Data   RO         5833    .constdata          c_w.l(_printf_wctomb.o)
    0x08019908   0x08019908   0x00000028   Data   RO         5862    .constdata          c_w.l(_printf_hex_int_ll_ptr.o)
    0x08019930   0x08019930   0x00000026   Data   RO         5934    .constdata          c_w.l(_printf_fp_hex.o)
    0x08019956   0x08019956   0x00000002   PAD
    0x08019958   0x08019958   0x00000094   Data   RO         5994    .constdata          c_w.l(bigflt0.o)
    0x080199ec   0x080199ec   0x00000048   Data   RO           17    .conststring        main.o
    0x08019a34   0x08019a34   0x00000038   Data   RO          860    .conststring        banux_io.o
    0x08019a6c   0x08019a6c   0x0000001c   Data   RO          953    .conststring        vfs.o
    0x08019a88   0x08019a88   0x00000048   Data   RO         1091    .conststring        drv_init.o
    0x08019ad0   0x08019ad0   0x00000035   Data   RO         1201    .conststring        drv_device.o
    0x08019b05   0x08019b05   0x00000003   PAD
    0x08019b08   0x08019b08   0x00000030   Data   RO         1304    .conststring        bg_shell.o
    0x08019b38   0x08019b38   0x00000046   Data   RO         1305    .conststring        bg_shell.o
    0x08019b7e   0x08019b7e   0x00000002   PAD
    0x08019b80   0x08019b80   0x000000c8   Data   RO         1306    .conststring        bg_shell.o
    0x08019c48   0x08019c48   0x0000007f   Data   RO         1526    .conststring        bg_shell_commands.o
    0x08019cc7   0x08019cc7   0x00000001   PAD
    0x08019cc8   0x08019cc8   0x00000223   Data   RO         1527    .conststring        bg_shell_commands.o
    0x08019eeb   0x08019eeb   0x00000001   PAD
    0x08019eec   0x08019eec   0x00000021   Data   RO         1528    .conststring        bg_shell_commands.o
    0x08019f0d   0x08019f0d   0x00000003   PAD
    0x08019f10   0x08019f10   0x00000022   Data   RO         1529    .conststring        bg_shell_commands.o
    0x08019f32   0x08019f32   0x00000002   PAD
    0x08019f34   0x08019f34   0x00000009   Data   RO         1530    .conststring        bg_shell_commands.o
    0x08019f3d   0x08019f3d   0x00000003   PAD
    0x08019f40   0x08019f40   0x00000020   Data   RO         1533    .conststring        bg_shell_commands.o
    0x08019f60   0x08019f60   0x00000011   Data   RO         1534    .conststring        bg_shell_commands.o
    0x08019f71   0x08019f71   0x00000003   PAD
    0x08019f74   0x08019f74   0x0000001b   Data   RO         1535    .conststring        bg_shell_commands.o
    0x08019f8f   0x08019f8f   0x00000001   PAD
    0x08019f90   0x08019f90   0x00000011   Data   RO         1536    .conststring        bg_shell_commands.o
    0x08019fa1   0x08019fa1   0x00000003   PAD
    0x08019fa4   0x08019fa4   0x000000d7   Data   RO         1538    .conststring        bg_shell_commands.o
    0x0801a07b   0x0801a07b   0x00000001   PAD
    0x0801a07c   0x0801a07c   0x00000026   Data   RO         1539    .conststring        bg_shell_commands.o
    0x0801a0a2   0x0801a0a2   0x00000002   PAD
    0x0801a0a4   0x0801a0a4   0x00000014   Data   RO         1540    .conststring        bg_shell_commands.o
    0x0801a0b8   0x0801a0b8   0x0000001c   Data   RO         1541    .conststring        bg_shell_commands.o
    0x0801a0d4   0x0801a0d4   0x0000002c   Data   RO         1542    .conststring        bg_shell_commands.o
    0x0801a100   0x0801a100   0x0000001a   Data   RO         1748    .conststring        shell_io_uart.o
    0x0801a11a   0x0801a11a   0x00000002   PAD
    0x0801a11c   0x0801a11c   0x0000012a   Data   RO         1844    .conststring        drv_sdio.o
    0x0801a246   0x0801a246   0x00000002   PAD
    0x0801a248   0x0801a248   0x00000019   Data   RO         1845    .conststring        drv_sdio.o
    0x0801a261   0x0801a261   0x00000003   PAD
    0x0801a264   0x0801a264   0x0000007d   Data   RO         2033    .conststring        fs_sd.o
    0x0801a2e1   0x0801a2e1   0x00000003   PAD
    0x0801a2e4   0x0801a2e4   0x00000041   Data   RO         2157    .conststring        drv_uart.o
    0x0801a325   0x0801a325   0x00000003   PAD
    0x0801a328   0x0801a328   0x00000046   Data   RO         2158    .conststring        drv_uart.o
    0x0801a36e   0x0801a36e   0x00000002   PAD
    0x0801a370   0x0801a370   0x000000dc   Data   RO         2233    .conststring        drv_eeprom.o
    0x0801a44c   0x0801a44c   0x0000002f   Data   RO         2234    .conststring        drv_eeprom.o
    0x0801a47b   0x0801a47b   0x00000001   PAD
    0x0801a47c   0x0801a47c   0x000000f2   Data   RO         2407    .conststring        drv_stepper.o
    0x0801a56e   0x0801a56e   0x00000002   PAD
    0x0801a570   0x0801a570   0x00000109   Data   RO         2408    .conststring        drv_stepper.o
    0x0801a679   0x0801a679   0x00000003   PAD
    0x0801a67c   0x0801a67c   0x0000009e   Data   RO         2409    .conststring        drv_stepper.o
    0x0801a71a   0x0801a71a   0x00000002   PAD
    0x0801a71c   0x0801a71c   0x00000036   Data   RO         2574    .conststring        event_component_manifest.o
    0x0801a752   0x0801a752   0x00000002   PAD
    0x0801a754   0x0801a754   0x00000038   Data   RO         2641    .conststring        upgrade_component_manifest.o
    0x0801a78c   0x0801a78c   0x0000003e   Data   RO         2667    .conststring        command_parser.o
    0x0801a7ca   0x0801a7ca   0x00000002   PAD
    0x0801a7cc   0x0801a7cc   0x00000029   Data   RO         2668    .conststring        command_parser.o
    0x0801a7f5   0x0801a7f5   0x00000003   PAD
    0x0801a7f8   0x0801a7f8   0x0000002e   Data   RO         2669    .conststring        command_parser.o
    0x0801a826   0x0801a826   0x00000002   PAD
    0x0801a828   0x0801a828   0x0000004a   Data   RO         2670    .conststring        command_parser.o
    0x0801a872   0x0801a872   0x00000002   PAD
    0x0801a874   0x0801a874   0x00000023   Data   RO         2756    .conststring        drv_timer1ms.o
    0x0801a897   0x0801a897   0x00000001   PAD
    0x0801a898   0x0801a898   0x00000029   Data   RO         2757    .conststring        drv_timer1ms.o
    0x0801a8c1   0x0801a8c1   0x00000003   PAD
    0x0801a8c4   0x0801a8c4   0x0000004d   Data   RO         2799    .conststring        driver_init.o
    0x0801a911   0x0801a911   0x00000003   PAD
    0x0801a914   0x0801a914   0x00000036   Data   RO         2816    .conststring        internal_flash_fs.o
    0x0801a94a   0x0801a94a   0x00000002   PAD
    0x0801a94c   0x0801a94c   0x00000083   Data   RO         2859    .conststring        gcode.o
    0x0801a9cf   0x0801a9cf   0x00000001   PAD
    0x0801a9d0   0x0801a9d0   0x0000005a   Data   RO         2860    .conststring        gcode.o
    0x0801aa2a   0x0801aa2a   0x00000002   PAD
    0x0801aa2c   0x0801aa2c   0x00000022   Data   RO         2861    .conststring        gcode.o
    0x0801aa4e   0x0801aa4e   0x00000002   PAD
    0x0801aa50   0x0801aa50   0x000001f6   Data   RO         2963    .conststring        wireless_control.o
    0x0801ac46   0x0801ac46   0x00000002   PAD
    0x0801ac48   0x0801ac48   0x000007dd   Data   RO         2964    .conststring        wireless_control.o
    0x0801b425   0x0801b425   0x00000003   PAD
    0x0801b428   0x0801b428   0x00000051   Data   RO         2965    .conststring        wireless_control.o
    0x0801b479   0x0801b479   0x00000003   PAD
    0x0801b47c   0x0801b47c   0x00000027   Data   RO         3176    .conststring        fatfs.o
    0x0801b4a3   0x0801b4a3   0x00000001   PAD
    0x0801b4a4   0x0801b4a4   0x000000c4   Data   RO         5661    .conststring        sd_diskio.o
    0x0801b568   0x0801b568   0x00000020   Data   RO         6119    Region$$Table       anon$$obj.o
    0x0801b588   0x0801b588   0x00000110   Data   RO         5894    locale$$data        c_w.l(lc_ctype_c.o)
    0x0801b698   0x0801b698   0x0000001c   Data   RO         6018    locale$$data        c_w.l(lc_numeric_c.o)


    Execution Region RW_IRAM1 (Exec base: 0x20000000, Load base: 0x0801b6b4, Size: 0x0000df08, Max: 0x00010000, ABSOLUTE, COMPRESSED[0x0000018c])

    Exec Addr    Load Addr    Size         Type   Attr      Idx    E Section Name        Object

    0x20000000   COMPRESSED   0x00000018   Data   RW          407    .data               app_bl.o
    0x20000018   COMPRESSED   0x00000010   Data   RW          652    .data               banux.o
    0x20000028   COMPRESSED   0x00000001   Data   RW          758    .data               banux_component.o
    0x20000029   COMPRESSED   0x00000003   PAD
    0x2000002c   COMPRESSED   0x00000004   Data   RW          822    .data               banux_debug.o
    0x20000030   COMPRESSED   0x0000000c   Data   RW          954    .data               vfs.o
    0x2000003c   COMPRESSED   0x0000002c   Data   RW         1122    .data               drv_fs.o
    0x20000068   COMPRESSED   0x00000028   Data   RW         1202    .data               drv_device.o
    0x20000090   COMPRESSED   0x0000002c   Data   RW         1307    .data               bg_shell.o
    0x200000bc   COMPRESSED   0x00000038   Data   RW         1846    .data               drv_sdio.o
    0x200000f4   COMPRESSED   0x00000001   Data   RW         1951    .data               internal_flash_diskio.o
    0x200000f5   COMPRESSED   0x00000003   PAD
    0x200000f8   COMPRESSED   0x0000000c   Data   RW         2034    .data               fs_sd.o
    0x20000104   COMPRESSED   0x00000010   Data   RW         2159    .data               drv_uart.o
    0x20000114   COMPRESSED   0x00000010   Data   RW         2160    .data               drv_uart.o
    0x20000124   COMPRESSED   0x00000070   Data   RW         2161    .data               drv_uart.o
    0x20000194   COMPRESSED   0x00000038   Data   RW         2235    .data               drv_eeprom.o
    0x200001cc   COMPRESSED   0x00000004   Data   RW         2236    .data               drv_eeprom.o
    0x200001d0   COMPRESSED   0x000001fc   Data   RW         2410    .data               drv_stepper.o
    0x200003cc   COMPRESSED   0x00000003   Data   RW         2592    .data               bg_event.o
    0x200003cf   COMPRESSED   0x00000001   PAD
    0x200003d0   COMPRESSED   0x00000008   Data   RW         2671    .data               command_parser.o
    0x200003d8   COMPRESSED   0x00000038   Data   RW         2758    .data               drv_timer1ms.o
    0x20000410   COMPRESSED   0x0000000a   Data   RW         3177    .data               fatfs.o
    0x2000041a   COMPRESSED   0x00000002   PAD
    0x2000041c   COMPRESSED   0x0000000c   Data   RW         3272    .data               stm32f1xx_hal.o
    0x20000428   COMPRESSED   0x00000004   Data   RW         5120    .data               system_stm32f1xx.o
    0x2000042c   COMPRESSED   0x0000000c   Data   RW         5268    .data               ff.o
    0x20000438   COMPRESSED   0x0000000c   Data   RW         5662    .data               sd_diskio.o
    0x20000444        -       0x00000084   Zero   RW          241    .bss                sdio.o
    0x200004c8        -       0x00002524   Zero   RW          294    .bss                usart.o
    0x200029ec        -       0x00000248   Zero   RW          405    .bss                app_bl.o
    0x20002c34        -       0x00000080   Zero   RW          756    .bss                banux_component.o
    0x20002cb4        -       0x00005880   Zero   RW          951    .bss                vfs.o
    0x20008534        -       0x00000040   Zero   RW         1200    .bss                drv_device.o
    0x20008574        -       0x00000ba0   Zero   RW         1300    .bss                bg_shell.o
    0x20009114        -       0x00000a4c   Zero   RW         1508    .bss                bg_shell_commands.o
    0x20009b60        -       0x00000230   Zero   RW         1842    .bss                drv_sdio.o
    0x20009d90        -       0x00000800   Zero   RW         1949    .bss                internal_flash_diskio.o
    0x2000a590        -       0x00000710   Zero   RW         2031    .bss                fs_sd.o
    0x2000aca0        -       0x00000180   Zero   RW         2591    .bss                bg_event.o
    0x2000ae20        -       0x00000540   Zero   RW         2662    .bss                command_parser.o
    0x2000b360        -       0x00000018   Zero   RW         2855    .bss                gcode.o
    0x2000b378        -       0x00000200   Zero   RW         3052    .bss                bsp_driver_sd.o
    0x2000b578        -       0x00000230   Zero   RW         3172    .bss                fatfs.o
    0x2000b7a8        -       0x00000230   Zero   RW         3174    .bss                fatfs.o
    0x2000b9d8        -       0x00000020   Zero   RW         3978    .bss                stm32f1xx_hal_flash.o
    0x2000b9f8        -       0x0000009a   Zero   RW         5266    .bss                ff.o
    0x2000ba92   COMPRESSED   0x00000002   PAD
    0x2000ba94        -       0x00000010   Zero   RW         5547    .bss                ff_gen_drv.o
    0x2000baa4        -       0x00000200   Zero   RW         5659    .bss                sd_diskio.o
    0x2000bca4        -       0x00000060   Zero   RW         5908    .bss                c_w.l(libspace.o)
    0x2000bd04   COMPRESSED   0x00000004   PAD
    0x2000bd08        -       0x00000200   Zero   RW            2    HEAP                startup_stm32f103xe.o
    0x2000bf08        -       0x00002000   Zero   RW            1    STACK               startup_stm32f103xe.o


==============================================================================

Image component sizes


      Code (inc. data)   RO Data    RW Data    ZI Data      Debug   Object Name

      1986        598         21         24        584      39847   app_bl.o
       300        116          0         16          0       9285   banux.o
       432        104         44          1        128       6509   banux_component.o
        60         10          0          4          0       2283   banux_debug.o
       378          8         80          0          0      11372   banux_io.o
        14          0          0          0          0        505   banux_scheduler.o
      2176       1244          0          3        384       6666   bg_event.o
      3768        788        522         44       2976      23775   bg_shell.o
      6780       3022       2288          0       2636      39215   bg_shell_commands.o
       410         32          0          0        512      31923   bsp_driver_sd.o
        92         12       1216          0          0       2019   ccsbcs.o
      1638        558        367          8       1344      10779   command_parser.o
       160         22          0          0          0       3673   diskio.o
       328        228         77          0          0        674   driver_init.o
      1818       1266         53         40         64       4800   drv_device.o
      1478        228        427         60          0      18298   drv_eeprom.o
       476        302          0         44          0       7539   drv_fs.o
       208        116         96          0          0       1013   drv_init.o
      1012        432        523         56        560      13383   drv_sdio.o
      2234        362       1105        508          0      25632   drv_stepper.o
        90         12        116         56          0       3795   drv_timer1ms.o
       170         54        195        144          0       4123   drv_uart.o
         0          0         78          0          0        298   event_component_manifest.o
        72         20         63         10       1120       2002   fatfs.o
      8430        112        186         12        154      48239   ff.o
        70          4          0          0         16       1603   ff_gen_drv.o
      3080        974        150         12       1808      16593   fs_sd.o
      2228        368        411          0         24      15396   gcode.o
       128          8          0          0          0        955   gpio.o
       852         84         20          1       2048      11007   internal_flash_diskio.o
       272        168         78          0          0       1085   internal_flash_fs.o
       334        130         96          0          0     492968   main.o
       564         82        216         12        512       5916   sd_diskio.o
       192         24          0          0        132       1633   sdio.o
       168         26         74          0          0       6254   shell_io_uart.o
        64         26        304          0       8704        812   startup_stm32f103xe.o
       164         28          0         12          0       6529   stm32f1xx_hal.o
       232         14          0          0          0      29617   stm32f1xx_hal_cortex.o
      1236         52          0          0          0       5134   stm32f1xx_hal_dma.o
       392         46          0          0         32       4746   stm32f1xx_hal_flash.o
       240         26          0          0          0       3253   stm32f1xx_hal_flash_ex.o
       524         42          0          0          0       3535   stm32f1xx_hal_gpio.o
        60          8          0          0          0        878   stm32f1xx_hal_msp.o
      1240         84         18          0          0       5124   stm32f1xx_hal_rcc.o
      2148         28          0          0          0      10951   stm32f1xx_hal_sd.o
      1908         24          0          0          0      13081   stm32f1xx_hal_uart.o
        68         24          0          0          0       5664   stm32f1xx_it.o
      1570         48          0          0          0      21288   stm32f1xx_ll_sdmmc.o
         0          0          0          0          0        524   syscall.o
         2          0         24          4          0       1119   system_stm32f1xx.o
         0          0         80          0          0        329   upgrade_component_manifest.o
       964         98          0          0       9508       8184   usart.o
      1924         96         52         12      22656      18576   vfs.o
      1576        890       2860          0          0      10624   wireless_control.o

    ----------------------------------------------------------------------
     56780      13048      11960       1092      55904    1021025   Object Totals
         0          0         32          0          0          0   (incl. Generated)
        70          0         88          9          2          0   (incl. Padding)

    ----------------------------------------------------------------------

      Code (inc. data)   RO Data    RW Data    ZI Data      Debug   Library Member Name

        60          8          0          0          0         84   __0sscanf.o
        56          6          0          0          0         88   __2snprintf.o
        90          0          0          0          0          0   __dczerorl2.o
         8          0          0          0          0         68   __main.o
       392          4         17          0          0         92   __printf_flags_ss_wp.o
        14          0          0          0          0         68   __printf_wp.o
         0          0          0          0          0          0   __rtentry.o
        12          0          0          0          0          0   __rtentry2.o
         6          0          0          0          0          0   __rtentry4.o
        52          8          0          0          0          0   __scatter.o
        28          0          0          0          0          0   __scatter_zi.o
        28          0          0          0          0         68   _chval.o
         6          0          0          0          0          0   _printf_a.o
         6          0          0          0          0          0   _printf_c.o
        44          0          0          0          0        108   _printf_char.o
        48          6          0          0          0         96   _printf_char_common.o
        40          0          0          0          0         68   _printf_charcount.o
         6          0          0          0          0          0   _printf_d.o
       120         16          0          0          0         92   _printf_dec.o
         6          0          0          0          0          0   _printf_e.o
         6          0          0          0          0          0   _printf_f.o
      1054          0          0          0          0        216   _printf_fp_dec.o
       764          8         38          0          0        100   _printf_fp_hex.o
       128         16          0          0          0         84   _printf_fp_infnan.o
         6          0          0          0          0          0   _printf_g.o
       148          4         40          0          0        160   _printf_hex_int_ll_ptr.o
         6          0          0          0          0          0   _printf_i.o
       178          0          0          0          0         88   _printf_intcommon.o
        10          0          0          0          0          0   _printf_l.o
         6          0          0          0          0          0   _printf_lc.o
        10          0          0          0          0          0   _printf_ll.o
         6          0          0          0          0          0   _printf_lld.o
         6          0          0          0          0          0   _printf_lli.o
         6          0          0          0          0          0   _printf_llo.o
         6          0          0          0          0          0   _printf_llu.o
         6          0          0          0          0          0   _printf_llx.o
       124         16          0          0          0         92   _printf_longlong_dec.o
         6          0          0          0          0          0   _printf_ls.o
         6          0          0          0          0          0   _printf_n.o
         6          0          0          0          0          0   _printf_o.o
       112         10          0          0          0        124   _printf_oct_int_ll.o
         6          0          0          0          0          0   _printf_p.o
        78          0          0          0          0        108   _printf_pad.o
         0          0          0          0          0          0   _printf_percent.o
         4          0          0          0          0          0   _printf_percent_end.o
         6          0          0          0          0          0   _printf_s.o
        82          0          0          0          0         80   _printf_str.o
        36          0          0          0          0         84   _printf_truncate.o
         6          0          0          0          0          0   _printf_u.o
        44          0          0          0          0        108   _printf_wchar.o
       188          6          8          0          0         92   _printf_wctomb.o
         6          0          0          0          0          0   _printf_x.o
       884          4          0          0          0        100   _scanf.o
       332          0          0          0          0         96   _scanf_int.o
        64          0          0          0          0         84   _sgetc.o
        16          0          0          0          0         68   _snputc.o
        10          0          0          0          0         68   _sputc.o
       158          0          0          0          0         92   _strtoul.o
        64          0          0          0          0         92   _wcrtomb.o
        16          0          0          0          0         68   aeabi_memset.o
        26          0          0          0          0         80   atoi.o
       228          4        148          0          0         96   bigflt0.o
      1936        128          0          0          0        672   btod.o
        18          0          0          0          0         80   exit.o
         6          0          0          0          0        152   heapauxi.o
         0          0          0          0          0          0   indicate_semi.o
        18          0          0          0          0         76   isspace.o
        44         10        272          0          0         76   lc_ctype_c.o
        44         10         28          0          0         76   lc_numeric_c.o
         2          0          0          0          0          0   libinit.o
        30          0          0          0          0          0   libinit2.o
         2          0          0          0          0          0   libshutdown.o
         2          0          0          0          0          0   libshutdown2.o
         8          4          0          0         96         68   libspace.o
        72          0          0          0          0         76   llsdiv.o
       138          0          0          0          0         80   lludiv10.o
       238          0          0          0          0        100   lludivv7m.o
        38          0          0          0          0         68   llushr.o
        88          0          0          0          0         76   memcmp.o
        16          4          0          0          0         76   rt_ctype_table.o
         8          4          0          0          0         68   rt_errno_addr_intlibspace.o
         8          4          0          0          0         68   rt_locale_intlibspace.o
        68          0          0          0          0         68   rt_memclr.o
        78          0          0          0          0         80   rt_memclr_w.o
       138          0          0          0          0         68   rt_memcpy_v6.o
       100          0          0          0          0         80   rt_memcpy_w.o
       132          0          0          0          0         68   rt_memmove_v6.o
       122          0          0          0          0         80   rt_memmove_w.o
         2          0          0          0          0          0   rtexit.o
        10          0          0          0          0          0   rtexit2.o
        44          8          0          0          0         84   scanf_char.o
        24          0          0          0          0         68   strcat.o
        20          0          0          0          0         68   strchr.o
       128          0          0          0          0         68   strcmpv7m.o
        62          0          0          0          0         76   strlen.o
       150          0          0          0          0         80   strncmp.o
        86          0          0          0          0         76   strncpy.o
        22          0          0          0          0         68   strrchr.o
       112          0          0          0          0         88   strtol.o
       114          0          0          0          0         92   strtoul.o
        12          4          0          0          0         68   sys_exit.o
        74          0          0          0          0         80   sys_stackheap_outer.o
        30          0          0          0          0         76   toupper.o
         2          0          0          0          0         68   use_no_semi.o
        52          4          0          0          0         80   vsnprintf.o
         4          0          0          0          0         68   printf1.o
         4          0          0          0          0         68   printf2.o
         0          0          0          0          0          0   usenofp.o
        40          0          0          0          0         68   fpclassify.o

    ----------------------------------------------------------------------
     10244        296        556          0        100       6612   Library Totals
        22          0          5          0          4          0   (incl. Padding)

    ----------------------------------------------------------------------

      Code (inc. data)   RO Data    RW Data    ZI Data      Debug   Library Name

     10174        296        551          0         96       6408   c_w.l
         8          0          0          0          0        136   fz_ws.l
        40          0          0          0          0         68   m_ws.l

    ----------------------------------------------------------------------
     10244        296        556          0        100       6612   Library Totals

    ----------------------------------------------------------------------

==============================================================================


      Code (inc. data)   RO Data    RW Data    ZI Data      Debug   

     67024      13344      12516       1092      56004     997681   Grand Totals
     67024      13344      12516        396      56004     997681   ELF Image Totals (compressed)
     67024      13344      12516        396          0          0   ROM Totals

==============================================================================

    Total RO  Size (Code + RO Data)                79540 (  77.68kB)
    Total RW  Size (RW Data + ZI Data)             57096 (  55.76kB)
    Total ROM Size (Code + RO Data + RW Data)      79936 (  78.06kB)

==============================================================================

