Component: ARM Compiler 5.06 update 7 (build 960) Tool: armlink [4d3601]

==============================================================================

Section Cross References

    startup_stm32f103xe.o(STACK) refers (Special) to heapauxi.o(.text) for __use_two_region_memory
    startup_stm32f103xe.o(HEAP) refers (Special) to heapauxi.o(.text) for __use_two_region_memory
    startup_stm32f103xe.o(RESET) refers (Special) to heapauxi.o(.text) for __use_two_region_memory
    startup_stm32f103xe.o(RESET) refers to startup_stm32f103xe.o(STACK) for __initial_sp
    startup_stm32f103xe.o(RESET) refers to startup_stm32f103xe.o(.text) for Reset_Handler
    startup_stm32f103xe.o(RESET) refers to stm32f1xx_it.o(i.NMI_Handler) for NMI_Handler
    startup_stm32f103xe.o(RESET) refers to stm32f1xx_it.o(i.HardFault_Handler) for HardFault_Handler
    startup_stm32f103xe.o(RESET) refers to stm32f1xx_it.o(i.MemManage_Handler) for MemManage_Handler
    startup_stm32f103xe.o(RESET) refers to stm32f1xx_it.o(i.BusFault_Handler) for BusFault_Handler
    startup_stm32f103xe.o(RESET) refers to stm32f1xx_it.o(i.UsageFault_Handler) for UsageFault_Handler
    startup_stm32f103xe.o(RESET) refers to stm32f1xx_it.o(i.SVC_Handler) for SVC_Handler
    startup_stm32f103xe.o(RESET) refers to stm32f1xx_it.o(i.DebugMon_Handler) for DebugMon_Handler
    startup_stm32f103xe.o(RESET) refers to stm32f1xx_it.o(i.PendSV_Handler) for PendSV_Handler
    startup_stm32f103xe.o(RESET) refers to stm32f1xx_it.o(i.SysTick_Handler) for SysTick_Handler
    startup_stm32f103xe.o(RESET) refers to stm32f1xx_it.o(i.USART1_IRQHandler) for USART1_IRQHandler
    startup_stm32f103xe.o(RESET) refers to stm32f1xx_it.o(i.USART3_IRQHandler) for USART3_IRQHandler
    startup_stm32f103xe.o(.text) refers (Special) to heapauxi.o(.text) for __use_two_region_memory
    startup_stm32f103xe.o(.text) refers to system_stm32f1xx.o(i.SystemInit) for SystemInit
    startup_stm32f103xe.o(.text) refers to __main.o(!!!main) for __main
    startup_stm32f103xe.o(.text) refers to startup_stm32f103xe.o(HEAP) for Heap_Mem
    startup_stm32f103xe.o(.text) refers to startup_stm32f103xe.o(STACK) for Stack_Mem
    main.o(i.SystemClock_Config) refers to rt_memclr_w.o(.text) for __aeabi_memclr4
    main.o(i.SystemClock_Config) refers to stm32f1xx_hal_rcc.o(i.HAL_RCC_OscConfig) for HAL_RCC_OscConfig
    main.o(i.SystemClock_Config) refers to stm32f1xx_hal_rcc.o(i.HAL_RCC_ClockConfig) for HAL_RCC_ClockConfig
    main.o(i.main) refers to stm32f1xx_hal.o(i.HAL_Init) for HAL_Init
    main.o(i.main) refers to main.o(i.SystemClock_Config) for SystemClock_Config
    main.o(i.main) refers to gpio.o(i.MX_GPIO_Init) for MX_GPIO_Init
    main.o(i.main) refers to sdio.o(i.MX_SDIO_SD_Init) for MX_SDIO_SD_Init
    main.o(i.main) refers to usart.o(i.MX_USART3_Init) for MX_USART3_Init
    main.o(i.main) refers to usart.o(i.MX_USART1_Init) for MX_USART1_Init
    main.o(i.main) refers to app_bl.o(i.app_log) for app_log
    main.o(i.main) refers to stm32f1xx_hal_rcc.o(i.HAL_RCC_GetSysClockFreq) for HAL_RCC_GetSysClockFreq
    main.o(i.main) refers to app_bl.o(i.app_log_u32) for app_log_u32
    main.o(i.main) refers to rt_memcpy_w.o(.text) for __aeabi_memcpy4
    main.o(i.main) refers to shell_io_uart.o(i.ShellIO_UartAll_Get) for ShellIO_UartAll_Get
    main.o(i.main) refers to banux.o(i.Banux_Init) for Banux_Init
    main.o(i.main) refers to banux.o(i.Banux_Process) for Banux_Process
    main.o(i.main) refers to main.o(.conststring) for .conststring
    main.o(i.main) refers to main.o(.constdata) for .constdata
    main.o(.constdata) refers to app_bl.o(i.app_log) for app_log
    main.o(.constdata) refers to fatfs.o(i.MX_FATFS_Init) for MX_FATFS_Init
    main.o(.constdata) refers to driver_init.o(i.BanuxDriver_RegisterAll) for BanuxDriver_RegisterAll
    main.o(.constdata) refers to app_bl.o(i.app_bl_init) for app_bl_init
    main.o(.constdata) refers to app_bl.o(i.app_bl_poll) for app_bl_poll
    gpio.o(i.MX_GPIO_Init) refers to stm32f1xx_hal_gpio.o(i.HAL_GPIO_WritePin) for HAL_GPIO_WritePin
    gpio.o(i.MX_GPIO_Init) refers to stm32f1xx_hal_gpio.o(i.HAL_GPIO_Init) for HAL_GPIO_Init
    sdio.o(i.HAL_SD_MspDeInit) refers to stm32f1xx_hal_gpio.o(i.HAL_GPIO_DeInit) for HAL_GPIO_DeInit
    sdio.o(i.HAL_SD_MspInit) refers to stm32f1xx_hal_gpio.o(i.HAL_GPIO_Init) for HAL_GPIO_Init
    sdio.o(i.MX_SDIO_SD_Init) refers to sdio.o(.bss) for .bss
    usart.o(i.HAL_UART_ErrorCallback) refers to stm32f1xx_hal_uart.o(i.HAL_UART_Receive_IT) for HAL_UART_Receive_IT
    usart.o(i.HAL_UART_ErrorCallback) refers to usart.o(.bss) for .bss
    usart.o(i.HAL_UART_ErrorCallback) refers to usart.o(.data) for .data
    usart.o(i.HAL_UART_MspDeInit) refers to stm32f1xx_hal_gpio.o(i.HAL_GPIO_DeInit) for HAL_GPIO_DeInit
    usart.o(i.HAL_UART_MspDeInit) refers to stm32f1xx_hal_cortex.o(i.HAL_NVIC_DisableIRQ) for HAL_NVIC_DisableIRQ
    usart.o(i.HAL_UART_MspInit) refers to stm32f1xx_hal_gpio.o(i.HAL_GPIO_Init) for HAL_GPIO_Init
[...]
    0x08008a64   0x08008a64   0x00000096   Code   RO         5756    .text               c_w.l(strncmp.o)
    0x08008afa   0x08008afa   0x00000018   Code   RO         5758    .text               c_w.l(strcat.o)
    0x08008b12   0x08008b12   0x0000008a   Code   RO         5760    .text               c_w.l(rt_memcpy_v6.o)
    0x08008b9c   0x08008b9c   0x00000084   Code   RO         5762    .text               c_w.l(rt_memmove_v6.o)
    0x08008c20   0x08008c20   0x00000064   Code   RO         5764    .text               c_w.l(rt_memcpy_w.o)
    0x08008c84   0x08008c84   0x00000010   Code   RO         5766    .text               c_w.l(aeabi_memset.o)
    0x08008c94   0x08008c94   0x00000044   Code   RO         5768    .text               c_w.l(rt_memclr.o)
    0x08008cd8   0x08008cd8   0x0000004e   Code   RO         5770    .text               c_w.l(rt_memclr_w.o)
    0x08008d26   0x08008d26   0x00000056   Code   RO         5772    .text               c_w.l(strncpy.o)
    0x08008d7c   0x08008d7c   0x00000080   Code   RO         5774    .text               c_w.l(strcmpv7m.o)
    0x08008dfc   0x08008dfc   0x00000006   Code   RO         5776    .text               c_w.l(heapauxi.o)
    0x08008e02   0x08008e02   0x00000002   PAD
    0x08008e04   0x08008e04   0x00000008   Code   RO         5788    .text               c_w.l(rt_locale_intlibspace.o)
    0x08008e0c   0x08008e0c   0x00000008   Code   RO         5793    .text               c_w.l(rt_errno_addr_intlibspace.o)
    0x08008e14   0x08008e14   0x00000024   Code   RO         5795    .text               c_w.l(_printf_truncate.o)
    0x08008e38   0x08008e38   0x000000b2   Code   RO         5797    .text               c_w.l(_printf_intcommon.o)
    0x08008eea   0x08008eea   0x00000028   Code   RO         5799    .text               c_w.l(_printf_charcount.o)
    0x08008f12   0x08008f12   0x00000002   PAD
    0x08008f14   0x08008f14   0x00000030   Code   RO         5801    .text               c_w.l(_printf_char_common.o)
    0x08008f44   0x08008f44   0x0000000a   Code   RO         5803    .text               c_w.l(_sputc.o)
    0x08008f4e   0x08008f4e   0x00000010   Code   RO         5805    .text               c_w.l(_snputc.o)
    0x08008f5e   0x08008f5e   0x0000002c   Code   RO         5807    .text               c_w.l(_printf_char.o)
    0x08008f8a   0x08008f8a   0x00000002   PAD
    0x08008f8c   0x08008f8c   0x000000bc   Code   RO         5809    .text               c_w.l(_printf_wctomb.o)
    0x08009048   0x08009048   0x0000007c   Code   RO         5812    .text               c_w.l(_printf_longlong_dec.o)
    0x080090c4   0x080090c4   0x00000070   Code   RO         5818    .text               c_w.l(_printf_oct_int_ll.o)
    0x08009134   0x08009134   0x00000094   Code   RO         5838    .text               c_w.l(_printf_hex_int_ll_ptr.o)
    0x080091c8   0x080091c8   0x0000001c   Code   RO         5861    .text               c_w.l(_chval.o)
    0x080091e4   0x080091e4   0x0000002c   Code   RO         5863    .text               c_w.l(scanf_char.o)
    0x08009210   0x08009210   0x00000040   Code   RO         5865    .text               c_w.l(_sgetc.o)
    0x08009250   0x08009250   0x0000009e   Code   RO         5867    .text               c_w.l(_strtoul.o)
    0x080092ee   0x080092ee   0x00000070   Code   RO         5869    .text               c_w.l(strtol.o)
    0x0800935e   0x0800935e   0x0000007a   Code   RO         5874    .text               c_w.l(rt_memmove_w.o)
    0x080093d8   0x080093d8   0x00000008   Code   RO         5884    .text               c_w.l(libspace.o)
    0x080093e0   0x080093e0   0x0000008a   Code   RO         5904    .text               c_w.l(lludiv10.o)
    0x0800946a   0x0800946a   0x00000012   Code   RO         5906    .text               c_w.l(isspace.o)
    0x0800947c   0x0800947c   0x0000041e   Code   RO         5908    .text               c_w.l(_printf_fp_dec.o)
    0x0800989a   0x0800989a   0x00000002   PAD
    0x0800989c   0x0800989c   0x000002fc   Code   RO         5910    .text               c_w.l(_printf_fp_hex.o)
    0x08009b98   0x08009b98   0x0000002c   Code   RO         5915    .text               c_w.l(_printf_wchar.o)
    0x08009bc4   0x08009bc4   0x00000374   Code   RO         5917    .text               c_w.l(_scanf.o)
    0x08009f38   0x08009f38   0x00000040   Code   RO         5919    .text               c_w.l(_wcrtomb.o)
    0x08009f78   0x08009f78   0x0000004a   Code   RO         5966    .text               c_w.l(sys_stackheap_outer.o)
    0x08009fc2   0x08009fc2   0x00000002   PAD
    0x08009fc4   0x08009fc4   0x00000080   Code   RO         5968    .text               c_w.l(_printf_fp_infnan.o)
    0x0800a044   0x0800a044   0x000000e4   Code   RO         5970    .text               c_w.l(bigflt0.o)
    0x0800a128   0x0800a128   0x00000012   Code   RO         5998    .text               c_w.l(exit.o)
    0x0800a13a   0x0800a13a   0x00000002   PAD
    0x0800a13c   0x0800a13c   0x0000000c   Code   RO         6033    .text               c_w.l(sys_exit.o)
    0x0800a148   0x0800a148   0x00000002   Code   RO         6054    .text               c_w.l(use_no_semi.o)
    0x0800a14a   0x0800a14a   0x00000000   Code   RO         6056    .text               c_w.l(indicate_semi.o)
    0x0800a14a   0x0800a14a   0x0000003e   Code   RO         5973    CL$$btod_d2e        c_w.l(btod.o)
    0x0800a188   0x0800a188   0x00000046   Code   RO         5975    CL$$btod_d2e_denorm_low  c_w.l(btod.o)
    0x0800a1ce   0x0800a1ce   0x00000060   Code   RO         5974    CL$$btod_d2e_norm_op1  c_w.l(btod.o)
    0x0800a22e   0x0800a22e   0x00000338   Code   RO         5983    CL$$btod_div_common  c_w.l(btod.o)
    0x0800a566   0x0800a566   0x000000dc   Code   RO         5980    CL$$btod_e2e        c_w.l(btod.o)
    0x0800a642   0x0800a642   0x0000002a   Code   RO         5977    CL$$btod_ediv       c_w.l(btod.o)
    0x0800a66c   0x0800a66c   0x0000002a   Code   RO         5976    CL$$btod_emul       c_w.l(btod.o)
    0x0800a696   0x0800a696   0x00000244   Code   RO         5982    CL$$btod_mult_common  c_w.l(btod.o)
    0x0800a8da   0x0800a8da   0x00000002   PAD
    0x0800a8dc   0x0800a8dc   0x00000048   Code   RO          902    i.AllocNode         vfs.o
    0x0800a924   0x0800a924   0x00000034   Code   RO         2560    i.BG_Event_GetSubscriberCount  bg_event.o
    0x0800a958   0x0800a958   0x00000058   Code   RO         2561    i.BG_Event_GetSubscription  bg_event.o
    0x0800a9b0   0x0800a9b0   0x000006b0   Code   RO         2562    i.BG_Event_GetTopicName  bg_event.o
    0x0800b060   0x0800b060   0x00000038   Code   RO         2563    i.BG_Event_Init     bg_event.o
    0x0800b098   0x0800b098   0x00000074   Code   RO         2564    i.BG_Event_Publish  bg_event.o
    0x0800b10c   0x0800b10c   0x00000098   Code   RO         2566    i.BG_Event_SubscribeNamed  bg_event.o
    0x0800b1a4   0x0800b1a4   0x0000000c   Code   RO         3013    i.BSP_SD_GetCardInfo  bsp_driver_sd.o
    0x0800b1b0   0x0800b1b0   0x00000018   Code   RO         3014    i.BSP_SD_GetCardState  bsp_driver_sd.o
    0x0800b1c8   0x0800b1c8   0x00000024   Code   RO         3016    i.BSP_SD_Init       bsp_driver_sd.o
    0x0800b1ec   0x0800b1ec   0x0000000e   Code   RO         3017    i.BSP_SD_IsDetected  bsp_driver_sd.o
    0x0800b1fa   0x0800b1fa   0x00000002   PAD
    0x0800b1fc   0x0800b1fc   0x0000001c   Code   RO         3018    i.BSP_SD_ReadBlocks  bsp_driver_sd.o
    0x0800b218   0x0800b218   0x00000084   Code   RO         3021    i.BSP_SD_VerifySingleBlock  bsp_driver_sd.o
    0x0800b29c   0x0800b29c   0x00000080   Code   RO         3022    i.BSP_SD_WriteBlocks  bsp_driver_sd.o
    0x0800b31c   0x0800b31c   0x0000001c   Code   RO          726    i.BanuxComponent_Get  banux_component.o
    0x0800b338   0x0800b338   0x0000000c   Code   RO          727    i.BanuxComponent_GetCount  banux_component.o
    0x0800b344   0x0800b344   0x00000044   Code   RO          728    i.BanuxComponent_Init  banux_component.o
    0x0800b388   0x0800b388   0x00000034   Code   RO          729    i.BanuxComponent_ProcessAll  banux_component.o
    0x0800b3bc   0x0800b3bc   0x0000005c   Code   RO          730    i.BanuxComponent_SetState  banux_component.o
    0x0800b418   0x0800b418   0x00000060   Code   RO          731    i.BanuxComponent_StartType  banux_component.o
    0x0800b478   0x0800b478   0x00000054   Code   RO          732    i.BanuxComponent_StateName  banux_component.o
    0x0800b4cc   0x0800b4cc   0x00000030   Code   RO          797    i.BanuxDebug_Printf  banux_debug.o
    0x0800b4fc   0x0800b4fc   0x0000000c   Code   RO          798    i.BanuxDebug_SetWriter  banux_debug.o
    0x0800b508   0x0800b508   0x00000148   Code   RO         2775    i.BanuxDriver_RegisterAll  driver_init.o
    0x0800b650   0x0800b650   0x00000020   Code   RO          827    i.BanuxIo_Init      banux_io.o
    0x0800b670   0x0800b670   0x0000000e   Code   RO          782    i.BanuxScheduler_Process  banux_scheduler.o
    0x0800b67e   0x0800b67e   0x00000002   PAD
    0x0800b680   0x0800b680   0x00000108   Code   RO          618    i.Banux_Init        banux.o
    0x0800b788   0x0800b788   0x00000024   Code   RO          619    i.Banux_Process     banux.o
    0x0800b7ac   0x0800b7ac   0x00000090   Code   RO          903    i.BuildPath         vfs.o
    0x0800b83c   0x0800b83c   0x00000002   Code   RO          510    i.BusFault_Handler  stm32f1xx_it.o
    0x0800b83e   0x0800b83e   0x00000002   PAD
    0x0800b840   0x0800b840   0x00000034   Code   RO         2627    i.CommandParser_Delay  command_parser.o
    0x0800b874   0x0800b874   0x0000003c   Code   RO         2628    i.CommandParser_Init  command_parser.o
    0x0800b8b0   0x0800b8b0   0x00000010   Code   RO         2629    i.CommandParser_IsRunning  command_parser.o
    0x0800b8c0   0x0800b8c0   0x000001a4   Code   RO         2630    i.CommandParser_Process  command_parser.o
    0x0800ba64   0x0800ba64   0x00000018   Code   RO         2631    i.CommandParser_RegisterCommands  command_parser.o
    0x0800ba7c   0x0800ba7c   0x0000017c   Code   RO         2632    i.CommandParser_Start  command_parser.o
    0x0800bbf8   0x0800bbf8   0x0000021c   Code   RO         1166    i.CreateDeviceParams  drv_device.o
    0x0800be14   0x0800be14   0x00000002   Code   RO          511    i.DebugMon_Handler  stm32f1xx_it.o
    0x0800be16   0x0800be16   0x0000003a   Code   RO         1169    i.DrvDevice_GetBusDir  drv_device.o
    0x0800be50   0x0800be50   0x00000014   Code   RO         1172    i.DrvDevice_GetList  drv_device.o
    0x0800be64   0x0800be64   0x00000034   Code   RO         1173    i.DrvDevice_Init    drv_device.o
    0x0800be98   0x0800be98   0x0000047c   Code   RO         1175    i.DrvDevice_Register  drv_device.o
    0x0800c314   0x0800c314   0x00000034   Code   RO         2182    i.DrvEeprom_Erase   drv_eeprom.o
    0x0800c348   0x0800c348   0x000000ac   Code   RO         2183    i.DrvEeprom_Read    drv_eeprom.o
    0x0800c3f4   0x0800c3f4   0x0000000c   Code   RO         2184    i.DrvEeprom_Register  drv_eeprom.o
    0x0800c400   0x0800c400   0x000000be   Code   RO         2185    i.DrvEeprom_Write   drv_eeprom.o
    0x0800c4be   0x0800c4be   0x00000002   PAD
    0x0800c4c0   0x0800c4c0   0x000000d0   Code   RO         1066    i.DrvFramework_Init  drv_init.o
    0x0800c590   0x0800c590   0x0000000c   Code   RO         1087    i.DrvFs_GetDriverDir  drv_fs.o
    0x0800c59c   0x0800c59c   0x00000014   Code   RO         1088    i.DrvFs_GetGpioDir  drv_fs.o
    0x0800c5b0   0x0800c5b0   0x00000010   Code   RO         1089    i.DrvFs_GetI2cDir   drv_fs.o
    0x0800c5c0   0x0800c5c0   0x00000010   Code   RO         1090    i.DrvFs_GetI2sDir   drv_fs.o
    0x0800c5d0   0x0800c5d0   0x00000014   Code   RO         1091    i.DrvFs_GetPowerDir  drv_fs.o
    0x0800c5e4   0x0800c5e4   0x00000014   Code   RO         1092    i.DrvFs_GetSdioDir  drv_fs.o
    0x0800c5f8   0x0800c5f8   0x00000010   Code   RO         1093    i.DrvFs_GetSpiDir   drv_fs.o
    0x0800c608   0x0800c608   0x00000014   Code   RO         1094    i.DrvFs_GetTimerDir  drv_fs.o
    0x0800c61c   0x0800c61c   0x00000014   Code   RO         1095    i.DrvFs_GetUartDir  drv_fs.o
    0x0800c630   0x0800c630   0x00000010   Code   RO         1096    i.DrvFs_GetUsbDir   drv_fs.o
    0x0800c640   0x0800c640   0x0000010c   Code   RO         1097    i.DrvFs_Init        drv_fs.o
    0x0800c74c   0x0800c74c   0x00000014   Code   RO         1804    i.DrvSdio_IsMounted  drv_sdio.o
    0x0800c760   0x0800c760   0x00000024   Code   RO         1805    i.DrvSdio_Register  drv_sdio.o
    0x0800c784   0x0800c784   0x00000030   Code   RO         2348    i.DrvStepper_EnableAll  drv_stepper.o
    0x0800c7b4   0x0800c7b4   0x0000003c   Code   RO         2349    i.DrvStepper_GetLimit  drv_stepper.o
    0x0800c7f0   0x0800c7f0   0x000000b8   Code   RO         2351    i.DrvStepper_Register  drv_stepper.o
    0x0800c8a8   0x0800c8a8   0x00000044   Code   RO         2352    i.DrvStepper_SetDirection  drv_stepper.o
    0x0800c8ec   0x0800c8ec   0x00000030   Code   RO         2353    i.DrvStepper_SetPosition  drv_stepper.o
    0x0800c91c   0x0800c91c   0x000000a4   Code   RO         2354    i.DrvStepper_Step   drv_stepper.o
    0x0800c9c0   0x0800c9c0   0x00000010   Code   RO         2727    i.DrvTimer1ms_Expired  drv_timer1ms.o
    0x0800c9d0   0x0800c9d0   0x00000004   Code   RO         2728    i.DrvTimer1ms_Now   drv_timer1ms.o
    0x0800c9d4   0x0800c9d4   0x0000000c   Code   RO         2729    i.DrvTimer1ms_Register  drv_timer1ms.o
    0x0800c9e0   0x0800c9e0   0x00000054   Code   RO         2128    i.DrvUart_Register  drv_uart.o
    0x0800ca34   0x0800ca34   0x00000020   Code   RO         1098    i.EnsureSubDir      drv_fs.o
    0x0800ca54   0x0800ca54   0x00000004   Code   RO           13    i.Error_Handler     main.o
    0x0800ca58   0x0800ca58   0x00000006   Code   RO         5520    i.FATFS_LinkDriver  ff_gen_drv.o
    0x0800ca5e   0x0800ca5e   0x00000002   PAD
    0x0800ca60   0x0800ca60   0x00000040   Code   RO         5521    i.FATFS_LinkDriverEx  ff_gen_drv.o
    0x0800caa0   0x0800caa0   0x00000024   Code   RO         4044    i.FLASH_MassErase   stm32f1xx_hal_flash_ex.o
    0x0800cac4   0x0800cac4   0x00000024   Code   RO         4049    i.FLASH_PageErase   stm32f1xx_hal_flash_ex.o
    0x0800cae8   0x0800cae8   0x0000001c   Code   RO         3941    i.FLASH_Program_HalfWord  stm32f1xx_hal_flash.o
    0x0800cb04   0x0800cb04   0x0000005c   Code   RO         3942    i.FLASH_SetErrorCode  stm32f1xx_hal_flash.o
    0x0800cb60   0x0800cb60   0x00000054   Code   RO         3943    i.FLASH_WaitForLastOperation  stm32f1xx_hal_flash.o
    0x0800cbb4   0x0800cbb4   0x000000b0   Code   RO         1987    i.FatFsVfs_Mount    fs_sd.o
    0x0800cc64   0x0800cc64   0x00000038   Code   RO          904    i.FindChildByName   vfs.o
    0x0800cc9c   0x0800cc9c   0x000000e0   Code   RO         2816    i.Gcode_ExecuteFile  gcode.o
    0x0800cd7c   0x0800cd7c   0x0000005e   Code   RO         2817    i.Gcode_ExecuteLine  gcode.o
    0x0800cdda   0x0800cdda   0x00000002   PAD
    0x0800cddc   0x0800cddc   0x00000014   Code   RO         2818    i.Gcode_GetState    gcode.o
    0x0800cdf0   0x0800cdf0   0x00000068   Code   RO         2819    i.Gcode_Init        gcode.o
    0x0800ce58   0x0800ce58   0x00000046   Code   RO         3605    i.HAL_DMA_Abort     stm32f1xx_hal_dma.o
    0x0800ce9e   0x0800ce9e   0x00000002   PAD
    0x0800cea0   0x0800cea0   0x00000130   Code   RO         3606    i.HAL_DMA_Abort_IT  stm32f1xx_hal_dma.o
    0x0800cfd0   0x0800cfd0   0x00000024   Code   RO         3231    i.HAL_Delay         stm32f1xx_hal.o
    0x0800cff4   0x0800cff4   0x000000a8   Code   RO         4050    i.HAL_FLASHEx_Erase  stm32f1xx_hal_flash_ex.o
    0x0800d09c   0x0800d09c   0x00000014   Code   RO         3947    i.HAL_FLASH_Lock    stm32f1xx_hal_flash.o
    0x0800d0b0   0x0800d0b0   0x00000080   Code   RO         3952    i.HAL_FLASH_Program  stm32f1xx_hal_flash.o
    0x0800d130   0x0800d130   0x00000028   Code   RO         3954    i.HAL_FLASH_Unlock  stm32f1xx_hal_flash.o
    0x0800d158   0x0800d158   0x000001f8   Code   RO         3541    i.HAL_GPIO_Init     stm32f1xx_hal_gpio.o
    0x0800d350   0x0800d350   0x0000000a   Code   RO         3543    i.HAL_GPIO_ReadPin  stm32f1xx_hal_gpio.o
    0x0800d35a   0x0800d35a   0x0000000a   Code   RO         3545    i.HAL_GPIO_WritePin  stm32f1xx_hal_gpio.o
    0x0800d364   0x0800d364   0x0000000c   Code   RO         3235    i.HAL_GetTick       stm32f1xx_hal.o
    0x0800d370   0x0800d370   0x00000010   Code   RO         3241    i.HAL_IncTick       stm32f1xx_hal.o
    0x0800d380   0x0800d380   0x00000024   Code   RO         3242    i.HAL_Init          stm32f1xx_hal.o
    0x0800d3a4   0x0800d3a4   0x00000040   Code   RO         3243    i.HAL_InitTick      stm32f1xx_hal.o
    0x0800d3e4   0x0800d3e4   0x0000003c   Code   RO          597    i.HAL_MspInit       stm32f1xx_hal_msp.o
    0x0800d420   0x0800d420   0x00000022   Code   RO         3700    i.HAL_NVIC_DisableIRQ  stm32f1xx_hal_cortex.o
    0x0800d442   0x0800d442   0x0000001a   Code   RO         3701    i.HAL_NVIC_EnableIRQ  stm32f1xx_hal_cortex.o
    0x0800d45c   0x0800d45c   0x00000040   Code   RO         3707    i.HAL_NVIC_SetPriority  stm32f1xx_hal_cortex.o
    0x0800d49c   0x0800d49c   0x00000024   Code   RO         3708    i.HAL_NVIC_SetPriorityGrouping  stm32f1xx_hal_cortex.o
    0x0800d4c0   0x0800d4c0   0x0000012c   Code   RO         3399    i.HAL_RCC_ClockConfig  stm32f1xx_hal_rcc.o
    0x0800d5ec   0x0800d5ec   0x00000020   Code   RO         3406    i.HAL_RCC_GetPCLK1Freq  stm32f1xx_hal_rcc.o
    0x0800d60c   0x0800d60c   0x00000020   Code   RO         3407    i.HAL_RCC_GetPCLK2Freq  stm32f1xx_hal_rcc.o
    0x0800d62c   0x0800d62c   0x0000004c   Code   RO         3408    i.HAL_RCC_GetSysClockFreq  stm32f1xx_hal_rcc.o
    0x0800d678   0x0800d678   0x00000320   Code   RO         3411    i.HAL_RCC_OscConfig  stm32f1xx_hal_rcc.o
    0x0800d998   0x0800d998   0x00000078   Code   RO         4487    i.HAL_SD_Abort      stm32f1xx_hal_sd.o
    0x0800da10   0x0800da10   0x00000198   Code   RO         4495    i.HAL_SD_GetCardCSD  stm32f1xx_hal_sd.o
    0x0800dba8   0x0800dba8   0x00000024   Code   RO         4496    i.HAL_SD_GetCardInfo  stm32f1xx_hal_sd.o
    0x0800dbcc   0x0800dbcc   0x0000002c   Code   RO         4497    i.HAL_SD_GetCardState  stm32f1xx_hal_sd.o
    0x0800dbf8   0x0800dbf8   0x00000036   Code   RO         4502    i.HAL_SD_Init       stm32f1xx_hal_sd.o
    0x0800dc2e   0x0800dc2e   0x00000002   PAD
    0x0800dc30   0x0800dc30   0x00000078   Code   RO         4503    i.HAL_SD_InitCard   stm32f1xx_hal_sd.o
    0x0800dca8   0x0800dca8   0x0000009c   Code   RO          239    i.HAL_SD_MspInit    sdio.o
    0x0800dd44   0x0800dd44   0x000001f0   Code   RO         4506    i.HAL_SD_ReadBlocks  stm32f1xx_hal_sd.o
    0x0800df34   0x0800df34   0x000001c4   Code   RO         4511    i.HAL_SD_WriteBlocks  stm32f1xx_hal_sd.o
    0x0800e0f8   0x0800e0f8   0x00000028   Code   RO         3712    i.HAL_SYSTICK_Config  stm32f1xx_hal_cortex.o
    0x0800e120   0x0800e120   0x00000002   Code   RO         4742    i.HAL_UARTEx_RxEventCallback  stm32f1xx_hal_uart.o
    0x0800e122   0x0800e122   0x00000002   PAD
    0x0800e124   0x0800e124   0x00000044   Code   RO          280    i.HAL_UART_ErrorCallback  usart.o
    0x0800e168   0x0800e168   0x0000026c   Code   RO         4759    i.HAL_UART_IRQHandler  stm32f1xx_hal_uart.o
    0x0800e3d4   0x0800e3d4   0x00000064   Code   RO         4760    i.HAL_UART_Init     stm32f1xx_hal_uart.o
    0x0800e438   0x0800e438   0x000000dc   Code   RO          282    i.HAL_UART_MspInit  usart.o
    0x0800e514   0x0800e514   0x0000001c   Code   RO         4765    i.HAL_UART_Receive_IT  stm32f1xx_hal_uart.o
    0x0800e530   0x0800e530   0x00000050   Code   RO          283    i.HAL_UART_RxCpltCallback  usart.o
    0x0800e580   0x0800e580   0x000000a0   Code   RO         4768    i.HAL_UART_Transmit  stm32f1xx_hal_uart.o
    0x0800e620   0x0800e620   0x00000002   Code   RO         4771    i.HAL_UART_TxCpltCallback  stm32f1xx_hal_uart.o
    0x0800e622   0x0800e622   0x00000002   Code   RO          512    i.HardFault_Handler  stm32f1xx_it.o
    0x0800e624   0x0800e624   0x00000050   Code   RO          905    i.InitNode          vfs.o
    0x0800e674   0x0800e674   0x00000110   Code   RO         2791    i.InternalFlashFs_Init  internal_flash_fs.o
    0x0800e784   0x0800e784   0x00000044   Code   RO         3147    i.MX_FATFS_Init     fatfs.o
    0x0800e7c8   0x0800e7c8   0x00000080   Code   RO          214    i.MX_GPIO_Init      gpio.o
    0x0800e848   0x0800e848   0x00000024   Code   RO          240    i.MX_SDIO_SD_Init   sdio.o
    0x0800e86c   0x0800e86c   0x0000003c   Code   RO          284    i.MX_USART1_Init    usart.o
    0x0800e8a8   0x0800e8a8   0x00000038   Code   RO          285    i.MX_USART3_Init    usart.o
    0x0800e8e0   0x0800e8e0   0x00000002   Code   RO          513    i.MemManage_Handler  stm32f1xx_it.o
    0x0800e8e2   0x0800e8e2   0x00000002   Code   RO          514    i.NMI_Handler       stm32f1xx_it.o
    0x0800e8e4   0x0800e8e4   0x00000014   Code   RO         1244    i.Opt_Clear         bg_shell.o
    0x0800e8f8   0x0800e8f8   0x0000004c   Code   RO         1245    i.Opt_HelpAll       bg_shell.o
    0x0800e944   0x0800e944   0x00000084   Code   RO         1246    i.Opt_HelpMod       bg_shell.o
    0x0800e9c8   0x0800e9c8   0x00000098   Code   RO         1247    i.Opt_History       bg_shell.o
    0x0800ea60   0x0800ea60   0x00000028   Code   RO         1248    i.Opt_IO            bg_shell.o
    0x0800ea88   0x0800ea88   0x00000078   Code   RO         1249    i.Opt_List          bg_shell.o
    0x0800eb00   0x0800eb00   0x00000060   Code   RO         1250    i.Opt_Version       bg_shell.o
    0x0800eb60   0x0800eb60   0x00000088   Code   RO          906    i.ParsePath         vfs.o
    0x0800ebe8   0x0800ebe8   0x00000002   Code   RO          515    i.PendSV_Handler    stm32f1xx_it.o
    0x0800ebea   0x0800ebea   0x00000024   Code   RO         4201    i.SDIO_ConfigData   stm32f1xx_ll_sdmmc.o
    0x0800ec0e   0x0800ec0e   0x00000008   Code   RO         4205    i.SDIO_GetPowerState  stm32f1xx_ll_sdmmc.o
    0x0800ec16   0x0800ec16   0x00000006   Code   RO         4206    i.SDIO_GetResponse  stm32f1xx_ll_sdmmc.o
    0x0800ec1c   0x0800ec1c   0x00000024   Code   RO         4207    i.SDIO_Init         stm32f1xx_ll_sdmmc.o
    0x0800ec40   0x0800ec40   0x00000008   Code   RO         4209    i.SDIO_PowerState_ON  stm32f1xx_ll_sdmmc.o
    0x0800ec48   0x0800ec48   0x00000006   Code   RO         4210    i.SDIO_ReadFIFO     stm32f1xx_ll_sdmmc.o
    0x0800ec4e   0x0800ec4e   0x00000020   Code   RO         4211    i.SDIO_SendCommand  stm32f1xx_ll_sdmmc.o
    0x0800ec6e   0x0800ec6e   0x0000000a   Code   RO         4213    i.SDIO_WriteFIFO    stm32f1xx_ll_sdmmc.o
    0x0800ec78   0x0800ec78   0x00000032   Code   RO         4214    i.SDMMC_CmdAppCommand  stm32f1xx_ll_sdmmc.o
    0x0800ecaa   0x0800ecaa   0x00000002   PAD
    0x0800ecac   0x0800ecac   0x00000034   Code   RO         4215    i.SDMMC_CmdAppOperCommand  stm32f1xx_ll_sdmmc.o
    0x0800ece0   0x0800ece0   0x00000032   Code   RO         4216    i.SDMMC_CmdBlockLength  stm32f1xx_ll_sdmmc.o
    0x0800ed12   0x0800ed12   0x00000002   PAD
    0x0800ed14   0x0800ed14   0x00000050   Code   RO         4221    i.SDMMC_CmdGoIdleState  stm32f1xx_ll_sdmmc.o
    0x0800ed64   0x0800ed64   0x00000030   Code   RO         4223    i.SDMMC_CmdOperCond  stm32f1xx_ll_sdmmc.o
    0x0800ed94   0x0800ed94   0x00000032   Code   RO         4224    i.SDMMC_CmdReadMultiBlock  stm32f1xx_ll_sdmmc.o
    0x0800edc6   0x0800edc6   0x00000032   Code   RO         4225    i.SDMMC_CmdReadSingleBlock  stm32f1xx_ll_sdmmc.o
    0x0800edf8   0x0800edf8   0x00000032   Code   RO         4228    i.SDMMC_CmdSelDesel  stm32f1xx_ll_sdmmc.o
    0x0800ee2a   0x0800ee2a   0x0000002c   Code   RO         4229    i.SDMMC_CmdSendCID  stm32f1xx_ll_sdmmc.o
    0x0800ee56   0x0800ee56   0x0000002c   Code   RO         4230    i.SDMMC_CmdSendCSD  stm32f1xx_ll_sdmmc.o
    0x0800ee82   0x0800ee82   0x00000032   Code   RO         4233    i.SDMMC_CmdSendStatus  stm32f1xx_ll_sdmmc.o
    0x0800eeb4   0x0800eeb4   0x00000030   Code   RO         4234    i.SDMMC_CmdSetRelAdd  stm32f1xx_ll_sdmmc.o
    0x0800eee4   0x0800eee4   0x00000034   Code   RO         4237    i.SDMMC_CmdStopTransfer  stm32f1xx_ll_sdmmc.o
    0x0800ef18   0x0800ef18   0x00000032   Code   RO         4239    i.SDMMC_CmdWriteMultiBlock  stm32f1xx_ll_sdmmc.o
    0x0800ef4a   0x0800ef4a   0x00000032   Code   RO         4240    i.SDMMC_CmdWriteSingleBlock  stm32f1xx_ll_sdmmc.o
    0x0800ef7c   0x0800ef7c   0x00000120   Code   RO         4241    i.SDMMC_GetCmdResp1  stm32f1xx_ll_sdmmc.o
    0x0800f09c   0x0800f09c   0x00000050   Code   RO         4242    i.SDMMC_GetCmdResp2  stm32f1xx_ll_sdmmc.o
    0x0800f0ec   0x0800f0ec   0x00000044   Code   RO         4243    i.SDMMC_GetCmdResp3  stm32f1xx_ll_sdmmc.o
    0x0800f130   0x0800f130   0x00000088   Code   RO         4244    i.SDMMC_GetCmdResp6  stm32f1xx_ll_sdmmc.o
    0x0800f1b8   0x0800f1b8   0x00000058   Code   RO         4245    i.SDMMC_GetCmdResp7  stm32f1xx_ll_sdmmc.o
    0x0800f210   0x0800f210   0x000000ee   Code   RO         4520    i.SD_InitCard       stm32f1xx_hal_sd.o
    0x0800f2fe   0x0800f2fe   0x00000002   PAD
    0x0800f300   0x0800f300   0x000000b4   Code   RO         4521    i.SD_PowerON        stm32f1xx_hal_sd.o
    0x0800f3b4   0x0800f3b4   0x00000028   Code   RO         5629    i.SD_WaitCardReady  sd_diskio.o
    0x0800f3dc   0x0800f3dc   0x00000020   Code   RO         5630    i.SD_initialize     sd_diskio.o
    0x0800f3fc   0x0800f3fc   0x00000054   Code   RO         5631    i.SD_ioctl          sd_diskio.o
    0x0800f450   0x0800f450   0x000000a0   Code   RO         5632    i.SD_read           sd_diskio.o
    0x0800f4f0   0x0800f4f0   0x00000020   Code   RO         5633    i.SD_status         sd_diskio.o
    0x0800f510   0x0800f510   0x00000070   Code   RO         5634    i.SD_write          sd_diskio.o
    0x0800f580   0x0800f580   0x00000002   Code   RO          516    i.SVC_Handler       stm32f1xx_it.o
    0x0800f582   0x0800f582   0x00000002   PAD
    0x0800f584   0x0800f584   0x0000013c   Code   RO         1989    i.SdFs_ErrorText    fs_sd.o
    0x0800f6c0   0x0800f6c0   0x00000084   Code   RO         1990    i.SdFs_Mkdir        fs_sd.o
    0x0800f744   0x0800f744   0x00000054   Code   RO         1991    i.SdFs_Mount        fs_sd.o
    0x0800f798   0x0800f798   0x00000050   Code   RO         1992    i.SdFs_RecvBegin    fs_sd.o
    0x0800f7e8   0x0800f7e8   0x00000030   Code   RO         1993    i.SdFs_RecvEnd      fs_sd.o
    0x0800f818   0x0800f818   0x000000e8   Code   RO         1994    i.SdFs_RecvWrite    fs_sd.o
    0x0800f900   0x0800f900   0x00000094   Code   RO         1995    i.SdFs_Remove       fs_sd.o
    0x0800f994   0x0800f994   0x000000e0   Code   RO         1996    i.SdFs_Touch        fs_sd.o
    0x0800fa74   0x0800fa74   0x0000010c   Code   RO         1998    i.SdFs_WriteFile    fs_sd.o
    0x0800fb80   0x0800fb80   0x00000008   Code   RO         1713    i.ShellIO_UartAll_Get  shell_io_uart.o
    0x0800fb88   0x0800fb88   0x00000018   Code   RO         1251    i.Shell_BeginInputMode  bg_shell.o
    0x0800fba0   0x0800fba0   0x00000028   Code   RO         1252    i.Shell_EndInputMode  bg_shell.o
    0x0800fbc8   0x0800fbc8   0x00000220   Code   RO         1253    i.Shell_ExecuteLine  bg_shell.o
    0x0800fde8   0x0800fde8   0x0000001c   Code   RO         1254    i.Shell_GetIOName   bg_shell.o
    0x0800fe04   0x0800fe04   0x00000070   Code   RO         1255    i.Shell_HistoryAdd  bg_shell.o
    0x0800fe74   0x0800fe74   0x000000b8   Code   RO         1256    i.Shell_HistoryRecall  bg_shell.o
    0x0800ff2c   0x0800ff2c   0x00000054   Code   RO         1257    i.Shell_Init        bg_shell.o
    0x0800ff80   0x0800ff80   0x00000040   Code   RO         1261    i.Shell_ParseArgs   bg_shell.o
    0x0800ffc0   0x0800ffc0   0x00000004   Code   RO         1262    i.Shell_Print       bg_shell.o
    0x0800ffc4   0x0800ffc4   0x00000024   Code   RO         1263    i.Shell_Printf      bg_shell.o
    0x0800ffe8   0x0800ffe8   0x0000007c   Code   RO         1264    i.Shell_Process     bg_shell.o
    0x08010064   0x08010064   0x00000158   Code   RO         1265    i.Shell_ProcessCandidates  bg_shell.o
    0x080101bc   0x080101bc   0x000000f4   Code   RO         1266    i.Shell_ProcessChar  bg_shell.o
    0x080102b0   0x080102b0   0x00000090   Code   RO         1449    i.Shell_RegisterAllModules  bg_shell_commands.o
    0x08010340   0x08010340   0x0000004c   Code   RO         1268    i.Shell_RegisterModule  bg_shell.o
    0x0801038c   0x0801038c   0x00000030   Code   RO         1269    i.Shell_SendRaw     bg_shell.o
    0x080103bc   0x080103bc   0x00000020   Code   RO         1270    i.Shell_SetIO       bg_shell.o
    0x080103dc   0x080103dc   0x0000008c   Code   RO         1271    i.Shell_ShowModuleHelp  bg_shell.o
    0x08010468   0x08010468   0x0000000c   Code   RO         1272    i.Shell_ShowPrompt  bg_shell.o
    0x08010474   0x08010474   0x000001b8   Code   RO         1273    i.Shell_TabComplete  bg_shell.o
    0x0801062c   0x0801062c   0x00000180   Code   RO         1274    i.Shell_TabCompleteVfs  bg_shell.o
    0x080107ac   0x080107ac   0x00000060   Code   RO         1275    i.Shell_Welcome     bg_shell.o
    0x0801080c   0x0801080c   0x00000020   Code   RO         1276    i.Shell_WriteRaw    bg_shell.o
    0x0801082c   0x0801082c   0x00000004   Code   RO          517    i.SysTick_Handler   stm32f1xx_it.o
    0x08010830   0x08010830   0x0000005e   Code   RO           14    i.SystemClock_Config  main.o
    0x0801088e   0x0801088e   0x00000002   Code   RO         5094    i.SystemInit        system_stm32f1xx.o
    0x08010890   0x08010890   0x00000010   Code   RO         4773    i.UART_DMAAbortOnError  stm32f1xx_hal_uart.o
    0x080108a0   0x080108a0   0x0000004e   Code   RO         4783    i.UART_EndRxTransfer  stm32f1xx_hal_uart.o
    0x080108ee   0x080108ee   0x000000c2   Code   RO         4785    i.UART_Receive_IT   stm32f1xx_hal_uart.o
    0x080109b0   0x080109b0   0x000000b8   Code   RO         4786    i.UART_SetConfig    stm32f1xx_hal_uart.o
    0x08010a68   0x08010a68   0x00000036   Code   RO         4788    i.UART_Start_Receive_IT  stm32f1xx_hal_uart.o
    0x08010a9e   0x08010a9e   0x00000072   Code   RO         4789    i.UART_WaitOnFlagUntilTimeout  stm32f1xx_hal_uart.o
    0x08010b10   0x08010b10   0x0000000c   Code   RO          518    i.USART1_IRQHandler  stm32f1xx_it.o
    0x08010b1c   0x08010b1c   0x0000000c   Code   RO          519    i.USART3_IRQHandler  stm32f1xx_it.o
    0x08010b28   0x08010b28   0x00000002   Code   RO          520    i.UsageFault_Handler  stm32f1xx_it.o
    0x08010b2a   0x08010b2a   0x00000002   PAD
    0x08010b2c   0x08010b2c   0x000000b0   Code   RO          907    i.Vfs_Cd            vfs.o
    0x08010bdc   0x08010bdc   0x0000001a   Code   RO          908    i.Vfs_ClearChildren  vfs.o
    0x08010bf6   0x08010bf6   0x00000060   Code   RO          909    i.Vfs_CreateDevice  vfs.o
    0x08010c56   0x08010c56   0x0000005a   Code   RO          910    i.Vfs_CreateDir     vfs.o
    0x08010cb0   0x08010cb0   0x00000070   Code   RO          911    i.Vfs_CreateFile    vfs.o
    0x08010d20   0x08010d20   0x00000048   Code   RO          912    i.Vfs_CreateNode    vfs.o
    0x08010d68   0x08010d68   0x0000007c   Code   RO          913    i.Vfs_CreateParam   vfs.o
    0x08010de4   0x08010de4   0x0000009c   Code   RO          914    i.Vfs_FindNode      vfs.o
    0x08010e80   0x08010e80   0x0000000c   Code   RO          915    i.Vfs_GetCwd        vfs.o
    0x08010e8c   0x08010e8c   0x00000028   Code   RO          916    i.Vfs_GetCwdPath    vfs.o
    0x08010eb4   0x08010eb4   0x0000000c   Code   RO          917    i.Vfs_GetRoot       vfs.o
    0x08010ec0   0x08010ec0   0x00000064   Code   RO          919    i.Vfs_Init          vfs.o
    0x08010f24   0x08010f24   0x00000048   Code   RO          922    i.Vfs_ReadFile      vfs.o
    0x08010f6c   0x08010f6c   0x00000038   Code   RO          923    i.Vfs_ReadParam     vfs.o
    0x08010fa4   0x08010fa4   0x00000036   Code   RO          924    i.Vfs_RefreshDir    vfs.o
    0x08010fda   0x08010fda   0x00000002   PAD
    0x08010fdc   0x08010fdc   0x000000c0   Code   RO          925    i.Vfs_RemoveNode    vfs.o
    0x0801109c   0x0801109c   0x0000002e   Code   RO          927    i.Vfs_WriteParam    vfs.o
    0x080110ca   0x080110ca   0x00000002   PAD
    0x080110cc   0x080110cc   0x00000018   Code   RO         2924    i.WirelessControl_Init  wireless_control.o
    0x080110e4   0x080110e4   0x00000028   Code   RO         6017    i.__ARM_fpclassify  m_ws.l(fpclassify.o)
    0x0801110c   0x0801110c   0x00000024   Code   RO         3028    i.__NVIC_GetEnableIRQ  bsp_driver_sd.o
    0x08011130   0x08011130   0x00000020   Code   RO         3714    i.__NVIC_SetPriority  stm32f1xx_hal_cortex.o
    0x08011150   0x08011150   0x00000024   Code   RO          375    i.__NVIC_SystemReset  app_bl.o
    0x08011174   0x08011174   0x0000000e   Code   RO         5726    i._is_digit         c_w.l(__printf_wp.o)
    0x08011182   0x08011182   0x00000002   PAD
    0x08011184   0x08011184   0x000000b8   Code   RO          376    i.app_bl_enter_boot  app_bl.o
    0x0801123c   0x0801123c   0x00000018   Code   RO          377    i.app_bl_init       app_bl.o
    0x08011254   0x08011254   0x00000090   Code   RO          378    i.app_bl_poll       app_bl.o
    0x080112e4   0x080112e4   0x00000010   Code   RO          379    i.app_bl_shell1_available  app_bl.o
    0x080112f4   0x080112f4   0x00000034   Code   RO          380    i.app_bl_shell1_pop  app_bl.o
    0x08011328   0x08011328   0x00000010   Code   RO          381    i.app_bl_shell3_available  app_bl.o
    0x08011338   0x08011338   0x00000034   Code   RO          382    i.app_bl_shell3_pop  app_bl.o
    0x0801136c   0x0801136c   0x00000030   Code   RO          383    i.app_log           app_bl.o
    0x0801139c   0x0801139c   0x00000070   Code   RO          384    i.app_log_u32       app_bl.o
    0x0801140c   0x0801140c   0x00000154   Code   RO         1450    i.banux_info        bg_shell_commands.o
    0x08011560   0x08011560   0x00000016   Code   RO          829    i.banux_io_device   banux_io.o
    0x08011576   0x08011576   0x0000000e   Code   RO          830    i.banux_io_find     banux_io.o
    0x08011584   0x08011584   0x00000034   Code   RO          831    i.banux_ioctl       banux_io.o
    0x080115b8   0x080115b8   0x00000068   Code   RO         1451    i.banux_print_component_type  bg_shell_commands.o
    0x08011620   0x08011620   0x00000006   Code   RO          833    i.banux_read        banux_io.o
    0x08011626   0x08011626   0x00000072   Code   RO          834    i.banux_read_at     banux_io.o
    0x08011698   0x08011698   0x0000008a   Code   RO          835    i.banux_write       banux_io.o
    0x08011722   0x08011722   0x00000002   PAD
    0x08011724   0x08011724   0x00000028   Code   RO         1452    i.boot_enter        bg_shell_commands.o
    0x0801174c   0x0801174c   0x000000b0   Code   RO         2000    i.build_fatfs_path  fs_sd.o
    0x080117fc   0x080117fc   0x0000005c   Code   RO          385    i.cfg_load          app_bl.o
    0x08011858   0x08011858   0x000000d4   Code   RO          386    i.cfg_set_enter_boot  app_bl.o
    0x0801192c   0x0801192c   0x00000024   Code   RO          387    i.cfg_valid         app_bl.o
    0x08011950   0x08011950   0x00000078   Code   RO         5186    i.check_fs          ff.o
    0x080119c8   0x080119c8   0x00000010   Code   RO         5187    i.chk_chr           ff.o
    0x080119d8   0x080119d8   0x0000006c   Code   RO         5188    i.chk_lock          ff.o
    0x08011a44   0x08011a44   0x00000024   Code   RO         5189    i.clear_lock        ff.o
    0x08011a68   0x08011a68   0x0000002a   Code   RO         5190    i.clmt_clust        ff.o
    0x08011a92   0x08011a92   0x0000001e   Code   RO         5191    i.clust2sect        ff.o
    0x08011ab0   0x08011ab0   0x000001b0   Code   RO         1453    i.cmd_cat           bg_shell_commands.o
    0x08011c60   0x08011c60   0x00000060   Code   RO         1454    i.cmd_cd            bg_shell_commands.o
    0x08011cc0   0x08011cc0   0x000000c4   Code   RO         2633    i.cmd_delay         command_parser.o
    0x08011d84   0x08011d84   0x00000170   Code   RO         1455    i.cmd_drivers       bg_shell_commands.o
    0x08011ef4   0x08011ef4   0x000001e0   Code   RO         1456    i.cmd_echo          bg_shell_commands.o
    0x080120d4   0x080120d4   0x000001c4   Code   RO         1457    i.cmd_ls            bg_shell_commands.o
    0x08012298   0x08012298   0x00000084   Code   RO         1458    i.cmd_mkdir         bg_shell_commands.o
    0x0801231c   0x0801231c   0x00000058   Code   RO         1459    i.cmd_pwd           bg_shell_commands.o
    0x08012374   0x08012374   0x00000128   Code   RO         1460    i.cmd_recv          bg_shell_commands.o
    0x0801249c   0x0801249c   0x00000050   Code   RO         1461    i.cmd_recv_block    bg_shell_commands.o
    0x080124ec   0x080124ec   0x00000034   Code   RO         1462    i.cmd_recv_clear    bg_shell_commands.o
    0x08012520   0x08012520   0x0000001c   Code   RO         1463    i.cmd_recv_end      bg_shell_commands.o
    0x0801253c   0x0801253c   0x00000074   Code   RO         1464    i.cmd_rm            bg_shell_commands.o
    0x080125b0   0x080125b0   0x00000038   Code   RO         2634    i.cmd_run           command_parser.o
    0x080125e8   0x080125e8   0x00000078   Code   RO         1465    i.cmd_touch         bg_shell_commands.o
    0x08012660   0x08012660   0x00000044   Code   RO         1466    i.cmd_tree          bg_shell_commands.o
    0x080126a4   0x080126a4   0x000001a8   Code   RO         1467    i.cmd_vim           bg_shell_commands.o
    0x0801284c   0x0801284c   0x0000003c   Code   RO         2925    i.cmd_wifi_clear    wireless_control.o
    0x08012888   0x08012888   0x00000038   Code   RO         2926    i.cmd_wifi_config   wireless_control.o
    0x080128c0   0x080128c0   0x00000010   Code   RO         2927    i.cmd_wifi_help     wireless_control.o
    0x080128d0   0x080128d0   0x00000070   Code   RO         2928    i.cmd_wifi_info     wireless_control.o
    0x08012940   0x08012940   0x00000098   Code   RO         2929    i.cmd_wifi_name     wireless_control.o
    0x080129d8   0x080129d8   0x000000c4   Code   RO         2930    i.cmd_wifi_ota      wireless_control.o
    0x08012a9c   0x08012a9c   0x00000124   Code   RO         2931    i.cmd_wifi_provision  wireless_control.o
    0x08012bc0   0x08012bc0   0x00000054   Code   RO         2932    i.cmd_wifi_restart  wireless_control.o
    0x08012c14   0x08012c14   0x00000104   Code   RO         2933    i.cmd_wifi_set      wireless_control.o
    0x08012d18   0x08012d18   0x000000d0   Code   RO         2934    i.cmd_wifi_topic    wireless_control.o
    0x08012de8   0x08012de8   0x0000003a   Code   RO          388    i.crc16_ccitt       app_bl.o
    0x08012e22   0x08012e22   0x000000b0   Code   RO         5192    i.create_chain      ff.o
    0x08012ed2   0x08012ed2   0x00000002   PAD
    0x08012ed4   0x08012ed4   0x00000204   Code   RO         5193    i.create_name       ff.o
    0x080130d8   0x080130d8   0x0000003c   Code   RO         5194    i.dec_lock          ff.o
    0x08013114   0x08013114   0x00000144   Code   RO         5195    i.dir_find          ff.o
    0x08013258   0x08013258   0x0000011e   Code   RO         5196    i.dir_next          ff.o
    0x08013376   0x08013376   0x00000002   PAD
    0x08013378   0x08013378   0x00000108   Code   RO         5197    i.dir_read          ff.o
    0x08013480   0x08013480   0x000001d0   Code   RO         5198    i.dir_register      ff.o
    0x08013650   0x08013650   0x00000072   Code   RO         5199    i.dir_remove        ff.o
    0x080136c2   0x080136c2   0x00000098   Code   RO         5200    i.dir_sdi           ff.o
    0x0801375a   0x0801375a   0x00000002   PAD
    0x0801375c   0x0801375c   0x00000034   Code   RO         5131    i.disk_initialize   diskio.o
    0x08013790   0x08013790   0x0000001c   Code   RO         5132    i.disk_ioctl        diskio.o
    0x080137ac   0x080137ac   0x0000001c   Code   RO         5133    i.disk_read         diskio.o
    0x080137c8   0x080137c8   0x00000018   Code   RO         5134    i.disk_status       diskio.o
    0x080137e0   0x080137e0   0x0000001c   Code   RO         5135    i.disk_write        diskio.o
    0x080137fc   0x080137fc   0x00000028   Code   RO         2820    i.div_round64       gcode.o
    0x08013824   0x08013824   0x00000080   Code   RO         1468    i.editor_delete_line  bg_shell_commands.o
    0x080138a4   0x080138a4   0x00000024   Code   RO         1469    i.editor_exit       bg_shell_commands.o
    0x080138c8   0x080138c8   0x000000cc   Code   RO         1470    i.editor_input      bg_shell_commands.o
    0x08013994   0x08013994   0x000000cc   Code   RO         1471    i.editor_print      bg_shell_commands.o
    0x08013a60   0x08013a60   0x00000214   Code   RO         1472    i.editor_process_line  bg_shell_commands.o
    0x08013c74   0x08013c74   0x0000002c   Code   RO         1473    i.editor_prompt     bg_shell_commands.o
    0x08013ca0   0x08013ca0   0x00000064   Code   RO         1474    i.editor_save       bg_shell_commands.o
    0x08013d04   0x08013d04   0x0000009c   Code   RO         2186    i.eeprom_bus_init   drv_eeprom.o
    0x08013da0   0x08013da0   0x00000028   Code   RO         2187    i.eeprom_delay_us   drv_eeprom.o
    0x08013dc8   0x08013dc8   0x000000a8   Code   RO         2188    i.eeprom_drv_init   drv_eeprom.o
    0x08013e70   0x08013e70   0x00000014   Code   RO         2189    i.eeprom_drv_read   drv_eeprom.o
    0x08013e84   0x08013e84   0x00000014   Code   RO         2190    i.eeprom_drv_write  drv_eeprom.o
    0x08013e98   0x08013e98   0x00000064   Code   RO         2191    i.eeprom_i2c_read_byte  drv_eeprom.o
    0x08013efc   0x08013efc   0x0000002a   Code   RO         2192    i.eeprom_i2c_start  drv_eeprom.o
    0x08013f26   0x08013f26   0x0000002a   Code   RO         2193    i.eeprom_i2c_stop   drv_eeprom.o
    0x08013f50   0x08013f50   0x00000062   Code   RO         2194    i.eeprom_i2c_write_byte  drv_eeprom.o
    0x08013fb2   0x08013fb2   0x0000001a   Code   RO         2195    i.eeprom_probe      drv_eeprom.o
    0x08013fcc   0x08013fcc   0x00000018   Code   RO         2196    i.eeprom_scl        drv_eeprom.o
    0x08013fe4   0x08013fe4   0x00000018   Code   RO         2197    i.eeprom_sda        drv_eeprom.o
    0x08013ffc   0x08013ffc   0x00000018   Code   RO         2198    i.eeprom_sda_read   drv_eeprom.o
    0x08014014   0x08014014   0x000000f0   Code   RO         1475    i.event_tree        bg_shell_commands.o
    0x08014104   0x08014104   0x00000094   Code   RO         2635    i.execute_line      command_parser.o
    0x08014198   0x08014198   0x00000120   Code   RO         2821    i.execute_move      gcode.o
    0x080142b8   0x080142b8   0x000000fc   Code   RO         2822    i.execute_parsed    gcode.o
    0x080143b4   0x080143b4   0x0000002a   Code   RO         5202    i.f_close           ff.o
    0x080143de   0x080143de   0x00000024   Code   RO         5203    i.f_closedir        ff.o
    0x08014402   0x08014402   0x000000d4   Code   RO         5204    i.f_getfree         ff.o
    0x080144d6   0x080144d6   0x00000002   PAD
    0x080144d8   0x080144d8   0x00000284   Code   RO         5206    i.f_lseek           ff.o
    0x0801475c   0x0801475c   0x0000016c   Code   RO         5207    i.f_mkdir           ff.o
    0x080148c8   0x080148c8   0x0000005c   Code   RO         5209    i.f_mount           ff.o
    0x08014924   0x08014924   0x000001b0   Code   RO         5210    i.f_open            ff.o
    0x08014ad4   0x08014ad4   0x000000a0   Code   RO         5211    i.f_opendir         ff.o
    0x08014b74   0x08014b74   0x0000018c   Code   RO         5215    i.f_read            ff.o
    0x08014d00   0x08014d00   0x0000005c   Code   RO         5216    i.f_readdir         ff.o
    0x08014d5c   0x08014d5c   0x000000b8   Code   RO         5219    i.f_sync            ff.o
    0x08014e14   0x08014e14   0x000000b4   Code   RO         5221    i.f_unlink          ff.o
    0x08014ec8   0x08014ec8   0x000001d6   Code   RO         5223    i.f_write           ff.o
    0x0801509e   0x0801509e   0x00000002   PAD
    0x080150a0   0x080150a0   0x000000ac   Code   RO          389    i.feed_byte         app_bl.o
    0x0801514c   0x0801514c   0x00000094   Code   RO          390    i.feed_text         app_bl.o
    0x080151e0   0x080151e0   0x00000038   Code   RO         5597    i.ff_convert        ccsbcs.o
    0x08015218   0x08015218   0x00000024   Code   RO         5598    i.ff_wtoupper       ccsbcs.o
    0x0801523c   0x0801523c   0x00000030   Code   RO         2001    i.find_volume       fs_sd.o
    0x0801526c   0x0801526c   0x000002d0   Code   RO         5224    i.find_volume       ff.o
    0x0801553c   0x0801553c   0x00000024   Code   RO          391    i.flash_erase_page  app_bl.o
    0x08015560   0x08015560   0x00000014   Code   RO         1918    i.flash_initialize  internal_flash_diskio.o
    0x08015574   0x08015574   0x00000038   Code   RO         1919    i.flash_ioctl       internal_flash_diskio.o
    0x080155ac   0x080155ac   0x0000002c   Code   RO         1920    i.flash_read        internal_flash_diskio.o
    0x080155d8   0x080155d8   0x0000000c   Code   RO         1921    i.flash_status      internal_flash_diskio.o
    0x080155e4   0x080155e4   0x00000084   Code   RO         1922    i.flash_write       internal_flash_diskio.o
    0x08015668   0x08015668   0x00000072   Code   RO         5225    i.follow_path       ff.o
    0x080156da   0x080156da   0x00000002   PAD
    0x080156dc   0x080156dc   0x000001d0   Code   RO         1923    i.format_if_needed  internal_flash_diskio.o
    0x080158ac   0x080158ac   0x00000060   Code   RO         1476    i.fs_report_error   bg_shell_commands.o
    0x0801590c   0x0801590c   0x00000078   Code   RO         2002    i.fs_report_write_fail  fs_sd.o
    0x08015984   0x08015984   0x00000080   Code   RO         5226    i.gen_numname       ff.o
    0x08015a04   0x08015a04   0x0000000c   Code   RO         2199    i.get_address       drv_eeprom.o
    0x08015a10   0x08015a10   0x0000000c   Code   RO         1806    i.get_backend       drv_sdio.o
    0x08015a1c   0x08015a1c   0x0000000c   Code   RO         2129    i.get_baud          drv_uart.o
    0x08015a28   0x08015a28   0x0000000c   Code   RO         1807    i.get_block         drv_sdio.o
    0x08015a34   0x08015a34   0x00000024   Code   RO         1808    i.get_detected      drv_sdio.o
    0x08015a58   0x08015a58   0x0000000c   Code   RO         2200    i.get_detected      drv_eeprom.o
    0x08015a64   0x08015a64   0x0000000c   Code   RO         2355    i.get_dir_pin       drv_stepper.o
    0x08015a70   0x08015a70   0x00000010   Code   RO         2356    i.get_direction     drv_stepper.o
    0x08015a80   0x08015a80   0x0000000c   Code   RO         2357    i.get_en_pin        drv_stepper.o
    0x08015a8c   0x08015a8c   0x00000014   Code   RO         2358    i.get_enable        drv_stepper.o
    0x08015aa0   0x08015aa0   0x0000000c   Code   RO         2201    i.get_erase         drv_eeprom.o
    0x08015aac   0x08015aac   0x000000cc   Code   RO         5227    i.get_fat           ff.o
    0x08015b78   0x08015b78   0x00000004   Code   RO         3148    i.get_fattime       fatfs.o
    0x08015b7c   0x08015b7c   0x000000ce   Code   RO         5228    i.get_fileinfo      ff.o
    0x08015c4a   0x08015c4a   0x00000002   PAD
    0x08015c4c   0x08015c4c   0x00000010   Code   RO         1809    i.get_free_kb       drv_sdio.o
    0x08015c5c   0x08015c5c   0x00000010   Code   RO         1810    i.get_free_mb       drv_sdio.o
    0x08015c6c   0x08015c6c   0x0000003c   Code   RO         5229    i.get_ldnumber      ff.o
    0x08015ca8   0x08015ca8   0x00000028   Code   RO         2359    i.get_limit         drv_stepper.o
    0x08015cd0   0x08015cd0   0x00000014   Code   RO         2360    i.get_limit_active  drv_stepper.o
    0x08015ce4   0x08015ce4   0x00000014   Code   RO         2361    i.get_limit_pin     drv_stepper.o
    0x08015cf8   0x08015cf8   0x00000034   Code   RO         2362    i.get_limit_raw     drv_stepper.o
    0x08015d2c   0x08015d2c   0x00000018   Code   RO         1811    i.get_mount         drv_sdio.o
    0x08015d44   0x08015d44   0x0000000c   Code   RO         2202    i.get_page_size     drv_eeprom.o
    0x08015d50   0x08015d50   0x0000000c   Code   RO         2363    i.get_position      drv_stepper.o
    0x08015d5c   0x08015d5c   0x0000000c   Code   RO         2364    i.get_pulse_us      drv_stepper.o
    0x08015d68   0x08015d68   0x00000020   Code   RO         2130    i.get_rx_avail      drv_uart.o
    0x08015d88   0x08015d88   0x00000010   Code   RO         2203    i.get_size          drv_eeprom.o
    0x08015d98   0x08015d98   0x00000010   Code   RO         1812    i.get_size_kb       drv_sdio.o
    0x08015da8   0x08015da8   0x00000010   Code   RO         1813    i.get_size_mb       drv_sdio.o
    0x08015db8   0x08015db8   0x0000000c   Code   RO         2365    i.get_step_pin      drv_stepper.o
    0x08015dc4   0x08015dc4   0x0000000c   Code   RO         2366    i.get_steps         drv_stepper.o
    0x08015dd0   0x08015dd0   0x00000048   Code   RO         1814    i.get_type          drv_sdio.o
    0x08015e18   0x08015e18   0x00000014   Code   RO         2204    i.get_type          drv_eeprom.o
    0x08015e2c   0x08015e2c   0x00000030   Code   RO         2205    i.get_value         drv_eeprom.o
    0x08015e5c   0x08015e5c   0x00000124   Code   RO          392    i.handle_enter_boot  app_bl.o
    0x08015f80   0x08015f80   0x000000e0   Code   RO          393    i.handle_text_boot  app_bl.o
    0x08016060   0x08016060   0x000000a0   Code   RO         5230    i.inc_lock          ff.o
    0x08016100   0x08016100   0x00000020   Code   RO          394    i.is_word_char      app_bl.o
    0x08016120   0x08016120   0x00000014   Code   RO         5231    i.ld_clust          ff.o
    0x08016134   0x08016134   0x000000ec   Code   RO           15    i.main              main.o
    0x08016220   0x08016220   0x00000012   Code   RO         5232    i.mem_cpy           ff.o
    0x08016232   0x08016232   0x0000000e   Code   RO         5233    i.mem_set           ff.o
    0x08016240   0x08016240   0x00000036   Code   RO         5234    i.move_window       ff.o
    0x08016276   0x08016276   0x00000002   PAD
    0x08016278   0x08016278   0x00000034   Code   RO         2823    i.on_gcode_stop     gcode.o
    0x080162ac   0x080162ac   0x000000b4   Code   RO         2824    i.parse_fixed       gcode.o
    0x08016360   0x08016360   0x0000011e   Code   RO         2825    i.parse_line        gcode.o
    0x0801647e   0x0801647e   0x00000002   PAD
    0x08016480   0x08016480   0x00000014   Code   RO         2636    i.parser_abort      command_parser.o
    0x08016494   0x08016494   0x00000014   Code   RO         2003    i.path_name         fs_sd.o
    0x080164a8   0x080164a8   0x000000f4   Code   RO         2826    i.print_state       gcode.o
    0x0801659c   0x0801659c   0x000000dc   Code   RO         1477    i.print_vfs_tree    bg_shell_commands.o
    0x08016678   0x08016678   0x00000072   Code   RO         1924    i.program_page      internal_flash_diskio.o
    0x080166ea   0x080166ea   0x000000f6   Code   RO         5235    i.put_fat           ff.o
    0x080167e0   0x080167e0   0x0000000a   Code   RO         1925    i.put_word          internal_flash_diskio.o
    0x080167ea   0x080167ea   0x00000026   Code   RO          286    i.rb_pop            usart.o
    0x08016810   0x08016810   0x0000001c   Code   RO          287    i.rb_push           usart.o
    0x0801682c   0x0801682c   0x000000f4   Code   RO         1478    i.recv_b64_decode   bg_shell_commands.o
    0x08016920   0x08016920   0x00000060   Code   RO         1479    i.recv_clear_path   bg_shell_commands.o
    0x08016980   0x08016980   0x00000098   Code   RO         2004    i.recv_session_open  fs_sd.o
    0x08016a18   0x08016a18   0x0000012c   Code   RO         1480    i.recv_write_block  bg_shell_commands.o
    0x08016b44   0x08016b44   0x00000058   Code   RO         2827    i.refresh_position  gcode.o
    0x08016b9c   0x08016b9c   0x0000006e   Code   RO         5237    i.remove_chain      ff.o
    0x08016c0a   0x08016c0a   0x00000002   PAD
    0x08016c0c   0x08016c0c   0x00000134   Code   RO         2005    i.resolve_file_path  fs_sd.o
    0x08016d40   0x08016d40   0x0000006c   Code   RO         2637    i.script_read_byte  command_parser.o
    0x08016dac   0x08016dac   0x00000168   Code   RO         2006    i.sd_dir_load       fs_sd.o
    0x08016f14   0x08016f14   0x0000009c   Code   RO         2007    i.sd_file_read      fs_sd.o
    0x08016fb0   0x08016fb0   0x00000068   Code   RO         5635    i.sd_report_write_error  sd_diskio.o
    0x08017018   0x08017018   0x00000228   Code   RO         1815    i.sdio_drv_init     drv_sdio.o
    0x08017240   0x08017240   0x00000044   Code   RO         1816    i.sdio_drv_read     drv_sdio.o
    0x08017284   0x08017284   0x00000050   Code   RO         1817    i.sdio_drv_write    drv_sdio.o
    0x080172d4   0x080172d4   0x0000002c   Code   RO         2206    i.set_address       drv_eeprom.o
    0x08017300   0x08017300   0x00000024   Code   RO         1818    i.set_block         drv_sdio.o
    0x08017324   0x08017324   0x00000040   Code   RO         2367    i.set_direction     drv_stepper.o
    0x08017364   0x08017364   0x0000003c   Code   RO         2368    i.set_enable        drv_stepper.o
    0x080173a0   0x080173a0   0x00000020   Code   RO         2207    i.set_erase         drv_eeprom.o
    0x080173c0   0x080173c0   0x00000028   Code   RO         2369    i.set_position      drv_stepper.o
    0x080173e8   0x080173e8   0x00000034   Code   RO         2370    i.set_pulse_us      drv_stepper.o
    0x0801741c   0x0801741c   0x0000005c   Code   RO         2371    i.set_steps         drv_stepper.o
    0x08017478   0x08017478   0x0000003c   Code   RO         2208    i.set_value         drv_eeprom.o
    0x080174b4   0x080174b4   0x00000038   Code   RO         2828    i.shell_gcode_file  gcode.o
    0x080174ec   0x080174ec   0x000000c8   Code   RO         2829    i.shell_gcode_line  gcode.o
    0x080175b4   0x080175b4   0x0000000a   Code   RO         2830    i.shell_gcode_status  gcode.o
    0x080175be   0x080175be   0x00000010   Code   RO         5238    i.st_clust          ff.o
    0x080175ce   0x080175ce   0x00000002   PAD
    0x080175d0   0x080175d0   0x00000028   Code   RO         2372    i.stepper_delay_us  drv_stepper.o
    0x080175f8   0x080175f8   0x0000006c   Code   RO         2373    i.stepper_drv_init  drv_stepper.o
    0x08017664   0x08017664   0x0000004a   Code   RO         2374    i.stepper_drv_ioctl  drv_stepper.o
    0x080176ae   0x080176ae   0x00000002   PAD
    0x080176b0   0x080176b0   0x00000054   Code   RO         2375    i.stepper_drv_read  drv_stepper.o
    0x08017704   0x08017704   0x00000058   Code   RO         2376    i.stepper_drv_write  drv_stepper.o
    0x0801775c   0x0801775c   0x0000010c   Code   RO         2377    i.stepper_gpio_init  drv_stepper.o
    0x08017868   0x08017868   0x0000000a   Code   RO         2378    i.stepper_group_init  drv_stepper.o
    0x08017872   0x08017872   0x00000028   Code   RO         2379    i.stepper_group_ioctl  drv_stepper.o
    0x0801789a   0x0801789a   0x00000026   Code   RO         2380    i.stepper_group_write  drv_stepper.o
    0x080178c0   0x080178c0   0x0000016c   Code   RO         2381    i.stepper_move_group  drv_stepper.o
    0x08017a2c   0x08017a2c   0x0000001a   Code   RO         5239    i.sum_sfn           ff.o
    0x08017a46   0x08017a46   0x000000b6   Code   RO         5240    i.sync_fs           ff.o
    0x08017afc   0x08017afc   0x00000060   Code   RO         5241    i.sync_window       ff.o
    0x08017b5c   0x08017b5c   0x000000f8   Code   RO         1481    i.sys_info          bg_shell_commands.o
    0x08017c54   0x08017c54   0x00000070   Code   RO         1482    i.sys_mem           bg_shell_commands.o
    0x08017cc4   0x08017cc4   0x00000040   Code   RO         1483    i.sys_reboot        bg_shell_commands.o
    0x08017d04   0x08017d04   0x00000030   Code   RO         1484    i.sys_version       bg_shell_commands.o
    0x08017d34   0x08017d34   0x00000020   Code   RO         2730    i.timer_get_now     drv_timer1ms.o
    0x08017d54   0x08017d54   0x0000001a   Code   RO         2731    i.timer_read        drv_timer1ms.o
    0x08017d6e   0x08017d6e   0x00000004   Code   RO         1715    i.uart1_available   shell_io_uart.o
    0x08017d72   0x08017d72   0x00000004   Code   RO         1716    i.uart1_recv        shell_io_uart.o
    0x08017d76   0x08017d76   0x00000002   PAD
    0x08017d78   0x08017d78   0x00000018   Code   RO         1717    i.uart1_send        shell_io_uart.o
    0x08017d90   0x08017d90   0x00000004   Code   RO         1718    i.uart3_available   shell_io_uart.o
    0x08017d94   0x08017d94   0x00000004   Code   RO         1719    i.uart3_recv        shell_io_uart.o
    0x08017d98   0x08017d98   0x00000018   Code   RO         1720    i.uart3_send        shell_io_uart.o
    0x08017db0   0x08017db0   0x00000012   Code   RO         1721    i.uart_all_available  shell_io_uart.o
    0x08017dc2   0x08017dc2   0x00000022   Code   RO         1722    i.uart_all_recv     shell_io_uart.o
    0x08017de4   0x08017de4   0x0000002c   Code   RO         1723    i.uart_all_send     shell_io_uart.o
    0x08017e10   0x08017e10   0x00000012   Code   RO         2131    i.uart_drv_read     drv_uart.o
    0x08017e22   0x08017e22   0x00000018   Code   RO         2132    i.uart_drv_write    drv_uart.o
    0x08017e3a   0x08017e3a   0x00000002   PAD
    0x08017e3c   0x08017e3c   0x00000028   Code   RO          289    i.uart_rb_pop       usart.o
    0x08017e64   0x08017e64   0x0000003c   Code   RO          290    i.uart_rx_start     usart.o
    0x08017ea0   0x08017ea0   0x00000012   Code   RO          291    i.uart_tx           usart.o
    0x08017eb2   0x08017eb2   0x0000008e   Code   RO         2638    i.utf8_feed         command_parser.o
    0x08017f40   0x08017f40   0x0000002c   Code   RO         5242    i.validate          ff.o
    0x08017f6c   0x08017f6c   0x0000005a   Code   RO         2831    i.verify_checksum   gcode.o
    0x08017fc6   0x08017fc6   0x00000002   PAD
    0x08017fc8   0x08017fc8   0x00000048   Code   RO         2935    i.wifi_send_line    wireless_control.o
    0x08018010   0x08018010   0x0000002c   Code   RO         2936    i.wifi_send_simple  wireless_control.o
    0x0801803c   0x0801803c   0x0000002c   Code   RO         5872    locale$$code        c_w.l(lc_ctype_c.o)
    0x08018068   0x08018068   0x0000002c   Code   RO         5996    locale$$code        c_w.l(lc_numeric_c.o)
    0x08018094   0x08018094   0x00000004   Code   RO         5876    x$fpl$printf1       fz_ws.l(printf1.o)
    0x08018098   0x08018098   0x00000004   Code   RO         5878    x$fpl$printf2       fz_ws.l(printf2.o)
    0x0801809c   0x0801809c   0x00000000   Code   RO         6016    x$fpl$usenofp       fz_ws.l(usenofp.o)
    0x0801809c   0x0801809c   0x00000018   Data   RO           16    .constdata          main.o
    0x080180b4   0x080180b4   0x00000015   Data   RO          396    .constdata          app_bl.o
    0x080180c9   0x080180c9   0x00000003   PAD
    0x080180cc   0x080180cc   0x0000002c   Data   RO          734    .constdata          banux_component.o
    0x080180f8   0x080180f8   0x00000018   Data   RO          836    .constdata          banux_io.o
    0x08018110   0x08018110   0x00000018   Data   RO          929    .constdata          vfs.o
    0x08018128   0x08018128   0x00000018   Data   RO         1067    .constdata          drv_init.o
    0x08018140   0x08018140   0x00000018   Data   RO         1278    .constdata          bg_shell.o
    0x08018158   0x08018158   0x000000a0   Data   RO         1279    .constdata          bg_shell.o
    0x080181f8   0x080181f8   0x00000014   Data   RO         1280    .constdata          bg_shell.o
    0x0801820c   0x0801820c   0x00000078   Data   RO         1486    .constdata          bg_shell_commands.o
    0x08018284   0x08018284   0x00000140   Data   RO         1487    .constdata          bg_shell_commands.o
    0x080183c4   0x080183c4   0x00000028   Data   RO         1488    .constdata          bg_shell_commands.o
    0x080183ec   0x080183ec   0x00000028   Data   RO         1489    .constdata          bg_shell_commands.o
    0x08018414   0x08018414   0x00000028   Data   RO         1490    .constdata          bg_shell_commands.o
    0x0801843c   0x0801843c   0x00000028   Data   RO         1491    .constdata          bg_shell_commands.o
    0x08018464   0x08018464   0x00000028   Data   RO         1492    .constdata          bg_shell_commands.o
    0x0801848c   0x0801848c   0x00000028   Data   RO         1493    .constdata          bg_shell_commands.o
    0x080184b4   0x080184b4   0x00000028   Data   RO         1494    .constdata          bg_shell_commands.o
    0x080184dc   0x080184dc   0x00000028   Data   RO         1495    .constdata          bg_shell_commands.o
    0x08018504   0x08018504   0x00000028   Data   RO         1496    .constdata          bg_shell_commands.o
    0x0801852c   0x0801852c   0x00000028   Data   RO         1497    .constdata          bg_shell_commands.o
    0x08018554   0x08018554   0x00000064   Data   RO         1498    .constdata          bg_shell_commands.o
    0x080185b8   0x080185b8   0x00000028   Data   RO         1499    .constdata          bg_shell_commands.o
    0x080185e0   0x080185e0   0x00000028   Data   RO         1500    .constdata          bg_shell_commands.o
    0x08018608   0x08018608   0x00000028   Data   RO         1501    .constdata          bg_shell_commands.o
    0x08018630   0x08018630   0x00000028   Data   RO         1502    .constdata          bg_shell_commands.o
    0x08018658   0x08018658   0x00000030   Data   RO         1724    .constdata          shell_io_uart.o
    0x08018688   0x08018688   0x000000c8   Data   RO         1820    .constdata          drv_sdio.o
    0x08018750   0x08018750   0x00000014   Data   RO         1927    .constdata          internal_flash_diskio.o
    0x08018764   0x08018764   0x00000019   Data   RO         2009    .constdata          fs_sd.o
    0x0801877d   0x0801877d   0x00000003   PAD
    0x08018780   0x08018780   0x0000003c   Data   RO         2133    .constdata          drv_uart.o
    0x080187bc   0x080187bc   0x000000a0   Data   RO         2209    .constdata          drv_eeprom.o
    0x0801885c   0x0801885c   0x000000b4   Data   RO         2382    .constdata          drv_stepper.o
    0x08018910   0x08018910   0x00000104   Data   RO         2383    .constdata          drv_stepper.o
    0x08018a14   0x08018a14   0x00000018   Data   RO         2550    .constdata          event_component_manifest.o
    0x08018a2c   0x08018a2c   0x00000018   Data   RO         2617    .constdata          upgrade_component_manifest.o
    0x08018a44   0x08018a44   0x00000018   Data   RO         2640    .constdata          command_parser.o
    0x08018a5c   0x08018a5c   0x00000028   Data   RO         2641    .constdata          command_parser.o
    0x08018a84   0x08018a84   0x00000028   Data   RO         2642    .constdata          command_parser.o
    0x08018aac   0x08018aac   0x00000028   Data   RO         2643    .constdata          command_parser.o
    0x08018ad4   0x08018ad4   0x00000028   Data   RO         2732    .constdata          drv_timer1ms.o
    0x08018afc   0x08018afc   0x00000018   Data   RO         2792    .constdata          internal_flash_fs.o
    0x08018b14   0x08018b14   0x00000034   Data   RO         2833    .constdata          gcode.o
    0x08018b48   0x08018b48   0x00000050   Data   RO         2834    .constdata          gcode.o
    0x08018b98   0x08018b98   0x00000018   Data   RO         2835    .constdata          gcode.o
    0x08018bb0   0x08018bb0   0x000000dc   Data   RO         2937    .constdata          wireless_control.o
    0x08018c8c   0x08018c8c   0x00000014   Data   RO         2938    .constdata          wireless_control.o
    0x08018ca0   0x08018ca0   0x00000018   Data   RO         2939    .constdata          wireless_control.o
    0x08018cb8   0x08018cb8   0x00000018   Data   RO         3152    .constdata          fatfs.o
    0x08018cd0   0x08018cd0   0x00000012   Data   RO         3412    .constdata          stm32f1xx_hal_rcc.o
    0x08018ce2   0x08018ce2   0x00000010   Data   RO         5095    .constdata          system_stm32f1xx.o
    0x08018cf2   0x08018cf2   0x00000008   Data   RO         5096    .constdata          system_stm32f1xx.o
    0x08018cfa   0x08018cfa   0x000000ba   Data   RO         5244    .constdata          ff.o
    0x08018db4   0x08018db4   0x000004c0   Data   RO         5599    .constdata          ccsbcs.o
    0x08019274   0x08019274   0x00000014   Data   RO         5637    .constdata          sd_diskio.o
    0x08019288   0x08019288   0x00000011   Data   RO         5734    .constdata          c_w.l(__printf_flags_ss_wp.o)
    0x08019299   0x08019299   0x00000003   PAD
    0x0801929c   0x0801929c   0x00000008   Data   RO         5810    .constdata          c_w.l(_printf_wctomb.o)
    0x080192a4   0x080192a4   0x00000028   Data   RO         5839    .constdata          c_w.l(_printf_hex_int_ll_ptr.o)
    0x080192cc   0x080192cc   0x00000026   Data   RO         5911    .constdata          c_w.l(_printf_fp_hex.o)
    0x080192f2   0x080192f2   0x00000002   PAD
    0x080192f4   0x080192f4   0x00000094   Data   RO         5971    .constdata          c_w.l(bigflt0.o)
    0x08019388   0x08019388   0x00000048   Data   RO           17    .conststring        main.o
    0x080193d0   0x080193d0   0x00000038   Data   RO          837    .conststring        banux_io.o
    0x08019408   0x08019408   0x0000001c   Data   RO          930    .conststring        vfs.o
    0x08019424   0x08019424   0x00000048   Data   RO         1068    .conststring        drv_init.o
    0x0801946c   0x0801946c   0x00000035   Data   RO         1178    .conststring        drv_device.o
    0x080194a1   0x080194a1   0x00000003   PAD
    0x080194a4   0x080194a4   0x00000030   Data   RO         1281    .conststring        bg_shell.o
    0x080194d4   0x080194d4   0x00000046   Data   RO         1282    .conststring        bg_shell.o
    0x0801951a   0x0801951a   0x00000002   PAD
    0x0801951c   0x0801951c   0x000000c8   Data   RO         1283    .conststring        bg_shell.o
    0x080195e4   0x080195e4   0x0000007f   Data   RO         1503    .conststring        bg_shell_commands.o
    0x08019663   0x08019663   0x00000001   PAD
    0x08019664   0x08019664   0x00000223   Data   RO         1504    .conststring        bg_shell_commands.o
    0x08019887   0x08019887   0x00000001   PAD
    0x08019888   0x08019888   0x00000021   Data   RO         1505    .conststring        bg_shell_commands.o
    0x080198a9   0x080198a9   0x00000003   PAD
    0x080198ac   0x080198ac   0x00000022   Data   RO         1506    .conststring        bg_shell_commands.o
    0x080198ce   0x080198ce   0x00000002   PAD
    0x080198d0   0x080198d0   0x00000009   Data   RO         1507    .conststring        bg_shell_commands.o
    0x080198d9   0x080198d9   0x00000003   PAD
    0x080198dc   0x080198dc   0x00000020   Data   RO         1510    .conststring        bg_shell_commands.o
    0x080198fc   0x080198fc   0x00000011   Data   RO         1511    .conststring        bg_shell_commands.o
    0x0801990d   0x0801990d   0x00000003   PAD
    0x08019910   0x08019910   0x0000001b   Data   RO         1512    .conststring        bg_shell_commands.o
    0x0801992b   0x0801992b   0x00000001   PAD
    0x0801992c   0x0801992c   0x00000011   Data   RO         1513    .conststring        bg_shell_commands.o
    0x0801993d   0x0801993d   0x00000003   PAD
    0x08019940   0x08019940   0x000000d7   Data   RO         1515    .conststring        bg_shell_commands.o
    0x08019a17   0x08019a17   0x00000001   PAD
    0x08019a18   0x08019a18   0x00000026   Data   RO         1516    .conststring        bg_shell_commands.o
    0x08019a3e   0x08019a3e   0x00000002   PAD
    0x08019a40   0x08019a40   0x00000014   Data   RO         1517    .conststring        bg_shell_commands.o
    0x08019a54   0x08019a54   0x0000001c   Data   RO         1518    .conststring        bg_shell_commands.o
    0x08019a70   0x08019a70   0x0000002c   Data   RO         1519    .conststring        bg_shell_commands.o
    0x08019a9c   0x08019a9c   0x0000001a   Data   RO         1725    .conststring        shell_io_uart.o
    0x08019ab6   0x08019ab6   0x00000002   PAD
    0x08019ab8   0x08019ab8   0x0000012a   Data   RO         1821    .conststring        drv_sdio.o
    0x08019be2   0x08019be2   0x00000002   PAD
    0x08019be4   0x08019be4   0x00000019   Data   RO         1822    .conststring        drv_sdio.o
    0x08019bfd   0x08019bfd   0x00000003   PAD
    0x08019c00   0x08019c00   0x0000007d   Data   RO         2010    .conststring        fs_sd.o
    0x08019c7d   0x08019c7d   0x00000003   PAD
    0x08019c80   0x08019c80   0x00000041   Data   RO         2134    .conststring        drv_uart.o
    0x08019cc1   0x08019cc1   0x00000003   PAD
    0x08019cc4   0x08019cc4   0x00000046   Data   RO         2135    .conststring        drv_uart.o
    0x08019d0a   0x08019d0a   0x00000002   PAD
    0x08019d0c   0x08019d0c   0x000000dc   Data   RO         2210    .conststring        drv_eeprom.o
    0x08019de8   0x08019de8   0x0000002f   Data   RO         2211    .conststring        drv_eeprom.o
    0x08019e17   0x08019e17   0x00000001   PAD
    0x08019e18   0x08019e18   0x000000f2   Data   RO         2384    .conststring        drv_stepper.o
    0x08019f0a   0x08019f0a   0x00000002   PAD
    0x08019f0c   0x08019f0c   0x00000109   Data   RO         2385    .conststring        drv_stepper.o
    0x0801a015   0x0801a015   0x00000003   PAD
    0x0801a018   0x0801a018   0x0000009e   Data   RO         2386    .conststring        drv_stepper.o
    0x0801a0b6   0x0801a0b6   0x00000002   PAD
    0x0801a0b8   0x0801a0b8   0x00000036   Data   RO         2551    .conststring        event_component_manifest.o
    0x0801a0ee   0x0801a0ee   0x00000002   PAD
    0x0801a0f0   0x0801a0f0   0x00000038   Data   RO         2618    .conststring        upgrade_component_manifest.o
    0x0801a128   0x0801a128   0x0000003e   Data   RO         2644    .conststring        command_parser.o
    0x0801a166   0x0801a166   0x00000002   PAD
    0x0801a168   0x0801a168   0x00000029   Data   RO         2645    .conststring        command_parser.o
    0x0801a191   0x0801a191   0x00000003   PAD
    0x0801a194   0x0801a194   0x0000002e   Data   RO         2646    .conststring        command_parser.o
    0x0801a1c2   0x0801a1c2   0x00000002   PAD
    0x0801a1c4   0x0801a1c4   0x0000004a   Data   RO         2647    .conststring        command_parser.o
    0x0801a20e   0x0801a20e   0x00000002   PAD
    0x0801a210   0x0801a210   0x00000023   Data   RO         2733    .conststring        drv_timer1ms.o
    0x0801a233   0x0801a233   0x00000001   PAD
    0x0801a234   0x0801a234   0x00000029   Data   RO         2734    .conststring        drv_timer1ms.o
    0x0801a25d   0x0801a25d   0x00000003   PAD
    0x0801a260   0x0801a260   0x0000004d   Data   RO         2776    .conststring        driver_init.o
    0x0801a2ad   0x0801a2ad   0x00000003   PAD
    0x0801a2b0   0x0801a2b0   0x00000036   Data   RO         2793    .conststring        internal_flash_fs.o
    0x0801a2e6   0x0801a2e6   0x00000002   PAD
    0x0801a2e8   0x0801a2e8   0x00000083   Data   RO         2836    .conststring        gcode.o
    0x0801a36b   0x0801a36b   0x00000001   PAD
    0x0801a36c   0x0801a36c   0x0000005a   Data   RO         2837    .conststring        gcode.o
    0x0801a3c6   0x0801a3c6   0x00000002   PAD
    0x0801a3c8   0x0801a3c8   0x00000022   Data   RO         2838    .conststring        gcode.o
    0x0801a3ea   0x0801a3ea   0x00000002   PAD
    0x0801a3ec   0x0801a3ec   0x000001f6   Data   RO         2940    .conststring        wireless_control.o
    0x0801a5e2   0x0801a5e2   0x00000002   PAD
    0x0801a5e4   0x0801a5e4   0x000007dd   Data   RO         2941    .conststring        wireless_control.o
    0x0801adc1   0x0801adc1   0x00000003   PAD
    0x0801adc4   0x0801adc4   0x00000051   Data   RO         2942    .conststring        wireless_control.o
    0x0801ae15   0x0801ae15   0x00000003   PAD
    0x0801ae18   0x0801ae18   0x00000027   Data   RO         3153    .conststring        fatfs.o
    0x0801ae3f   0x0801ae3f   0x00000001   PAD
    0x0801ae40   0x0801ae40   0x000000c4   Data   RO         5638    .conststring        sd_diskio.o
    0x0801af04   0x0801af04   0x00000020   Data   RO         6096    Region$$Table       anon$$obj.o
    0x0801af24   0x0801af24   0x00000110   Data   RO         5871    locale$$data        c_w.l(lc_ctype_c.o)
    0x0801b034   0x0801b034   0x0000001c   Data   RO         5995    locale$$data        c_w.l(lc_numeric_c.o)


    Execution Region RW_IRAM1 (Exec base: 0x20000000, Load base: 0x0801b050, Size: 0x0000d460, Max: 0x00010000, ABSOLUTE, COMPRESSED[0x0000018c])

    Exec Addr    Load Addr    Size         Type   Attr      Idx    E Section Name        Object

    0x20000000   COMPRESSED   0x00000002   Data   RW          293    .data               usart.o
    0x20000002   COMPRESSED   0x00000002   PAD
    0x20000004   COMPRESSED   0x00000018   Data   RW          397    .data               app_bl.o
    0x2000001c   COMPRESSED   0x00000010   Data   RW          629    .data               banux.o
    0x2000002c   COMPRESSED   0x00000001   Data   RW          735    .data               banux_component.o
    0x2000002d   COMPRESSED   0x00000003   PAD
    0x20000030   COMPRESSED   0x00000004   Data   RW          799    .data               banux_debug.o
    0x20000034   COMPRESSED   0x0000000c   Data   RW          931    .data               vfs.o
    0x20000040   COMPRESSED   0x0000002c   Data   RW         1099    .data               drv_fs.o
    0x2000006c   COMPRESSED   0x00000028   Data   RW         1179    .data               drv_device.o
    0x20000094   COMPRESSED   0x0000002c   Data   RW         1284    .data               bg_shell.o
    0x200000c0   COMPRESSED   0x00000038   Data   RW         1823    .data               drv_sdio.o
    0x200000f8   COMPRESSED   0x00000001   Data   RW         1928    .data               internal_flash_diskio.o
    0x200000f9   COMPRESSED   0x00000003   PAD
    0x200000fc   COMPRESSED   0x0000000c   Data   RW         2011    .data               fs_sd.o
    0x20000108   COMPRESSED   0x00000010   Data   RW         2136    .data               drv_uart.o
    0x20000118   COMPRESSED   0x00000010   Data   RW         2137    .data               drv_uart.o
    0x20000128   COMPRESSED   0x00000070   Data   RW         2138    .data               drv_uart.o
    0x20000198   COMPRESSED   0x00000038   Data   RW         2212    .data               drv_eeprom.o
    0x200001d0   COMPRESSED   0x00000004   Data   RW         2213    .data               drv_eeprom.o
    0x200001d4   COMPRESSED   0x000001fc   Data   RW         2387    .data               drv_stepper.o
    0x200003d0   COMPRESSED   0x00000003   Data   RW         2569    .data               bg_event.o
    0x200003d3   COMPRESSED   0x00000001   PAD
    0x200003d4   COMPRESSED   0x00000008   Data   RW         2648    .data               command_parser.o
    0x200003dc   COMPRESSED   0x00000038   Data   RW         2735    .data               drv_timer1ms.o
    0x20000414   COMPRESSED   0x0000000a   Data   RW         3154    .data               fatfs.o
    0x2000041e   COMPRESSED   0x00000002   PAD
    0x20000420   COMPRESSED   0x0000000c   Data   RW         3249    .data               stm32f1xx_hal.o
    0x2000042c   COMPRESSED   0x00000004   Data   RW         5097    .data               system_stm32f1xx.o
    0x20000430   COMPRESSED   0x0000000c   Data   RW         5245    .data               ff.o
    0x2000043c   COMPRESSED   0x0000000c   Data   RW         5639    .data               sd_diskio.o
    0x20000448        -       0x00000084   Zero   RW          241    .bss                sdio.o
    0x200004cc        -       0x00002098   Zero   RW          292    .bss                usart.o
    0x20002564        -       0x00000248   Zero   RW          395    .bss                app_bl.o
    0x200027ac        -       0x00000080   Zero   RW          733    .bss                banux_component.o
    0x2000282c        -       0x00005880   Zero   RW          928    .bss                vfs.o
    0x200080ac        -       0x00000040   Zero   RW         1177    .bss                drv_device.o
    0x200080ec        -       0x00000a20   Zero   RW         1277    .bss                bg_shell.o
    0x20008b0c        -       0x000008cc   Zero   RW         1485    .bss                bg_shell_commands.o
    0x200093d8        -       0x00000230   Zero   RW         1819    .bss                drv_sdio.o
    0x20009608        -       0x00000800   Zero   RW         1926    .bss                internal_flash_diskio.o
    0x20009e08        -       0x000006f0   Zero   RW         2008    .bss                fs_sd.o
    0x2000a4f8        -       0x00000180   Zero   RW         2568    .bss                bg_event.o
    0x2000a678        -       0x00000240   Zero   RW         2639    .bss                command_parser.o
    0x2000a8b8        -       0x00000018   Zero   RW         2832    .bss                gcode.o
    0x2000a8d0        -       0x00000200   Zero   RW         3029    .bss                bsp_driver_sd.o
    0x2000aad0        -       0x00000230   Zero   RW         3149    .bss                fatfs.o
    0x2000ad00        -       0x00000230   Zero   RW         3151    .bss                fatfs.o
    0x2000af30        -       0x00000020   Zero   RW         3955    .bss                stm32f1xx_hal_flash.o
    0x2000af50        -       0x0000009a   Zero   RW         5243    .bss                ff.o
    0x2000afea   COMPRESSED   0x00000002   PAD
    0x2000afec        -       0x00000010   Zero   RW         5524    .bss                ff_gen_drv.o
    0x2000affc        -       0x00000200   Zero   RW         5636    .bss                sd_diskio.o
    0x2000b1fc        -       0x00000060   Zero   RW         5885    .bss                c_w.l(libspace.o)
    0x2000b25c   COMPRESSED   0x00000004   PAD
    0x2000b260        -       0x00000200   Zero   RW            2    HEAP                startup_stm32f103xe.o
    0x2000b460        -       0x00002000   Zero   RW            1    STACK               startup_stm32f103xe.o


==============================================================================

Image component sizes


      Code (inc. data)   RO Data    RW Data    ZI Data      Debug   Object Name

      1986        598         21         24        584      39847   app_bl.o
       300        116          0         16          0       9285   banux.o
       432        104         44          1        128       6509   banux_component.o
        60         10          0          4          0       2283   banux_debug.o
       378          8         80          0          0      11372   banux_io.o
        14          0          0          0          0        505   banux_scheduler.o
      2176       1244          0          3        384       6666   bg_event.o
      3728        788        522         44       2592      23767   bg_shell.o
      6776       3020       2288          0       2252      39187   bg_shell_commands.o
       410         32          0          0        512      31923   bsp_driver_sd.o
        92         12       1216          0          0       2019   ccsbcs.o
      1622        558        367          8        576      10783   command_parser.o
       160         22          0          0          0       3673   diskio.o
       328        228         77          0          0        674   driver_init.o
      1818       1266         53         40         64       4800   drv_device.o
      1478        228        427         60          0      18298   drv_eeprom.o
       476        302          0         44          0       7539   drv_fs.o
       208        116         96          0          0       1013   drv_init.o
      1012        432        523         56        560      13383   drv_sdio.o
      2234        362       1105        508          0      25632   drv_stepper.o
        90         12        116         56          0       3795   drv_timer1ms.o
       170         54        195        144          0       4123   drv_uart.o
         0          0         78          0          0        298   event_component_manifest.o
        72         20         63         10       1120       2002   fatfs.o
      8430        112        186         12        154      48239   ff.o
        70          4          0          0         16       1603   ff_gen_drv.o
      3048        970        150         12       1776      16457   fs_sd.o
      2228        368        411          0         24      15396   gcode.o
       128          8          0          0          0        955   gpio.o
       852         84         20          1       2048      11007   internal_flash_diskio.o
       272        168         78          0          0       1085   internal_flash_fs.o
       334        130         96          0          0     492944   main.o
       564         82        216         12        512       5916   sd_diskio.o
       192         24          0          0        132       1633   sdio.o
       168         26         74          0          0       6254   shell_io_uart.o
        64         26        304          0       8704        812   startup_stm32f103xe.o
       164         28          0         12          0       6529   stm32f1xx_hal.o
       232         14          0          0          0      29617   stm32f1xx_hal_cortex.o
       374          8          0          0          0       1839   stm32f1xx_hal_dma.o
       392         46          0          0         32       4746   stm32f1xx_hal_flash.o
       240         26          0          0          0       3253   stm32f1xx_hal_flash_ex.o
       524         42          0          0          0       3535   stm32f1xx_hal_gpio.o
        60          8          0          0          0        878   stm32f1xx_hal_msp.o
      1240         84         18          0          0       5124   stm32f1xx_hal_rcc.o
      2148         28          0          0          0      10951   stm32f1xx_hal_sd.o
      1552         10          0          0          0      10463   stm32f1xx_hal_uart.o
        44         12          0          0          0       4762   stm32f1xx_it.o
      1570         48          0          0          0      21288   stm32f1xx_ll_sdmmc.o
         0          0          0          0          0        524   syscall.o
         2          0         24          4          0       1119   system_stm32f1xx.o
         0          0         80          0          0        329   upgrade_component_manifest.o
       668         98          0          2       8344       6348   usart.o
      1924         96         52         12      22656      18576   vfs.o
      1576        890       2860          0          0      10624   wireless_control.o

    ----------------------------------------------------------------------
     55144      12972      11960       1096      53172    1012182   Object Totals
         0          0         32          0          0          0   (incl. Generated)
        64          0         88         11          2          0   (incl. Padding)

    ----------------------------------------------------------------------

      Code (inc. data)   RO Data    RW Data    ZI Data      Debug   Library Member Name

        60          8          0          0          0         84   __0sscanf.o
        56          6          0          0          0         88   __2snprintf.o
        90          0          0          0          0          0   __dczerorl2.o
         8          0          0          0          0         68   __main.o
       392          4         17          0          0         92   __printf_flags_ss_wp.o
        14          0          0          0          0         68   __printf_wp.o
         0          0          0          0          0          0   __rtentry.o
        12          0          0          0          0          0   __rtentry2.o
         6          0          0          0          0          0   __rtentry4.o
        52          8          0          0          0          0   __scatter.o
        28          0          0          0          0          0   __scatter_zi.o
        28          0          0          0          0         68   _chval.o
         6          0          0          0          0          0   _printf_a.o
         6          0          0          0          0          0   _printf_c.o
        44          0          0          0          0        108   _printf_char.o
        48          6          0          0          0         96   _printf_char_common.o
        40          0          0          0          0         68   _printf_charcount.o
         6          0          0          0          0          0   _printf_d.o
       120         16          0          0          0         92   _printf_dec.o
         6          0          0          0          0          0   _printf_e.o
         6          0          0          0          0          0   _printf_f.o
      1054          0          0          0          0        216   _printf_fp_dec.o
       764          8         38          0          0        100   _printf_fp_hex.o
       128         16          0          0          0         84   _printf_fp_infnan.o
         6          0          0          0          0          0   _printf_g.o
       148          4         40          0          0        160   _printf_hex_int_ll_ptr.o
         6          0          0          0          0          0   _printf_i.o
       178          0          0          0          0         88   _printf_intcommon.o
        10          0          0          0          0          0   _printf_l.o
         6          0          0          0          0          0   _printf_lc.o
        10          0          0          0          0          0   _printf_ll.o
         6          0          0          0          0          0   _printf_lld.o
         6          0          0          0          0          0   _printf_lli.o
         6          0          0          0          0          0   _printf_llo.o
         6          0          0          0          0          0   _printf_llu.o
         6          0          0          0          0          0   _printf_llx.o
       124         16          0          0          0         92   _printf_longlong_dec.o
         6          0          0          0          0          0   _printf_ls.o
         6          0          0          0          0          0   _printf_n.o
         6          0          0          0          0          0   _printf_o.o
       112         10          0          0          0        124   _printf_oct_int_ll.o
         6          0          0          0          0          0   _printf_p.o
        78          0          0          0          0        108   _printf_pad.o
         0          0          0          0          0          0   _printf_percent.o
         4          0          0          0          0          0   _printf_percent_end.o
         6          0          0          0          0          0   _printf_s.o
        82          0          0          0          0         80   _printf_str.o
        36          0          0          0          0         84   _printf_truncate.o
         6          0          0          0          0          0   _printf_u.o
        44          0          0          0          0        108   _printf_wchar.o
       188          6          8          0          0         92   _printf_wctomb.o
         6          0          0          0          0          0   _printf_x.o
       884          4          0          0          0        100   _scanf.o
       332          0          0          0          0         96   _scanf_int.o
        64          0          0          0          0         84   _sgetc.o
        16          0          0          0          0         68   _snputc.o
        10          0          0          0          0         68   _sputc.o
       158          0          0          0          0         92   _strtoul.o
        64          0          0          0          0         92   _wcrtomb.o
        16          0          0          0          0         68   aeabi_memset.o
        26          0          0          0          0         80   atoi.o
       228          4        148          0          0         96   bigflt0.o
      1936        128          0          0          0        672   btod.o
        18          0          0          0          0         80   exit.o
         6          0          0          0          0        152   heapauxi.o
         0          0          0          0          0          0   indicate_semi.o
        18          0          0          0          0         76   isspace.o
        44         10        272          0          0         76   lc_ctype_c.o
        44         10         28          0          0         76   lc_numeric_c.o
         2          0          0          0          0          0   libinit.o
        30          0          0          0          0          0   libinit2.o
         2          0          0          0          0          0   libshutdown.o
         2          0          0          0          0          0   libshutdown2.o
         8          4          0          0         96         68   libspace.o
        72          0          0          0          0         76   llsdiv.o
       138          0          0          0          0         80   lludiv10.o
       238          0          0          0          0        100   lludivv7m.o
        38          0          0          0          0         68   llushr.o
        88          0          0          0          0         76   memcmp.o
        16          4          0          0          0         76   rt_ctype_table.o
         8          4          0          0          0         68   rt_errno_addr_intlibspace.o
         8          4          0          0          0         68   rt_locale_intlibspace.o
        68          0          0          0          0         68   rt_memclr.o
        78          0          0          0          0         80   rt_memclr_w.o
       138          0          0          0          0         68   rt_memcpy_v6.o
       100          0          0          0          0         80   rt_memcpy_w.o
       132          0          0          0          0         68   rt_memmove_v6.o
       122          0          0          0          0         80   rt_memmove_w.o
         2          0          0          0          0          0   rtexit.o
        10          0          0          0          0          0   rtexit2.o
        44          8          0          0          0         84   scanf_char.o
        24          0          0          0          0         68   strcat.o
        20          0          0          0          0         68   strchr.o
       128          0          0          0          0         68   strcmpv7m.o
        62          0          0          0          0         76   strlen.o
       150          0          0          0          0         80   strncmp.o
        86          0          0          0          0         76   strncpy.o
        22          0          0          0          0         68   strrchr.o
       112          0          0          0          0         88   strtol.o
       114          0          0          0          0         92   strtoul.o
        12          4          0          0          0         68   sys_exit.o
        74          0          0          0          0         80   sys_stackheap_outer.o
        30          0          0          0          0         76   toupper.o
         2          0          0          0          0         68   use_no_semi.o
        52          4          0          0          0         80   vsnprintf.o
         4          0          0          0          0         68   printf1.o
         4          0          0          0          0         68   printf2.o
         0          0          0          0          0          0   usenofp.o
        40          0          0          0          0         68   fpclassify.o

    ----------------------------------------------------------------------
     10244        296        556          0        100       6612   Library Totals
        22          0          5          0          4          0   (incl. Padding)

    ----------------------------------------------------------------------

      Code (inc. data)   RO Data    RW Data    ZI Data      Debug   Library Name

     10174        296        551          0         96       6408   c_w.l
         8          0          0          0          0        136   fz_ws.l
        40          0          0          0          0         68   m_ws.l

    ----------------------------------------------------------------------
     10244        296        556          0        100       6612   Library Totals

    ----------------------------------------------------------------------

==============================================================================


      Code (inc. data)   RO Data    RW Data    ZI Data      Debug   

     65388      13268      12516       1096      53272     989462   Grand Totals
     65388      13268      12516        396      53272     989462   ELF Image Totals (compressed)
     65388      13268      12516        396          0          0   ROM Totals

==============================================================================

    Total RO  Size (Code + RO Data)                77904 (  76.08kB)
    Total RW  Size (RW Data + ZI Data)             54368 (  53.09kB)
    Total ROM Size (Code + RO Data + RW Data)      78300 (  76.46kB)

==============================================================================

