
=================================================== keil-build-viewer v1.6 ==================================================
 
[Search keil project] 1 item(s)
	D:\资料\ender3_v2_pcb_tool\app\MDK-ARM\ender3 v2.uvprojx

[User input] 
[Current folder] D:\资料\ender3_v2_pcb_tool\app\MDK-ARM
[Encoding] 936
[Keil project path] D:\资料\ender3_v2_pcb_tool\app\MDK-ARM\ender3 v2.uvprojx
[Keil project name] ender3 v2.uvprojx
[Is keil v4] 0
[target name] ender3 v2
[final target name] ender3 v2

[Device] STM32F103RE
[Target name] 
[Output name] ender3 v2
[Output path] ender3 v2\
[Listing path] .\
[Is has pack] 1
[Is enbale LTO] 0
[Is has user library] 0
[Is custom scatter file] 0

[ender3 v2.uvprojx]  [ender3 v2]  [STM32F103RE]  [LTO disable]
 
[memory info]
[name] IRAM [base addr] 0x20000000 [size] 0x00010000 [type] 1 [off-chip] 0 [is pack] 1 [ID] 2 
[name] IROM [base addr] 0x08008000 [size] 0x00070000 [type] 2 [off-chip] 0 [is pack] 1 [ID] 3 

Note: source file '../Banux/02_system_components/event/component_manifest.c' - object file renamed from 'ender3 v2\event_component_manifest.o' to 'ender3 v2\event_component_manifest.o'.
'event_component_manifest.c' rename to 'event_component_manifest.o'
Note: source file '../Banux/03_application_components/firmware_upgrade/component_manifest.c' - object file renamed from 'ender3 v2\upgrade_component_manifest.o' to 'ender3 v2\upgrade_component_manifest.o'.
'upgrade_component_manifest.c' rename to 'upgrade_component_manifest.o'

[map file path] D:\资料\ender3_v2_pcb_tool\app\MDK-ARM\ender3 v2.map

[region info]
[load region] LR_IROM1
	[execution region] ER_IROM1, 0x08008000, 0x00070000, 0x0000E738 [memory type] 2 [memory ID] 3

	[execution region] RW_IRAM1, 0x20000000, 0x00010000, 0x00009230 [memory type] 1 [memory ID] 2
		[ZI block] addr: 0x200003F4, size: 0x00008E3C (36412)


[object name max length] 28
[object path max length] 72

[object in map file]
[object name] app_bl.o                      [path] ../Core/Src/app_bl.c
[object name] banux.o                       [path] ../Banux/00_core/Banux.c
[object name] banux_component.o             [path] ../Banux/00_core/banux_component.c
[object name] banux_debug.o                 [path] ../Banux/00_core/banux_debug.c
[object name] banux_io.o                    [path] ../Banux/02_system_components/file_io/banux_io.c
[object name] banux_scheduler.o             [path] ../Banux/00_core/banux_scheduler.c
[object name] bg_event.o                    [path] ../Banux/02_system_components/event/bg_event.c
[object name] bg_shell.o                    [path] ../Banux/02_system_components/command_line/bg_shell.c
[object name] bg_shell_commands.o           [path] ../Banux/02_system_components/command_line/bg_shell_commands.c
[object name] bsp_driver_sd.o               [path] ../Banux/02_system_components/fatfs/target/bsp_driver_sd.c
[object name] command_parser.o              [path] ../Banux/02_system_components/command_parser/command_parser.c
[object name] diskio.o                      [path] ../Banux/02_system_components/fatfs/src/diskio.c
[object name] driver_init.o                 [path] ../Banux/01_driver/driver_init.c
[object name] drv_device.o                  [path] ../Banux/02_system_components/driver_framework/core/drv_device.c
[object name] drv_eeprom.o                  [path] ../Banux/01_driver/eeprom/drv_eeprom.c
[object name] drv_fs.o                      [path] ../Banux/02_system_components/driver_framework/core/drv_fs.c
[object name] drv_init.o                    [path] ../Banux/02_system_components/driver_framework/drv_init.c
[object name] drv_sdio.o                    [path] ../Banux/01_driver/sd/drv_sdio.c
[object name] drv_stepper.o                 [path] ../Banux/01_driver/stepper/drv_stepper.c
[object name] drv_timer1ms.o                [path] ../Banux/01_driver/timer/drv_timer1ms.c
[object name] drv_uart.o                    [path] ../Banux/01_driver/uart/drv_uart.c
[object name] event_component_manifest.o    [path] ../Banux/02_system_components/event/component_manifest.c
[object name] fatfs.o                       [path] ../Banux/02_system_components/fatfs/app/fatfs.c
[object name] ff.o                          [path] ../Banux/02_system_components/fatfs/src/ff.c
[object name] ff_gen_drv.o                  [path] ../Banux/02_system_components/fatfs/src/ff_gen_drv.c
[object name] fs_sd.o                       [path] ../Banux/01_driver/sd/fs_sd.c
[object name] gpio.o                        [path] ../Core/Src/gpio.c
[object name] main.o                        [path] ../Core/Src/main.c
[object name] sd_diskio.o                   [path] ../Banux/02_system_components/fatfs/src/drivers/sd_diskio.c
[object name] sdio.o                        [path] ../Core/Src/sdio.c
[object name] shell_io_uart.o               [path] ../Banux/02_system_components/command_line/shell_io_uart.c
[object name] startup_stm32f103xe.o         [path] startup_stm32f103xe.s
[object name] stm32f1xx_hal.o               [path] ../Drivers/STM32F1xx_HAL_Driver/Src/stm32f1xx_hal.c
[object name] stm32f1xx_hal_cortex.o        [path] ../Drivers/STM32F1xx_HAL_Driver/Src/stm32f1xx_hal_cortex.c
[object name] stm32f1xx_hal_dma.o           [path] ../Drivers/STM32F1xx_HAL_Driver/Src/stm32f1xx_hal_dma.c
[object name] stm32f1xx_hal_flash.o         [path] ../Drivers/STM32F1xx_HAL_Driver/Src/stm32f1xx_hal_flash.c
[object name] stm32f1xx_hal_flash_ex.o      [path] ../Drivers/STM32F1xx_HAL_Driver/Src/stm32f1xx_hal_flash_ex.c
[object name] stm32f1xx_hal_gpio.o          [path] ../Drivers/STM32F1xx_HAL_Driver/Src/stm32f1xx_hal_gpio.c
[object name] stm32f1xx_hal_msp.o           [path] ../Core/Src/stm32f1xx_hal_msp.c
[object name] stm32f1xx_hal_rcc.o           [path] ../Drivers/STM32F1xx_HAL_Driver/Src/stm32f1xx_hal_rcc.c
[object name] stm32f1xx_hal_sd.o            [path] ../Drivers/STM32F1xx_HAL_Driver/Src/stm32f1xx_hal_sd.c
[object name] stm32f1xx_hal_uart.o          [path] ../Drivers/STM32F1xx_HAL_Driver/Src/stm32f1xx_hal_uart.c
[object name] stm32f1xx_it.o                [path] ../Core/Src/stm32f1xx_it.c
[object name] stm32f1xx_ll_sdmmc.o          [path] ../Drivers/STM32F1xx_HAL_Driver/Src/stm32f1xx_ll_sdmmc.c
[object name] system_stm32f1xx.o            [path] ../Core/Src/system_stm32f1xx.c
[object name] upgrade_component_manifest.o  [path] ../Banux/03_application_components/firmware_upgrade/component_manifest.c
[object name] usart.o                       [path] ../Core/Src/usart.c
[object name] vfs.o                         [path] ../Banux/02_system_components/driver_framework/vfs/vfs.c

[file path in keil project]
[old name] startup_stm32f103xe.s         [type] 1   [path] startup_stm32f103xe.s
[old name] main.c                        [type] 1   [path] ../Core/Src/main.c
[old name] gpio.c                        [type] 1   [path] ../Core/Src/gpio.c
[old name] sdio.c                        [type] 1   [path] ../Core/Src/sdio.c
[old name] usart.c                       [type] 1   [path] ../Core/Src/usart.c
[old name] app_bl.c                      [type] 1   [path] ../Core/Src/app_bl.c
[old name] stm32f1xx_it.c                [type] 1   [path] ../Core/Src/stm32f1xx_it.c
[old name] stm32f1xx_hal_msp.c           [type] 1   [path] ../Core/Src/stm32f1xx_hal_msp.c
[old name] Banux.c                       [type] 1   [path] ../Banux/00_core/Banux.c
[old name] banux_component.c             [type] 1   [path] ../Banux/00_core/banux_component.c
[old name] banux_scheduler.c             [type] 1   [path] ../Banux/00_core/banux_scheduler.c
[old name] banux_debug.c                 [type] 1   [path] ../Banux/00_core/banux_debug.c
[old name] banux_io.c                    [type] 1   [path] ../Banux/02_system_components/file_io/banux_io.c
[old name] vfs.c                         [type] 1   [path] ../Banux/02_system_components/driver_framework/vfs/vfs.c
[old name] drv_init.c                    [type] 1   [path] ../Banux/02_system_components/driver_framework/drv_init.c
[old name] drv_fs.c                      [type] 1   [path] ../Banux/02_system_components/driver_framework/core/drv_fs.c
[old name] drv_device.c                  [type] 1   [path] ../Banux/02_system_components/driver_framework/core/drv_device.c
[old name] bg_shell.c                    [type] 1   [path] ../Banux/02_system_components/command_line/bg_shell.c
[old name] bg_shell_commands.c           [type] 1   [path] ../Banux/02_system_components/command_line/bg_shell_commands.c
[old name] shell_io_uart.c               [type] 1   [path] ../Banux/02_system_components/command_line/shell_io_uart.c
[old name] drv_sdio.c                    [type] 1   [path] ../Banux/01_driver/sd/drv_sdio.c
[old name] fs_sd.c                       [type] 1   [path] ../Banux/01_driver/sd/fs_sd.c
[old name] drv_uart.c                    [type] 1   [path] ../Banux/01_driver/uart/drv_uart.c
[old name] drv_eeprom.c                  [type] 1   [path] ../Banux/01_driver/eeprom/drv_eeprom.c
[old name] drv_stepper.c                 [type] 1   [path] ../Banux/01_driver/stepper/drv_stepper.c
[old name] event_component_manifest.c    [type] 1   [path] ../Banux/02_system_components/event/component_manifest.c
[old name] bg_event.c                    [type] 1   [path] ../Banux/02_system_components/event/bg_event.c
[old name] upgrade_component_manifest.c  [type] 1   [path] ../Banux/03_application_components/firmware_upgrade/component_manifest.c
[old name] command_parser.c              [type] 1   [path] ../Banux/02_system_components/command_parser/command_parser.c
[old name] drv_timer1ms.c                [type] 1   [path] ../Banux/01_driver/timer/drv_timer1ms.c
[old name] driver_init.c                 [type] 1   [path] ../Banux/01_driver/driver_init.c
[old name] bsp_driver_sd.c               [type] 1   [path] ../Banux/02_system_components/fatfs/target/bsp_driver_sd.c
[old name] fatfs.c                       [type] 1   [path] ../Banux/02_system_components/fatfs/app/fatfs.c
[old name] stm32f1xx_hal_gpio_ex.c       [type] 1   [path] ../Drivers/STM32F1xx_HAL_Driver/Src/stm32f1xx_hal_gpio_ex.c
[old name] stm32f1xx_hal.c               [type] 1   [path] ../Drivers/STM32F1xx_HAL_Driver/Src/stm32f1xx_hal.c
[old name] stm32f1xx_hal_rcc.c           [type] 1   [path] ../Drivers/STM32F1xx_HAL_Driver/Src/stm32f1xx_hal_rcc.c
[old name] stm32f1xx_hal_rcc_ex.c        [type] 1   [path] ../Drivers/STM32F1xx_HAL_Driver/Src/stm32f1xx_hal_rcc_ex.c
[old name] stm32f1xx_hal_gpio.c          [type] 1   [path] ../Drivers/STM32F1xx_HAL_Driver/Src/stm32f1xx_hal_gpio.c
[old name] stm32f1xx_hal_dma.c           [type] 1   [path] ../Drivers/STM32F1xx_HAL_Driver/Src/stm32f1xx_hal_dma.c
[old name] stm32f1xx_hal_cortex.c        [type] 1   [path] ../Drivers/STM32F1xx_HAL_Driver/Src/stm32f1xx_hal_cortex.c
[old name] stm32f1xx_hal_pwr.c           [type] 1   [path] ../Drivers/STM32F1xx_HAL_Driver/Src/stm32f1xx_hal_pwr.c
[old name] stm32f1xx_hal_flash.c         [type] 1   [path] ../Drivers/STM32F1xx_HAL_Driver/Src/stm32f1xx_hal_flash.c
[old name] stm32f1xx_hal_flash_ex.c      [type] 1   [path] ../Drivers/STM32F1xx_HAL_Driver/Src/stm32f1xx_hal_flash_ex.c
[old name] stm32f1xx_hal_exti.c          [type] 1   [path] ../Drivers/STM32F1xx_HAL_Driver/Src/stm32f1xx_hal_exti.c
[old name] stm32f1xx_ll_sdmmc.c          [type] 1   [path] ../Drivers/STM32F1xx_HAL_Driver/Src/stm32f1xx_ll_sdmmc.c
[old name] stm32f1xx_hal_sd.c            [type] 1   [path] ../Drivers/STM32F1xx_HAL_Driver/Src/stm32f1xx_hal_sd.c
[old name] stm32f1xx_hal_mmc.c           [type] 1   [path] ../Drivers/STM32F1xx_HAL_Driver/Src/stm32f1xx_hal_mmc.c
[old name] stm32f1xx_hal_uart.c          [type] 1   [path] ../Drivers/STM32F1xx_HAL_Driver/Src/stm32f1xx_hal_uart.c
[old name] system_stm32f1xx.c            [type] 1   [path] ../Core/Src/system_stm32f1xx.c
[old name] diskio.c                      [type] 1   [path] ../Banux/02_system_components/fatfs/src/diskio.c
[old name] ff.c                          [type] 1   [path] ../Banux/02_system_components/fatfs/src/ff.c
[old name] ff_gen_drv.c                  [type] 1   [path] ../Banux/02_system_components/fatfs/src/ff_gen_drv.c
[old name] syscall.c                     [type] 1   [path] ../Banux/02_system_components/fatfs/src/option/syscall.c
[old name] sd_diskio.c                   [type] 1   [path] ../Banux/02_system_components/fatfs/src/drivers/sd_diskio.c

[record region info]
[load region] LR_IROM1
	[execution region] ER_IROM1, 0x08008000, 0x00070000, 0x0000E7C0 [type] 2 [ID] 3
	[execution region] RW_IRAM1, 0x20000000, 0x00010000, 0x00009230 [type] 1 [ID] 2
------------------------------------------------------------------------------------------------------------------------------------
                                   FILE(s)                                   |         RAM (byte)       |       FLASH (byte)       |
------------------------------------------------------------------------------------------------------------------------------------
../Core/Src/app_bl.c():                                                      |         608              |        2031              |
../Banux/00_core/Banux.c():                                                  |          16              |         300              |
../Banux/00_core/banux_component.c():                                        |         129              |         313  [-12]       |
../Banux/00_core/banux_debug.c():                                            |           4              |          64              |
../Banux/02_system_components/file_io/banux_io.c():                          |           0              |         384              |
../Banux/00_core/banux_scheduler.c():                                        |           0              |          14              |
../Banux/02_system_components/event/bg_event.c():                            |         259              |          39              |
../Banux/02_system_components/command_line/bg_shell.c():                     |        2636              |        4286              |
../Banux/02_system_components/command_line/bg_shell_commands.c():            |        2252              |        7162              |
../Banux/02_system_components/fatfs/target/bsp_driver_sd.c():                |           0              |         242              |
../Banux/02_system_components/command_parser/command_parser.c():             |         584              |        1983              |
../Banux/02_system_components/fatfs/src/diskio.c():                          |           0              |         148              |
../Banux/01_driver/driver_init.c():                                          |           0              |         405              |
../Banux/02_system_components/driver_framework/core/drv_device.c():          |         104              |        1911              |
../Banux/01_driver/eeprom/drv_eeprom.c():                                    |          60              |        1965              |
../Banux/02_system_components/driver_framework/core/drv_fs.c():              |          44              |         520              |
../Banux/02_system_components/driver_framework/drv_init.c():                 |           0              |         296              |
../Banux/01_driver/sd/drv_sdio.c():                                          |         616              |        1465              |
../Banux/01_driver/stepper/drv_stepper.c():                                  |         452              |        3211              |
../Banux/01_driver/timer/drv_timer1ms.c():                                   |          56              |         262              |
../Banux/01_driver/uart/drv_uart.c():                                        |         144              |         509              |
../Banux/02_system_components/event/component_manifest.c():                  |           0              |          62              |
../Banux/02_system_components/fatfs/app/fatfs.c():                           |         565              |         116              |
../Banux/02_system_components/fatfs/src/ff.c():                              |          32              |        7218              |
../Banux/02_system_components/fatfs/src/ff_gen_drv.c():                      |          12              |          70              |
../Banux/01_driver/sd/fs_sd.c():                                             |        1128              |        1504              |
../Core/Src/gpio.c():                                                        |           0              |         128              |
../Core/Src/main.c():                                                        |           0              |         430              |
../Banux/02_system_components/fatfs/src/drivers/sd_diskio.c():               |           1              |         277              |
../Core/Src/sdio.c():                                                        |         132              |         252              |
../Banux/02_system_components/command_line/shell_io_uart.c():                |           0              |         242              |
startup_stm32f103xe.s():                                                     |        4608              |         368              |
../Drivers/STM32F1xx_HAL_Driver/Src/stm32f1xx_hal.c():                       |          12              |         176              |
../Drivers/STM32F1xx_HAL_Driver/Src/stm32f1xx_hal_cortex.c():                |           0              |         198              |
../Drivers/STM32F1xx_HAL_Driver/Src/stm32f1xx_hal_dma.c():                   |           0              |         374              |
../Drivers/STM32F1xx_HAL_Driver/Src/stm32f1xx_hal_flash.c():                 |          32              |         392              |
../Drivers/STM32F1xx_HAL_Driver/Src/stm32f1xx_hal_flash_ex.c():              |           0              |         240              |
../Drivers/STM32F1xx_HAL_Driver/Src/stm32f1xx_hal_gpio.c():                  |           0              |         840              |
../Core/Src/stm32f1xx_hal_msp.c():                                           |           0              |          60              |
../Drivers/STM32F1xx_HAL_Driver/Src/stm32f1xx_hal_rcc.c():                   |           0              |        1258              |
../Drivers/STM32F1xx_HAL_Driver/Src/stm32f1xx_hal_sd.c():                    |           0              |        2066              |
../Drivers/STM32F1xx_HAL_Driver/Src/stm32f1xx_hal_uart.c():                  |           0              |        1556              |
../Core/Src/stm32f1xx_it.c():                                                |           0              |          44              |
../Drivers/STM32F1xx_HAL_Driver/Src/stm32f1xx_ll_sdmmc.c():                  |           0              |        1578              |
../Core/Src/system_stm32f1xx.c():                                            |           4              |          30              |
../Banux/03_application_components/firmware_upgrade/component_manifest.c():  |           0              |          72              |
../Core/Src/usart.c():                                                       |        2202              |         809              |
../Banux/02_system_components/driver_framework/vfs/vfs.c():                  |       20620              |        1950              |
------------------------------------------------------------------------------------------------------------------------------------
[memory print mode]: 0
LR_IROM1
        RAM 1             [0x20000000 | 0x00010000 (65536)]
                [zi start] 1   [zi end] 28
                RW_IRAM1  [0x20000000]|■□□□□□□□□□□□□□□□□□□□□□□□□□□□______________________| (  36.5 KB /  64.0 KB )  57.1%  
 
        FLASH 1           [0x08008000 | 0x00070000 (458752)]
                ER_IROM1  [0x08008000]|■■■■■■____________________________________________| (  57.8 KB / 448.0 KB )  12.9%  [-136]
 
[htm file path] D:\资料\ender3_v2_pcb_tool\app\MDK-ARM\ender3 v2\ender3 v2.htm
Maximum Stack Usage =       1376 bytes + Unknown(Functions without stacksize, Cycles, Untraceable Function Pointers)
 
=============================================================================================================================

run time: 0.177 s
